<html>
<body>
<pre>
<h1>µVision Build Log</h1>
<h2>Tool Versions:</h2>
IDE-Version: µVision V5.27.1.0
Copyright (C) 2019 ARM Ltd and ARM Germany GmbH. All rights reserved.
License Information: mondher ben romdhane, sst, LIC=X1EQD-8YAF7-8W82D-8SF1C-4PU1E-WHZHZ
 
Tool Versions:
Toolchain:       MDK-ARM Professional  Version: 5.27.1.0
Toolchain Path:  C:\Keil_v5\ARM\ARMCC\Bin
C Compiler:      Armcc.exe V5.06 update 6 (build 750)
Assembler:       Armasm.exe V5.06 update 6 (build 750)
Linker/Locator:  ArmLink.exe V5.06 update 6 (build 750)
Library Manager: ArmAr.exe V5.06 update 6 (build 750)
Hex Converter:   FromElf.exe V5.06 update 6 (build 750)
CPU DLL:         SARMCM3.DLL V5.27.1.0
Dialog DLL:      DCM.DLL V1.17.2.0
Target DLL:      STLink\ST-LINKIII-KEIL_SWO.dll V3.0.6.0
Dialog DLL:      TCM.DLL V1.36.1.0
 
<h2>Project:</h2>
C:\Users\ASUS\Desktop\Dev_TOOLS\WorksPaceBalancer\GeneratedCodeONETASKATTEMPT\MDK-ARM\StepperTest.uvprojx
Project File Date:  10/02/2019

<h2>Output:</h2>
*** Using Compiler 'V5.06 update 6 (build 750)', folder: 'C:\Keil_v5\ARM\ARMCC\Bin'
Build target 'StepperTest'
compiling InitMain.c...
..\Src\Initializers\InitMain.c(302): warning:  #1035-D: single-precision operand implicitly converted to double-precision
          Angle = ALPHA*((Xval/*+X_AXIS_CALIB*/) * 0.00001 + Angle)+(1-ALPHA)*yaw;
..\Src\Initializers\InitMain.c(231): warning:  #177-D: variable "buffer"  was declared but never referenced
      int16_t buffer[3] = {0};
..\Src\Initializers\InitMain.c(235): warning:  #177-D: variable "b_GyroInit"  was declared but never referenced
      bool b_GyroInit = true;
..\Src\Initializers\InitMain.c(238): warning:  #177-D: variable "samplingCounter"  was declared but never referenced
      uint8_t samplingCounter = 0;
..\Src\Initializers\InitMain.c: 4 warnings, 0 errors
compiling LLdrivers.c...
..\Src\LLdrivers.c(353): warning:  #1035-D: single-precision operand implicitly converted to double-precision
          if (arg_CMD_Angle < BALANCE_RANGE )
..\Src\LLdrivers.c(460): warning:  #1035-D: single-precision operand implicitly converted to double-precision
      while ((ABS(CalibYaw)-ABS(calibAngle)>0.5)||(idx<20))
..\Src\LLdrivers.c(468): warning:  #1035-D: single-precision operand implicitly converted to double-precision
          calibAngle = ALPHA_CALIB*((Buffer[0]) * 0.0001 + calibAngle)+(1-ALPHA_CALIB)*CalibYaw;
..\Src\LLdrivers.c: 3 warnings, 0 errors
compiling main.c...
linking...
Program Size: Code=35564 RO-data=936 RW-data=684 ZI-data=9900  
FromELF: creating hex file...
"StepperTest\StepperTest.axf" - 0 Error(s), 7 Warning(s).

<h2>Software Packages used:</h2>

Package Vendor: ARM
                http://www.keil.com/pack/ARM.CMSIS.5.5.1.pack
                ARM.CMSIS.5.5.1
                CMSIS (Cortex Microcontroller Software Interface Standard)
   * Component: CORE Version: 5.2.0

Package Vendor: Keil
                http://www.keil.com/pack/Keil.ARM_Compiler.1.6.1.pack
                Keil.ARM_Compiler.1.6.1
                Keil ARM Compiler extensions for ARM Compiler 5 and ARM Compiler 6
   * Component: STDERR Variant: ITM Version: 1.2.0
   * Component: STDIN Variant: ITM Version: 1.2.0
   * Component: STDOUT Variant: ITM Version: 1.2.0

Package Vendor: Keil
                http://www.keil.com/pack/Keil.STM32F3xx_DFP.2.1.0.pack
                Keil.STM32F3xx_DFP.2.1.0
                STMicroelectronics STM32F3 Series Device Support and Examples

<h2>Collection of Component include folders:</h2>
  .\RTE\_StepperTest
  C:\Users\ASUS\AppData\Local\Arm\Packs\ARM\CMSIS\5.5.1\CMSIS\Core\Include
  C:\Users\ASUS\AppData\Local\Arm\Packs\Keil\STM32F3xx_DFP\2.1.0\Drivers\CMSIS\Device\ST\STM32F3xx\Include

<h2>Collection of Component Files used:</h2>

   * Component: ARM::CMSIS:CORE:5.2.0

   * Component: Keil.ARM Compiler::Compiler:I/O:STDERR:ITM:1.2.0
      Source file:   Source\retarget_io.c

   * Component: Keil.ARM Compiler::Compiler:I/O:STDIN:ITM:1.2.0
      Source file:   Source\retarget_io.c

   * Component: Keil.ARM Compiler::Compiler:I/O:STDOUT:ITM:1.2.0
      Source file:   Source\retarget_io.c
Build Time Elapsed:  00:00:07
</pre>
</body>
</html>
