Component: ARM Compiler 5.06 update 6 (build 750) Tool: armlink [4d35ed]

==============================================================================

Section Cross References

    startup_stm32f303xc.o(RESET) refers to startup_stm32f303xc.o(STACK) for __initial_sp
    startup_stm32f303xc.o(RESET) refers to startup_stm32f303xc.o(.text) for Reset_Handler
    startup_stm32f303xc.o(RESET) refers to stm32f3xx_it.o(i.NMI_Handler) for NMI_Handler
    startup_stm32f303xc.o(RESET) refers to stm32f3xx_it.o(i.HardFault_Handler) for HardFault_Handler
    startup_stm32f303xc.o(RESET) refers to stm32f3xx_it.o(i.MemManage_Handler) for MemManage_Handler
    startup_stm32f303xc.o(RESET) refers to stm32f3xx_it.o(i.BusFault_Handler) for BusFault_Handler
    startup_stm32f303xc.o(RESET) refers to stm32f3xx_it.o(i.UsageFault_Handler) for UsageFault_Handler
    startup_stm32f303xc.o(RESET) refers to port.o(.emb_text) for SVC_Handler
    startup_stm32f303xc.o(RESET) refers to stm32f3xx_it.o(i.DebugMon_Handler) for DebugMon_Handler
    startup_stm32f303xc.o(RESET) refers to stm32f3xx_it.o(i.SysTick_Handler) for SysTick_Handler
    startup_stm32f303xc.o(RESET) refers to stm32f3xx_it.o(i.USB_LP_CAN_RX0_IRQHandler) for USB_LP_CAN_RX0_IRQHandler
    startup_stm32f303xc.o(RESET) refers to stm32f3xx_it.o(i.TIM2_IRQHandler) for TIM2_IRQHandler
    startup_stm32f303xc.o(RESET) refers to initmain.o(i.USART1_IRQHandler) for USART1_IRQHandler
    startup_stm32f303xc.o(RESET) refers to stm32f3xx_it.o(i.USART2_IRQHandler) for USART2_IRQHandler
    startup_stm32f303xc.o(RESET) refers to initmain.o(i.USART3_IRQHandler) for USART3_IRQHandler
    startup_stm32f303xc.o(.text) refers to system_stm32f3xx.o(i.SystemInit) for SystemInit
    startup_stm32f303xc.o(.text) refers to entry.o(.ARM.Collect$$$$00000000) for __main
    initmain.o(i.AngleCalcTask) refers to stm32f3_discovery_accelerometer.o(i.BSP_ACCELERO_Init) for BSP_ACCELERO_Init
    initmain.o(i.AngleCalcTask) refers to stm32f3_discovery_gyroscope.o(i.BSP_GYRO_Init) for BSP_GYRO_Init
    initmain.o(i.AngleCalcTask) refers to lldrivers.o(i.init_PWMTimers) for init_PWMTimers
    initmain.o(i.AngleCalcTask) refers to lldrivers.o(i.calibrateIMU) for calibrateIMU
    initmain.o(i.AngleCalcTask) refers to cmsis_os.o(i.osDelay) for osDelay
    initmain.o(i.AngleCalcTask) refers to lldrivers.o(i.GanttDebug) for GanttDebug
    initmain.o(i.AngleCalcTask) refers to lldrivers.o(i.getAccelAngle) for getAccelAngle
    initmain.o(i.AngleCalcTask) refers to stm32f3_discovery_gyroscope.o(i.BSP_GYRO_GetXYZ) for BSP_GYRO_GetXYZ
    initmain.o(i.AngleCalcTask) refers to lldrivers.o(i.AVG) for AVG
    initmain.o(i.AngleCalcTask) refers to f2d.o(.text) for __aeabi_f2d
    initmain.o(i.AngleCalcTask) refers to dmul.o(.text) for __aeabi_dmul
    initmain.o(i.AngleCalcTask) refers to dadd.o(.text) for __aeabi_dadd
    initmain.o(i.AngleCalcTask) refers to d2f.o(.text) for __aeabi_d2f
    initmain.o(i.AngleCalcTask) refers to lldrivers.o(i.calculatePID) for calculatePID
    initmain.o(i.AngleCalcTask) refers to lldrivers.o(i.stateManage) for stateManage
    initmain.o(i.AngleCalcTask) refers to lldrivers.o(i.setMotorCmd) for setMotorCmd
    initmain.o(i.AngleCalcTask) refers to stm32f3xx_hal_gpio.o(i.HAL_GPIO_TogglePin) for HAL_GPIO_TogglePin
    initmain.o(i.AngleCalcTask) refers to initmain.o(.data) for .data
    initmain.o(i.AngleCalcTask) refers to initmain.o(.bss) for .bss
    initmain.o(i.AngleCalcTask) refers to lldrivers.o(.data) for b_Reeinitialise
    initmain.o(i.HAL_UART_ErrorCallback) refers to memseta.o(.text) for __aeabi_memclr4
    initmain.o(i.HAL_UART_ErrorCallback) refers to stm32f3xx_hal_uart.o(i.HAL_UART_Receive_IT) for HAL_UART_Receive_IT
    initmain.o(i.HAL_UART_ErrorCallback) refers to main.o(.bss) for huart1
    initmain.o(i.HAL_UART_ErrorCallback) refers to initmain.o(.bss) for .bss
    initmain.o(i.HAL_UART_RxCpltCallback) refers to memcpya.o(.text) for __aeabi_memcpy4
    initmain.o(i.HAL_UART_RxCpltCallback) refers to stm32f3xx_hal_uart.o(i.HAL_UART_Receive_IT) for HAL_UART_Receive_IT
    initmain.o(i.HAL_UART_RxCpltCallback) refers to memseta.o(.text) for __aeabi_memclr4
    initmain.o(i.HAL_UART_RxCpltCallback) refers to main.o(.bss) for huart1
    initmain.o(i.HAL_UART_RxCpltCallback) refers to initmain.o(.bss) for .bss
    initmain.o(i.StartDefaultTask) refers to cmsis_os.o(i.osThreadGetId) for osThreadGetId
    initmain.o(i.StartDefaultTask) refers to usb_device.o(i.MX_USB_DEVICE_Init) for MX_USB_DEVICE_Init
    initmain.o(i.StartDefaultTask) refers to lldrivers.o(i.enableLeftMDriver) for enableLeftMDriver
    initmain.o(i.StartDefaultTask) refers to lldrivers.o(i.enableRightMDriver) for enableRightMDriver
    initmain.o(i.StartDefaultTask) refers to lldrivers.o(i.setStepperMotorMode) for setStepperMotorMode
    initmain.o(i.StartDefaultTask) refers to lldrivers.o(i.initialiseParam) for initialiseParam
[...]
    COMPASSACCELERO_IO_Write                 0x0800146d   Thumb Code    40  stm32f3_discovery.o(i.COMPASSACCELERO_IO_Write)
    DebugMon_Handler                         0x0800149d   Thumb Code     2  stm32f3xx_it.o(i.DebugMon_Handler)
    GYRO_IO_Init                             0x080014a1   Thumb Code   100  stm32f3_discovery.o(i.GYRO_IO_Init)
    GYRO_IO_Read                             0x0800150d   Thumb Code    74  stm32f3_discovery.o(i.GYRO_IO_Read)
    GYRO_IO_Write                            0x0800155d   Thumb Code    68  stm32f3_discovery.o(i.GYRO_IO_Write)
    GanttDebug                               0x080015a5   Thumb Code    90  lldrivers.o(i.GanttDebug)
    HAL_DMA_Abort_IT                         0x08001605   Thumb Code    74  stm32f3xx_hal_dma.o(i.HAL_DMA_Abort_IT)
    HAL_Delay                                0x08001651   Thumb Code    32  stm32f3xx_hal.o(i.HAL_Delay)
    HAL_GPIO_DeInit                          0x08001675   Thumb Code   258  stm32f3xx_hal_gpio.o(i.HAL_GPIO_DeInit)
    HAL_GPIO_Init                            0x08001791   Thumb Code   364  stm32f3xx_hal_gpio.o(i.HAL_GPIO_Init)
    HAL_GPIO_TogglePin                       0x08001919   Thumb Code     8  stm32f3xx_hal_gpio.o(i.HAL_GPIO_TogglePin)
    HAL_GPIO_WritePin                        0x08001921   Thumb Code    10  stm32f3xx_hal_gpio.o(i.HAL_GPIO_WritePin)
    HAL_GetTick                              0x0800192d   Thumb Code     6  stm32f3xx_hal.o(i.HAL_GetTick)
    HAL_I2CEx_ConfigAnalogFilter             0x08001939   Thumb Code    86  stm32f3xx_hal_i2c_ex.o(i.HAL_I2CEx_ConfigAnalogFilter)
    HAL_I2CEx_ConfigDigitalFilter            0x0800198f   Thumb Code    82  stm32f3xx_hal_i2c_ex.o(i.HAL_I2CEx_ConfigDigitalFilter)
    HAL_I2C_DeInit                           0x080019e1   Thumb Code    50  stm32f3xx_hal_i2c.o(i.HAL_I2C_DeInit)
    HAL_I2C_GetState                         0x08001a13   Thumb Code     6  stm32f3xx_hal_i2c.o(i.HAL_I2C_GetState)
    HAL_I2C_Init                             0x08001a19   Thumb Code   178  stm32f3xx_hal_i2c.o(i.HAL_I2C_Init)
    HAL_I2C_Mem_Read                         0x08001ad1   Thumb Code   358  stm32f3xx_hal_i2c.o(i.HAL_I2C_Mem_Read)
    HAL_I2C_Mem_Write                        0x08001c41   Thumb Code   354  stm32f3xx_hal_i2c.o(i.HAL_I2C_Mem_Write)
    HAL_I2C_MspDeInit                        0x08001da9   Thumb Code    28  stm32f3xx_hal_msp.o(i.HAL_I2C_MspDeInit)
    HAL_I2C_MspInit                          0x08001dd1   Thumb Code    62  stm32f3xx_hal_msp.o(i.HAL_I2C_MspInit)
    HAL_IncTick                              0x08001e1d   Thumb Code    12  stm32f3xx_hal.o(i.HAL_IncTick)
    HAL_Init                                 0x08001e2d   Thumb Code    32  stm32f3xx_hal.o(i.HAL_Init)
    HAL_InitTick                             0x08001e51   Thumb Code   102  stm32f3xx_hal_timebase_tim.o(i.HAL_InitTick)
    HAL_MspInit                              0x08001ec5   Thumb Code   122  stm32f3xx_hal_msp.o(i.HAL_MspInit)
    HAL_NVIC_EnableIRQ                       0x08001f45   Thumb Code    26  stm32f3xx_hal_cortex.o(i.HAL_NVIC_EnableIRQ)
    HAL_NVIC_SetPriority                     0x08001f61   Thumb Code    60  stm32f3xx_hal_cortex.o(i.HAL_NVIC_SetPriority)
    HAL_NVIC_SetPriorityGrouping             0x08001fa1   Thumb Code    26  stm32f3xx_hal_cortex.o(i.HAL_NVIC_SetPriorityGrouping)
    HAL_PCDEx_PMAConfig                      0x08001fc5   Thumb Code    60  stm32f3xx_hal_pcd_ex.o(i.HAL_PCDEx_PMAConfig)
    HAL_PCDEx_SetConnectionState             0x08002001   Thumb Code     2  usbd_conf.o(i.HAL_PCDEx_SetConnectionState)
    HAL_PCD_DataInStageCallback              0x08002003   Thumb Code    18  usbd_conf.o(i.HAL_PCD_DataInStageCallback)
    HAL_PCD_DataOutStageCallback             0x08002015   Thumb Code    20  usbd_conf.o(i.HAL_PCD_DataOutStageCallback)
    HAL_PCD_EP_Close                         0x08002029   Thumb Code   386  stm32f3xx_hal_pcd.o(i.HAL_PCD_EP_Close)
    HAL_PCD_EP_ClrStall                      0x080021ab   Thumb Code   176  stm32f3xx_hal_pcd.o(i.HAL_PCD_EP_ClrStall)
    HAL_PCD_EP_GetRxCount                    0x0800225b   Thumb Code    20  stm32f3xx_hal_pcd.o(i.HAL_PCD_EP_GetRxCount)
    HAL_PCD_EP_Open                          0x0800226f   Thumb Code   762  stm32f3xx_hal_pcd.o(i.HAL_PCD_EP_Open)
    HAL_PCD_EP_Receive                       0x08002569   Thumb Code   166  stm32f3xx_hal_pcd.o(i.HAL_PCD_EP_Receive)
    HAL_PCD_EP_SetStall                      0x0800260f   Thumb Code   138  stm32f3xx_hal_pcd.o(i.HAL_PCD_EP_SetStall)
    HAL_PCD_EP_Transmit                      0x08002699   Thumb Code   208  stm32f3xx_hal_pcd.o(i.HAL_PCD_EP_Transmit)
    HAL_PCD_IRQHandler                       0x08002769   Thumb Code   240  stm32f3xx_hal_pcd.o(i.HAL_PCD_IRQHandler)
    HAL_PCD_Init                             0x08002859   Thumb Code   166  stm32f3xx_hal_pcd.o(i.HAL_PCD_Init)
    HAL_PCD_MspInit                          0x08002901   Thumb Code    82  usbd_conf.o(i.HAL_PCD_MspInit)
    HAL_PCD_ResetCallback                    0x0800295d   Thumb Code    26  usbd_conf.o(i.HAL_PCD_ResetCallback)
    HAL_PCD_ResumeCallback                   0x08002977   Thumb Code     8  usbd_conf.o(i.HAL_PCD_ResumeCallback)
    HAL_PCD_SOFCallback                      0x0800297f   Thumb Code     8  usbd_conf.o(i.HAL_PCD_SOFCallback)
    HAL_PCD_SetAddress                       0x08002987   Thumb Code    44  stm32f3xx_hal_pcd.o(i.HAL_PCD_SetAddress)
    HAL_PCD_SetupStageCallback               0x080029b3   Thumb Code    14  usbd_conf.o(i.HAL_PCD_SetupStageCallback)
    HAL_PCD_Start                            0x080029c1   Thumb Code    12  stm32f3xx_hal_pcd.o(i.HAL_PCD_Start)
    HAL_PCD_SuspendCallback                  0x080029cd   Thumb Code    30  usbd_conf.o(i.HAL_PCD_SuspendCallback)
    HAL_RCCEx_PeriphCLKConfig                0x080029f1   Thumb Code   522  stm32f3xx_hal_rcc_ex.o(i.HAL_RCCEx_PeriphCLKConfig)
    HAL_RCC_ClockConfig                      0x08002c09   Thumb Code   306  stm32f3xx_hal_rcc.o(i.HAL_RCC_ClockConfig)
    HAL_RCC_GetClockConfig                   0x08002d4d   Thumb Code    54  stm32f3xx_hal_rcc.o(i.HAL_RCC_GetClockConfig)
    HAL_RCC_GetHCLKFreq                      0x08002d8d   Thumb Code     6  stm32f3xx_hal_rcc.o(i.HAL_RCC_GetHCLKFreq)
    HAL_RCC_GetPCLK1Freq                     0x08002d99   Thumb Code    34  stm32f3xx_hal_rcc.o(i.HAL_RCC_GetPCLK1Freq)
    HAL_RCC_GetPCLK2Freq                     0x08002dc9   Thumb Code    34  stm32f3xx_hal_rcc.o(i.HAL_RCC_GetPCLK2Freq)
    HAL_RCC_GetSysClockFreq                  0x08002df9   Thumb Code    84  stm32f3xx_hal_rcc.o(i.HAL_RCC_GetSysClockFreq)
    HAL_RCC_OscConfig                        0x08002e5d   Thumb Code  1424  stm32f3xx_hal_rcc.o(i.HAL_RCC_OscConfig)
    HAL_SPI_DeInit                           0x080033ed   Thumb Code    46  stm32f3xx_hal_spi.o(i.HAL_SPI_DeInit)
    HAL_SPI_GetState                         0x0800341b   Thumb Code     6  stm32f3xx_hal_spi.o(i.HAL_SPI_GetState)
    HAL_SPI_Init                             0x08003421   Thumb Code   182  stm32f3xx_hal_spi.o(i.HAL_SPI_Init)
    HAL_SPI_MspDeInit                        0x080034d9   Thumb Code    30  stm32f3xx_hal_msp.o(i.HAL_SPI_MspDeInit)
    HAL_SPI_MspInit                          0x08003501   Thumb Code    64  stm32f3xx_hal_msp.o(i.HAL_SPI_MspInit)
    HAL_SPI_TransmitReceive                  0x08003549   Thumb Code   574  stm32f3xx_hal_spi.o(i.HAL_SPI_TransmitReceive)
    HAL_SYSTICK_CLKSourceConfig              0x08003787   Thumb Code    24  stm32f3xx_hal_cortex.o(i.HAL_SYSTICK_CLKSourceConfig)
    HAL_SYSTICK_Config                       0x0800379f   Thumb Code    40  stm32f3xx_hal_cortex.o(i.HAL_SYSTICK_Config)
    HAL_TIMEx_Break2Callback                 0x080037c7   Thumb Code     2  stm32f3xx_hal_tim_ex.o(i.HAL_TIMEx_Break2Callback)
    HAL_TIMEx_BreakCallback                  0x080037c9   Thumb Code     2  stm32f3xx_hal_tim_ex.o(i.HAL_TIMEx_BreakCallback)
    HAL_TIMEx_CommutationCallback            0x080037cb   Thumb Code     2  stm32f3xx_hal_tim_ex.o(i.HAL_TIMEx_CommutationCallback)
    HAL_TIMEx_ConfigBreakDeadTime            0x080037cd   Thumb Code   138  stm32f3xx_hal_tim_ex.o(i.HAL_TIMEx_ConfigBreakDeadTime)
    HAL_TIMEx_MasterConfigSynchronization    0x08003861   Thumb Code    78  stm32f3xx_hal_tim_ex.o(i.HAL_TIMEx_MasterConfigSynchronization)
    HAL_TIM_Base_Init                        0x080038b9   Thumb Code    54  stm32f3xx_hal_tim.o(i.HAL_TIM_Base_Init)
    HAL_TIM_Base_MspInit                     0x080038f1   Thumb Code    52  stm32f3xx_hal_msp.o(i.HAL_TIM_Base_MspInit)
    HAL_TIM_Base_Start_IT                    0x08003931   Thumb Code    24  stm32f3xx_hal_tim.o(i.HAL_TIM_Base_Start_IT)
    HAL_TIM_IC_CaptureCallback               0x08003949   Thumb Code     2  stm32f3xx_hal_tim.o(i.HAL_TIM_IC_CaptureCallback)
    HAL_TIM_IRQHandler                       0x0800394b   Thumb Code   388  stm32f3xx_hal_tim.o(i.HAL_TIM_IRQHandler)
    HAL_TIM_MspPostInit                      0x08003ad1   Thumb Code   134  stm32f3xx_hal_msp.o(i.HAL_TIM_MspPostInit)
    HAL_TIM_OC_DelayElapsedCallback          0x08003b79   Thumb Code     2  stm32f3xx_hal_tim.o(i.HAL_TIM_OC_DelayElapsedCallback)
    HAL_TIM_PWM_ConfigChannel                0x08003b7b   Thumb Code   296  stm32f3xx_hal_tim_ex.o(i.HAL_TIM_PWM_ConfigChannel)
    HAL_TIM_PWM_Init                         0x08003ca3   Thumb Code    54  stm32f3xx_hal_tim.o(i.HAL_TIM_PWM_Init)
    HAL_TIM_PWM_MspInit                      0x08003cd9   Thumb Code    74  stm32f3xx_hal_msp.o(i.HAL_TIM_PWM_MspInit)
    HAL_TIM_PWM_PulseFinishedCallback        0x08003d35   Thumb Code     2  stm32f3xx_hal_tim.o(i.HAL_TIM_PWM_PulseFinishedCallback)
    HAL_TIM_PWM_Start                        0x08003d39   Thumb Code    66  stm32f3xx_hal_tim.o(i.HAL_TIM_PWM_Start)
    HAL_TIM_PeriodElapsedCallback            0x08003d91   Thumb Code    14  main.o(i.HAL_TIM_PeriodElapsedCallback)
    HAL_TIM_TriggerCallback                  0x08003d9f   Thumb Code     2  stm32f3xx_hal_tim.o(i.HAL_TIM_TriggerCallback)
    HAL_UARTEx_WakeupCallback                0x08003da1   Thumb Code     2  stm32f3xx_hal_uart_ex.o(i.HAL_UARTEx_WakeupCallback)
    HAL_UART_ErrorCallback                   0x08003da5   Thumb Code    34  initmain.o(i.HAL_UART_ErrorCallback)
    HAL_UART_IRQHandler                      0x08003dd1   Thumb Code   316  stm32f3xx_hal_uart.o(i.HAL_UART_IRQHandler)
    HAL_UART_Init                            0x08003f11   Thumb Code   106  stm32f3xx_hal_uart.o(i.HAL_UART_Init)
    HAL_UART_MspInit                         0x08003f7d   Thumb Code   192  stm32f3xx_hal_msp.o(i.HAL_UART_MspInit)
    HAL_UART_Receive_IT                      0x08004051   Thumb Code   122  stm32f3xx_hal_uart.o(i.HAL_UART_Receive_IT)
    HAL_UART_RxCpltCallback                  0x080040cd   Thumb Code    48  initmain.o(i.HAL_UART_RxCpltCallback)
    HAL_UART_Transmit_IT                     0x08004105   Thumb Code    62  stm32f3xx_hal_uart.o(i.HAL_UART_Transmit_IT)
    HAL_UART_TxCpltCallback                  0x08004143   Thumb Code     2  stm32f3xx_hal_uart.o(i.HAL_UART_TxCpltCallback)
    HardFault_Handler                        0x08004145   Thumb Code    22  stm32f3xx_it.o(i.HardFault_Handler)
    L3GD20_DisableIT                         0x080044b5   Thumb Code    56  l3gd20.o(i.L3GD20_DisableIT)
    L3GD20_EnableIT                          0x080044ed   Thumb Code    64  l3gd20.o(i.L3GD20_EnableIT)
    L3GD20_FilterCmd                         0x0800452d   Thumb Code    40  l3gd20.o(i.L3GD20_FilterCmd)
    L3GD20_FilterConfig                      0x08004555   Thumb Code    40  l3gd20.o(i.L3GD20_FilterConfig)
    L3GD20_INT1InterruptConfig               0x0800457d   Thumb Code    82  l3gd20.o(i.L3GD20_INT1InterruptConfig)
    L3GD20_Init                              0x080045cf   Thumb Code    46  l3gd20.o(i.L3GD20_Init)
    L3GD20_ReadID                            0x080045fd   Thumb Code    22  l3gd20.o(i.L3GD20_ReadID)
    L3GD20_ReadXYZAngRate                    0x08004615   Thumb Code   186  l3gd20.o(i.L3GD20_ReadXYZAngRate)
    L3GD20_RebootCmd                         0x080046e1   Thumb Code    36  l3gd20.o(i.L3GD20_RebootCmd)
    LLDriverCliMenu                          0x08004705   Thumb Code   654  lldrivers.o(i.LLDriverCliMenu)
    LSM303DLHC_AccClickITEnable              0x08004aa1   Thumb Code    70  lsm303dlhc.o(i.LSM303DLHC_AccClickITEnable)
    LSM303DLHC_AccFilterClickCmd             0x08004ae7   Thumb Code    30  lsm303dlhc.o(i.LSM303DLHC_AccFilterClickCmd)
    LSM303DLHC_AccFilterCmd                  0x08004b05   Thumb Code    30  lsm303dlhc.o(i.LSM303DLHC_AccFilterCmd)
    LSM303DLHC_AccFilterConfig               0x08004b23   Thumb Code    30  lsm303dlhc.o(i.LSM303DLHC_AccFilterConfig)
    LSM303DLHC_AccIT1Enable                  0x08004b41   Thumb Code    28  lsm303dlhc.o(i.LSM303DLHC_AccIT1Enable)
    LSM303DLHC_AccInit                       0x08004b5d   Thumb Code    32  lsm303dlhc.o(i.LSM303DLHC_AccInit)
    LSM303DLHC_AccReadID                     0x08004b7d   Thumb Code    18  lsm303dlhc.o(i.LSM303DLHC_AccReadID)
    LSM303DLHC_AccReadXYZ                    0x08004b91   Thumb Code   236  lsm303dlhc.o(i.LSM303DLHC_AccReadXYZ)
    LSM303DLHC_AccRebootCmd                  0x08004c7d   Thumb Code    26  lsm303dlhc.o(i.LSM303DLHC_AccRebootCmd)
    LSM303DLHC_AccZClickITConfig             0x08004c97   Thumb Code    28  lsm303dlhc.o(i.LSM303DLHC_AccZClickITConfig)
    MX_USB_DEVICE_Init                       0x08005239   Thumb Code    38  usb_device.o(i.MX_USB_DEVICE_Init)
    MemManage_Handler                        0x08005271   Thumb Code    26  stm32f3xx_it.o(i.MemManage_Handler)
    NMI_Handler                              0x08005291   Thumb Code     2  stm32f3xx_it.o(i.NMI_Handler)
    PCD_ReadPMA                              0x080055fd   Thumb Code    44  stm32f3xx_hal_pcd_ex.o(i.PCD_ReadPMA)
    PCD_WritePMA                             0x08005629   Thumb Code    38  stm32f3xx_hal_pcd_ex.o(i.PCD_WritePMA)
    StartDefaultTask                         0x08005895   Thumb Code    86  initmain.o(i.StartDefaultTask)
    SysTick_Handler                          0x080058fd   Thumb Code     4  stm32f3xx_it.o(i.SysTick_Handler)
    SystemClock_Config                       0x08005901   Thumb Code   152  main.o(i.SystemClock_Config)
    SystemInit                               0x080059ad   Thumb Code    82  system_stm32f3xx.o(i.SystemInit)
    TIM2_IRQHandler                          0x08005a15   Thumb Code     6  stm32f3xx_it.o(i.TIM2_IRQHandler)
    TIM_Base_SetConfig                       0x08005a21   Thumb Code   146  stm32f3xx_hal_tim.o(i.TIM_Base_SetConfig)
    TIM_CCxChannelCmd                        0x08005ad1   Thumb Code    22  stm32f3xx_hal_tim.o(i.TIM_CCxChannelCmd)
    TIM_OC1_SetConfig                        0x08005ae9   Thumb Code   132  stm32f3xx_hal_tim.o(i.TIM_OC1_SetConfig)
    TIM_OC2_SetConfig                        0x08005b85   Thumb Code   120  stm32f3xx_hal_tim.o(i.TIM_OC2_SetConfig)
    TIM_OC3_SetConfig                        0x08005c15   Thumb Code   118  stm32f3xx_hal_tim.o(i.TIM_OC3_SetConfig)
    TIM_OC4_SetConfig                        0x08005ca5   Thumb Code    92  stm32f3xx_hal_tim.o(i.TIM_OC4_SetConfig)
    UART_AdvFeatureConfig                    0x08005df9   Thumb Code   200  stm32f3xx_hal_uart.o(i.UART_AdvFeatureConfig)
    UART_CheckIdleState                      0x08005ec1   Thumb Code    92  stm32f3xx_hal_uart.o(i.UART_CheckIdleState)
    UART_EndTransmit_IT                      0x08005f4d   Thumb Code    26  stm32f3xx_hal_uart.o(i.UART_EndTransmit_IT)
    UART_Receive_IT                          0x08005f67   Thumb Code   118  stm32f3xx_hal_uart.o(i.UART_Receive_IT)
    UART_SetConfig                           0x08005fdd   Thumb Code   434  stm32f3xx_hal_uart.o(i.UART_SetConfig)
    UART_Transmit_IT                         0x080061b1   Thumb Code   100  stm32f3xx_hal_uart.o(i.UART_Transmit_IT)
    UART_WaitOnFlagUntilTimeout              0x08006215   Thumb Code   100  stm32f3xx_hal_uart.o(i.UART_WaitOnFlagUntilTimeout)
    USART1_IRQHandler                        0x08006279   Thumb Code    56  initmain.o(i.USART1_IRQHandler)
    USART2_IRQHandler                        0x080062bd   Thumb Code     6  stm32f3xx_it.o(i.USART2_IRQHandler)
    USART3_IRQHandler                        0x080062c9   Thumb Code    28  initmain.o(i.USART3_IRQHandler)
    USBD_CDC_GetDeviceQualifierDescriptor    0x08006395   Thumb Code     8  usbd_cdc.o(i.USBD_CDC_GetDeviceQualifierDescriptor)
    USBD_CDC_ReceivePacket                   0x0800644d   Thumb Code    40  usbd_cdc.o(i.USBD_CDC_ReceivePacket)
    USBD_CDC_RegisterInterface               0x08006475   Thumb Code    16  usbd_cdc.o(i.USBD_CDC_RegisterInterface)
    USBD_CDC_SetRxBuffer                     0x08006485   Thumb Code    12  usbd_cdc.o(i.USBD_CDC_SetRxBuffer)
    USBD_CDC_SetTxBuffer                     0x08006491   Thumb Code    16  usbd_cdc.o(i.USBD_CDC_SetTxBuffer)
    USBD_CDC_TransmitPacket                  0x08006511   Thumb Code    48  usbd_cdc.o(i.USBD_CDC_TransmitPacket)
    USBD_ClrClassConfig                      0x08006541   Thumb Code    14  usbd_core.o(i.USBD_ClrClassConfig)
    USBD_CtlContinueRx                       0x0800654f   Thumb Code    16  usbd_ioreq.o(i.USBD_CtlContinueRx)
    USBD_CtlContinueSendData                 0x0800655f   Thumb Code    16  usbd_ioreq.o(i.USBD_CtlContinueSendData)
    USBD_CtlError                            0x0800656f   Thumb Code    22  usbd_ctlreq.o(i.USBD_CtlError)
    USBD_CtlPrepareRx                        0x08006585   Thumb Code    30  usbd_ioreq.o(i.USBD_CtlPrepareRx)
    USBD_CtlReceiveStatus                    0x080065a3   Thumb Code    22  usbd_ioreq.o(i.USBD_CtlReceiveStatus)
    USBD_CtlSendData                         0x080065b9   Thumb Code    26  usbd_ioreq.o(i.USBD_CtlSendData)
    USBD_CtlSendStatus                       0x080065d3   Thumb Code    22  usbd_ioreq.o(i.USBD_CtlSendStatus)
    USBD_FS_ConfigStrDescriptor              0x080065e9   Thumb Code    16  usbd_desc.o(i.USBD_FS_ConfigStrDescriptor)
    USBD_FS_DeviceDescriptor                 0x08006609   Thumb Code     8  usbd_desc.o(i.USBD_FS_DeviceDescriptor)
    USBD_FS_InterfaceStrDescriptor           0x08006615   Thumb Code    16  usbd_desc.o(i.USBD_FS_InterfaceStrDescriptor)
    USBD_FS_LangIDStrDescriptor              0x08006639   Thumb Code     8  usbd_desc.o(i.USBD_FS_LangIDStrDescriptor)
    USBD_FS_ManufacturerStrDescriptor        0x08006645   Thumb Code    16  usbd_desc.o(i.USBD_FS_ManufacturerStrDescriptor)
    USBD_FS_ProductStrDescriptor             0x0800666d   Thumb Code    16  usbd_desc.o(i.USBD_FS_ProductStrDescriptor)
    USBD_FS_SerialStrDescriptor              0x08006699   Thumb Code    16  usbd_desc.o(i.USBD_FS_SerialStrDescriptor)
    USBD_GetString                           0x0800679d   Thumb Code    70  usbd_ctlreq.o(i.USBD_GetString)
    USBD_Init                                0x080067e3   Thumb Code    42  usbd_core.o(i.USBD_Init)
    USBD_LL_ClearStallEP                     0x0800680d   Thumb Code    32  usbd_conf.o(i.USBD_LL_ClearStallEP)
    USBD_LL_CloseEP                          0x0800682d   Thumb Code    32  usbd_conf.o(i.USBD_LL_CloseEP)
    USBD_LL_DataInStage                      0x0800684d   Thumb Code   170  usbd_core.o(i.USBD_LL_DataInStage)
    USBD_LL_DataOutStage                     0x080068f7   Thumb Code   106  usbd_core.o(i.USBD_LL_DataOutStage)
    USBD_LL_GetRxDataSize                    0x08006961   Thumb Code     8  usbd_conf.o(i.USBD_LL_GetRxDataSize)
    USBD_LL_Init                             0x08006969   Thumb Code   128  usbd_conf.o(i.USBD_LL_Init)
    USBD_LL_IsStallEP                        0x08006a05   Thumb Code    32  usbd_conf.o(i.USBD_LL_IsStallEP)
    USBD_LL_OpenEP                           0x08006a25   Thumb Code    38  usbd_conf.o(i.USBD_LL_OpenEP)
    USBD_LL_PrepareReceive                   0x08006a4b   Thumb Code    32  usbd_conf.o(i.USBD_LL_PrepareReceive)
    USBD_LL_Reset                            0x08006a6b   Thumb Code    62  usbd_core.o(i.USBD_LL_Reset)
    USBD_LL_Resume                           0x08006aa9   Thumb Code    12  usbd_core.o(i.USBD_LL_Resume)
    USBD_LL_SOF                              0x08006ab5   Thumb Code    24  usbd_core.o(i.USBD_LL_SOF)
    USBD_LL_SetSpeed                         0x08006acd   Thumb Code     6  usbd_core.o(i.USBD_LL_SetSpeed)
    USBD_LL_SetUSBAddress                    0x08006ad3   Thumb Code    32  usbd_conf.o(i.USBD_LL_SetUSBAddress)
    USBD_LL_SetupStage                       0x08006af3   Thumb Code    90  usbd_core.o(i.USBD_LL_SetupStage)
    USBD_LL_StallEP                          0x08006b4d   Thumb Code    32  usbd_conf.o(i.USBD_LL_StallEP)
    USBD_LL_Start                            0x08006b6d   Thumb Code    32  usbd_conf.o(i.USBD_LL_Start)
    USBD_LL_Suspend                          0x08006b8d   Thumb Code    18  usbd_core.o(i.USBD_LL_Suspend)
    USBD_LL_Transmit                         0x08006b9f   Thumb Code    32  usbd_conf.o(i.USBD_LL_Transmit)
    USBD_ParseSetupRequest                   0x08006bbf   Thumb Code    40  usbd_ctlreq.o(i.USBD_ParseSetupRequest)
    USBD_RegisterClass                       0x08006be7   Thumb Code    16  usbd_core.o(i.USBD_RegisterClass)
    USBD_SetClassConfig                      0x08006bf7   Thumb Code    22  usbd_core.o(i.USBD_SetClassConfig)
    USBD_Start                               0x08006c81   Thumb Code    10  usbd_core.o(i.USBD_Start)
    USBD_StdDevReq                           0x08006c8b   Thumb Code   242  usbd_ctlreq.o(i.USBD_StdDevReq)
    USBD_StdEPReq                            0x08006d7d   Thumb Code   220  usbd_ctlreq.o(i.USBD_StdEPReq)
    USBD_StdItfReq                           0x08006e59   Thumb Code    52  usbd_ctlreq.o(i.USBD_StdItfReq)
    USBD_static_free                         0x08006e8d   Thumb Code     2  usbd_conf.o(i.USBD_static_free)
    USBD_static_malloc                       0x08006e91   Thumb Code     4  usbd_conf.o(i.USBD_static_malloc)
    USB_LP_CAN_RX0_IRQHandler                0x08006e99   Thumb Code     6  stm32f3xx_it.o(i.USB_LP_CAN_RX0_IRQHandler)
    UsageFault_Handler                       0x08006ea5   Thumb Code    26  stm32f3xx_it.o(i.UsageFault_Handler)
    _Error_Handler                           0x08006ec5   Thumb Code    36  main.o(i._Error_Handler)
    __0printf                                0x08006f15   Thumb Code    22  printfa.o(i.__0printf)
    __1printf                                0x08006f15   Thumb Code     0  printfa.o(i.__0printf)
    __2printf                                0x08006f15   Thumb Code     0  printfa.o(i.__0printf)
    __c89printf                              0x08006f15   Thumb Code     0  printfa.o(i.__0printf)
    printf                                   0x08006f15   Thumb Code     0  printfa.o(i.__0printf)
    __0sprintf                               0x08006f35   Thumb Code    34  printfa.o(i.__0sprintf)
    __1sprintf                               0x08006f35   Thumb Code     0  printfa.o(i.__0sprintf)
    __2sprintf                               0x08006f35   Thumb Code     0  printfa.o(i.__0sprintf)
    __c89sprintf                             0x08006f35   Thumb Code     0  printfa.o(i.__0sprintf)
    sprintf                                  0x08006f35   Thumb Code     0  printfa.o(i.__0sprintf)
    __ARM_fpclassify                         0x08006f5d   Thumb Code    48  fpclassify.o(i.__ARM_fpclassify)
    __aeabi_errno_addr                       0x08006fad   Thumb Code     4  errno.o(i.__aeabi_errno_addr)
    __rt_errno_addr                          0x08006fad   Thumb Code     0  errno.o(i.__aeabi_errno_addr)
    __hardfp_atan                            0x08006fb9   Thumb Code   622  atan.o(i.__hardfp_atan)
    __hardfp_atof                            0x08007291   Thumb Code    44  atof.o(i.__hardfp_atof)
    __hardfp_sqrt                            0x080072c9   Thumb Code   122  sqrt.o(i.__hardfp_sqrt)
    __kernel_poly                            0x08007343   Thumb Code   248  poly.o(i.__kernel_poly)
    __mathlib_dbl_infnan                     0x0800743b   Thumb Code    20  dunder.o(i.__mathlib_dbl_infnan)
    __mathlib_dbl_underflow                  0x08007451   Thumb Code    24  dunder.o(i.__mathlib_dbl_underflow)
    __read_errno                             0x08007471   Thumb Code     6  errno.o(i.__read_errno)
    __scatterload_copy                       0x0800747d   Thumb Code    14  handlers.o(i.__scatterload_copy)
    __scatterload_null                       0x0800748b   Thumb Code     2  handlers.o(i.__scatterload_null)
    __scatterload_zeroinit                   0x0800748d   Thumb Code    14  handlers.o(i.__scatterload_zeroinit)
    __set_errno                              0x0800749d   Thumb Code     6  errno.o(i.__set_errno)
    _is_digit                                0x0800762d   Thumb Code    14  scanf_fp.o(i._is_digit)
    calculatePID                             0x08007d75   Thumb Code    98  lldrivers.o(i.calculatePID)
    calibrateIMU                             0x08007de1   Thumb Code   192  lldrivers.o(i.calibrateIMU)
    debugPrint                               0x08007ec1   Thumb Code    86  lldrivers.o(i.debugPrint)
    enableLeftMDriver                        0x08007f39   Thumb Code    20  lldrivers.o(i.enableLeftMDriver)
    enableRightMDriver                       0x08007f51   Thumb Code    20  lldrivers.o(i.enableRightMDriver)
    fabs                                     0x08007f65   Thumb Code    24  fabs.o(i.fabs)
    fputc                                    0x08007f7d   Thumb Code    22  main.o(i.fputc)
    getAccelAngle                            0x08007f99   Thumb Code   194  lldrivers.o(i.getAccelAngle)
    init_PWMTimers                           0x08008071   Thumb Code    38  lldrivers.o(i.init_PWMTimers)
    initialiseParam                          0x080080a9   Thumb Code    58  lldrivers.o(i.initialiseParam)
    main                                     0x08008105   Thumb Code   126  main.o(i.main)
    osDelay                                  0x08008199   Thumb Code    14  cmsis_os.o(i.osDelay)
    osKernelStart                            0x080081a7   Thumb Code    10  cmsis_os.o(i.osKernelStart)
    osSystickHandler                         0x080081b1   Thumb Code    20  cmsis_os.o(i.osSystickHandler)
    osThreadCreate                           0x080081c5   Thumb Code    46  cmsis_os.o(i.osThreadCreate)
    osThreadGetId                            0x080081f3   Thumb Code     4  cmsis_os.o(i.osThreadGetId)
    printSerial                              0x080081f9   Thumb Code    58  initmain.o(i.printSerial)
    pvPortMalloc                             0x08008581   Thumb Code   210  heap_4.o(i.pvPortMalloc)
    pxPortInitialiseStack                    0x08008659   Thumb Code    40  port.o(i.pxPortInitialiseStack)
    setLeftStepperDir                        0x08008685   Thumb Code    20  lldrivers.o(i.setLeftStepperDir)
    setLeftStepperMode                       0x0800869d   Thumb Code    68  lldrivers.o(i.setLeftStepperMode)
    setMotorCmd                              0x080086e5   Thumb Code   224  lldrivers.o(i.setMotorCmd)
    setRightStepperDir                       0x080087e9   Thumb Code    18  lldrivers.o(i.setRightStepperDir)
    setRightStepperMode                      0x08008801   Thumb Code    74  lldrivers.o(i.setRightStepperMode)
    setStepperAngleDir                       0x08008855   Thumb Code    38  lldrivers.o(i.setStepperAngleDir)
    setStepperMotorMode                      0x0800887b   Thumb Code    18  lldrivers.o(i.setStepperMotorMode)
    stateManage                              0x0800888d   Thumb Code    70  lldrivers.o(i.stateManage)
    toggleAllLeds                            0x080088f9   Thumb Code    96  lldrivers.o(i.toggleAllLeds)
    uxListRemove                             0x0800895d   Thumb Code    36  list.o(i.uxListRemove)
    vListInitialise                          0x08008981   Thumb Code    22  list.o(i.vListInitialise)
    vListInitialiseItem                      0x08008997   Thumb Code     6  list.o(i.vListInitialiseItem)
    vListInsert                              0x0800899d   Thumb Code    48  list.o(i.vListInsert)
    vListInsertEnd                           0x080089cd   Thumb Code    24  list.o(i.vListInsertEnd)
    vPortEnterCritical                       0x080089e5   Thumb Code    54  port.o(i.vPortEnterCritical)
    vPortExitCritical                        0x08008a25   Thumb Code    34  port.o(i.vPortExitCritical)
    vPortFree                                0x08008a4d   Thumb Code    88  heap_4.o(i.vPortFree)
    vPortSetupTimerInterrupt                 0x08008aa9   Thumb Code    26  port.o(i.vPortSetupTimerInterrupt)
    vTaskDelay                               0x08008ac9   Thumb Code    66  tasks.o(i.vTaskDelay)
    vTaskStartScheduler                      0x08008b15   Thumb Code    86  tasks.o(i.vTaskStartScheduler)
    vTaskSuspendAll                          0x08008b7d   Thumb Code    10  tasks.o(i.vTaskSuspendAll)
    vTaskSwitchContext                       0x08008b8d   Thumb Code    82  tasks.o(i.vTaskSwitchContext)
    xPortStartScheduler                      0x08008be9   Thumb Code   202  port.o(i.xPortStartScheduler)
    xPortSysTickHandler                      0x08008cc9   Thumb Code    38  port.o(i.xPortSysTickHandler)
    xTaskCreate                              0x08008cf5   Thumb Code    86  tasks.o(i.xTaskCreate)
    xTaskGetCurrentTaskHandle                0x08008d4d   Thumb Code     6  tasks.o(i.xTaskGetCurrentTaskHandle)
    xTaskGetSchedulerState                   0x08008d59   Thumb Code    22  tasks.o(i.xTaskGetSchedulerState)
    xTaskIncrementTick                       0x08008d75   Thumb Code   192  tasks.o(i.xTaskIncrementTick)
    xTaskResumeAll                           0x08008e3d   Thumb Code   182  tasks.o(i.xTaskResumeAll)
    aPLLMULFactorTable                       0x08008f3c   Data          16  stm32f3xx_hal_rcc.o(.constdata)
    aPredivFactorTable                       0x08008f4c   Data          16  stm32f3xx_hal_rcc.o(.constdata)
    AHBPrescTable                            0x08008f5c   Data          16  system_stm32f3xx.o(.constdata)
    APBPrescTable                            0x08008f6c   Data           8  system_stm32f3xx.o(.constdata)
    __ctype_table                            0x08009010   Data         129  ctype_o.o(.constdata)
    Region$$Table$$Base                      0x08009120   Number         0  anon$$obj.o(Region$$Table)
    Region$$Table$$Limit                     0x08009140   Number         0  anon$$obj.o(Region$$Table)
    Alpha                                    0x20000000   Data           4  initmain.o(.data)
    GyroDrift                                0x20000004   Data           4  initmain.o(.data)
    yaw                                      0x20000008   Data           4  initmain.o(.data)
    AVGYaw                                   0x2000000c   Data           4  initmain.o(.data)
    Zval                                     0x20000010   Data           4  initmain.o(.data)
    CMD_Angle                                0x20000014   Data           4  initmain.o(.data)
    imuVAL                                   0x20000018   Data           4  initmain.o(.data)
    i                                        0x2000001c   Data           4  initmain.o(.data)
    PrintserialID                            0x20000020   Data           4  initmain.o(.data)
    defaultTaskID                            0x20000024   Data           4  initmain.o(.data)
    Xval                                     0x20000028   Data           4  initmain.o(.data)
    Yval                                     0x2000002c   Data           4  initmain.o(.data)
    Angle                                    0x20000030   Data           4  initmain.o(.data)
    enableMotors                             0x20000034   Data           1  initmain.o(.data)
    b_DebugEnabled                           0x20000039   Data           1  lldrivers.o(.data)
    b_Reeinitialise                          0x2000003a   Data           1  lldrivers.o(.data)
    previousError                            0x2000003c   Data           4  lldrivers.o(.data)
    error                                    0x20000040   Data           4  lldrivers.o(.data)
    CalibGyrovalue                           0x20000044   Data           4  lldrivers.o(.data)
    proportional                             0x2000004c   Data           4  lldrivers.o(.data)
    derivative                               0x20000050   Data           4  lldrivers.o(.data)
    integral                                 0x20000054   Data           4  lldrivers.o(.data)
    zAcc                                     0x20000058   Data           8  lldrivers.o(.data)
    xAcc                                     0x20000060   Data           8  lldrivers.o(.data)
    yAcc                                     0x20000068   Data           8  lldrivers.o(.data)
    defaultTaskHandle                        0x20000070   Data           4  main.o(.data)
    AngleCalcTaskHandle                      0x20000074   Data           4  main.o(.data)
    printSerialHandle                        0x20000078   Data           4  main.o(.data)
    FS_Desc                                  0x2000007c   Data          28  usbd_desc.o(.data)
    USBD_LangIDDesc                          0x20000098   Data           4  usbd_desc.o(.data)
    USBD_FS_DeviceDesc                       0x2000009c   Data          18  usbd_desc.o(.data)
    USBD_Interface_fops_FS                   0x200000b0   Data          16  usbd_cdc_if.o(.data)
    uwTickFreq                               0x200000c0   Data           1  stm32f3xx_hal.o(.data)
    uwTickPrio                               0x200000c4   Data           4  stm32f3xx_hal.o(.data)
    uwTick                                   0x200000c8   Data           4  stm32f3xx_hal.o(.data)
    SystemCoreClock                          0x200000cc   Data           4  system_stm32f3xx.o(.data)
    L3gd20Drv                                0x200000d0   Data          44  l3gd20.o(.data)
    Lsm303dlhcDrv                            0x200000fc   Data          44  lsm303dlhc.o(.data)
    BUTTON_PORT                              0x20000130   Data           4  stm32f3_discovery.o(.data)
    SpixTimeout                              0x20000134   Data           4  stm32f3_discovery.o(.data)
    I2cxTimeout                              0x20000138   Data           4  stm32f3_discovery.o(.data)
    LED_PORT                                 0x2000013c   Data          32  stm32f3_discovery.o(.data)
    pxCurrentTCB                             0x2000015c   Data           4  tasks.o(.data)
    USBD_CDC_CfgHSDesc                       0x200001d0   Data          67  usbd_cdc.o(.data)
    USBD_CDC_CfgFSDesc                       0x20000214   Data          67  usbd_cdc.o(.data)
    USBD_CDC_OtherSpeedCfgDesc               0x20000258   Data          67  usbd_cdc.o(.data)
    USBD_CDC                                 0x2000029c   Data          56  usbd_cdc.o(.data)
    __stdout                                 0x200002d4   Data           4  stdout.o(.data)
    DataBuf                                  0x200002dc   Data          20  initmain.o(.bss)
    RXBuf                                    0x200002f0   Data          20  initmain.o(.bss)
    stCurrentState                           0x20000304   Data          20  initmain.o(.bss)
    bfr                                      0x20000318   Data          10  initmain.o(.bss)
    hi2c1                                    0x200004b4   Data          76  main.o(.bss)
    hspi1                                    0x20000500   Data         100  main.o(.bss)
    htim3                                    0x20000564   Data          64  main.o(.bss)
    htim4                                    0x200005a4   Data          64  main.o(.bss)
    htim15                                   0x200005e4   Data          64  main.o(.bss)
    htim16                                   0x20000624   Data          64  main.o(.bss)
    htim17                                   0x20000664   Data          64  main.o(.bss)
    huart1                                   0x200006a4   Data         112  main.o(.bss)
    huart2                                   0x20000714   Data         112  main.o(.bss)
    huart3                                   0x20000784   Data         112  main.o(.bss)
    hUsbDeviceFS                             0x200007f4   Data         548  usb_device.o(.bss)
    hpcd_USB_FS                              0x20000c38   Data         936  usbd_conf.o(.bss)
    USBD_StrDesc                             0x20000fe0   Data         512  usbd_desc.o(.bss)
    UserRxBufferFS                           0x200011e0   Data        1000  usbd_cdc_if.o(.bss)
    UserTxBufferFS                           0x200015c8   Data        1000  usbd_cdc_if.o(.bss)
    htim2                                    0x200019b0   Data          64  stm32f3xx_hal_timebase_tim.o(.bss)
    __initial_sp                             0x20002b90   Data           0  startup_stm32f303xc.o(STACK)



==============================================================================

Memory Map of the image

  Image Entry point : 0x08000189

  Load Region LR_IROM1 (Base: 0x08000000, Size: 0x0000941c, Max: 0x00040000, ABSOLUTE, COMPRESSED[0x00009254])

    Execution Region ER_IROM1 (Exec base: 0x08000000, Load base: 0x08000000, Size: 0x00009140, Max: 0x00040000, ABSOLUTE)

    Exec Addr    Load Addr    Size         Type   Attr      Idx    E Section Name        Object

    0x08000000   0x08000000   0x00000188   Data   RO            3    RESET               startup_stm32f303xc.o
    0x08000188   0x08000188   0x00000000   Code   RO         6532  * .ARM.Collect$$$$00000000  mc_w.l(entry.o)
    0x08000188   0x08000188   0x00000004   Code   RO         6853    .ARM.Collect$$$$00000001  mc_w.l(entry2.o)
    0x0800018c   0x0800018c   0x00000004   Code   RO         6856    .ARM.Collect$$$$00000004  mc_w.l(entry5.o)
    0x08000190   0x08000190   0x00000000   Code   RO         6858    .ARM.Collect$$$$00000008  mc_w.l(entry7b.o)
    0x08000190   0x08000190   0x00000000   Code   RO         6860    .ARM.Collect$$$$0000000A  mc_w.l(entry8b.o)
    0x08000190   0x08000190   0x00000008   Code   RO         6861    .ARM.Collect$$$$0000000B  mc_w.l(entry9a.o)
    0x08000198   0x08000198   0x00000000   Code   RO         6863    .ARM.Collect$$$$0000000D  mc_w.l(entry10a.o)
    0x08000198   0x08000198   0x00000000   Code   RO         6865    .ARM.Collect$$$$0000000F  mc_w.l(entry11a.o)
    0x08000198   0x08000198   0x00000004   Code   RO         6854    .ARM.Collect$$$$00002712  mc_w.l(entry2.o)
    0x0800019c   0x0800019c   0x000000ba   Code   RO         5987    .emb_text           port.o
    0x08000256   0x08000256   0x00000002   PAD
    0x08000258   0x08000258   0x00000024   Code   RO            4    .text               startup_stm32f303xc.o
    0x0800027c   0x0800027c   0x00000020   Code   RO         6542    .text               mc_w.l(llushr.o)
    0x0800029c   0x0800029c   0x00000024   Code   RO         6544    .text               mc_w.l(memcpya.o)
    0x080002c0   0x080002c0   0x00000024   Code   RO         6546    .text               mc_w.l(memseta.o)
    0x080002e4   0x080002e4   0x0000000e   Code   RO         6548    .text               mc_w.l(strlen.o)
    0x080002f2   0x080002f2   0x0000001a   Code   RO         6813    .text               mc_w.l(atoi.o)
    0x0800030c   0x0800030c   0x0000014e   Code   RO         6815    .text               mf_w.l(dadd.o)
    0x0800045a   0x0800045a   0x000000e4   Code   RO         6817    .text               mf_w.l(dmul.o)
    0x0800053e   0x0800053e   0x000000de   Code   RO         6819    .text               mf_w.l(ddiv.o)
    0x0800061c   0x0800061c   0x00000022   Code   RO         6821    .text               mf_w.l(dflti.o)
    0x0800063e   0x0800063e   0x00000032   Code   RO         6823    .text               mf_w.l(dfixui.o)
    0x08000670   0x08000670   0x00000026   Code   RO         6825    .text               mf_w.l(f2d.o)
    0x08000696   0x08000696   0x00000038   Code   RO         6827    .text               mf_w.l(d2f.o)
    0x080006ce   0x080006ce   0x0000002c   Code   RO         6867    .text               mc_w.l(uidiv.o)
    0x080006fa   0x080006fa   0x00000062   Code   RO         6869    .text               mc_w.l(uldiv.o)
    0x0800075c   0x0800075c   0x0000001e   Code   RO         6871    .text               mc_w.l(llshl.o)
    0x0800077a   0x0800077a   0x00000024   Code   RO         6873    .text               mc_w.l(llsshr.o)
    0x0800079e   0x0800079e   0x00000002   PAD
    0x080007a0   0x080007a0   0x0000009c   Code   RO         6882    .text               mc_w.l(strtod.o)
    0x0800083c   0x0800083c   0x00000070   Code   RO         6884    .text               mc_w.l(strtol.o)
    0x080008ac   0x080008ac   0x00000000   Code   RO         6886    .text               mc_w.l(iusefp.o)
    0x080008ac   0x080008ac   0x0000006e   Code   RO         6887    .text               mf_w.l(fepilogue.o)
    0x0800091a   0x0800091a   0x000000ba   Code   RO         6889    .text               mf_w.l(depilogue.o)
    0x080009d4   0x080009d4   0x000000a2   Code   RO         6893    .text               mf_w.l(dsqrt.o)
    0x08000a76   0x08000a76   0x00000030   Code   RO         6895    .text               mf_w.l(dfixul.o)
    0x08000aa6   0x08000aa6   0x00000002   PAD
    0x08000aa8   0x08000aa8   0x00000030   Code   RO         6899    .text               mf_w.l(cdrcmple.o)
    0x08000ad8   0x08000ad8   0x00000024   Code   RO         6901    .text               mc_w.l(init.o)
    0x08000afc   0x08000afc   0x00000008   Code   RO         6905    .text               mc_w.l(ctype_o.o)
    0x08000b04   0x08000b04   0x00000012   Code   RO         6927    .text               mc_w.l(isspace_o.o)
    0x08000b16   0x08000b16   0x00000002   PAD
    0x08000b18   0x08000b18   0x00000360   Code   RO         6933    .text               mc_w.l(scanf_fp.o)
    0x08000e78   0x08000e78   0x00000040   Code   RO         6937    .text               mc_w.l(_sgetc.o)
    0x08000eb8   0x08000eb8   0x0000009e   Code   RO         6939    .text               mc_w.l(_strtoul.o)
    0x08000f56   0x08000f56   0x0000001c   Code   RO         6944    .text               mc_w.l(_chval.o)
    0x08000f72   0x08000f72   0x00000018   Code   RO         6946    .text               mf_w.l(dfltul.o)
    0x08000f8a   0x08000f8a   0x00000056   Code   RO         6956    .text               mc_w.l(__dczerorl2.o)
    0x08000fe0   0x08000fe0   0x00000044   Code   RO          307    i.AVG               lldrivers.o
    0x08001024   0x08001024   0x00000070   Code   RO          308    i.AllLedSetState    lldrivers.o
    0x08001094   0x08001094   0x00000180   Code   RO           13    i.AngleCalcTask     initmain.o
    0x08001214   0x08001214   0x00000014   Code   RO         4772    i.BSP_ACCELERO_GetXYZ  stm32f3_discovery_accelerometer.o
    0x08001228   0x08001228   0x00000030   Code   RO         4773    i.BSP_ACCELERO_Init  stm32f3_discovery_accelerometer.o
    0x08001258   0x08001258   0x00000014   Code   RO         4812    i.BSP_GYRO_GetXYZ   stm32f3_discovery_gyroscope.o
    0x0800126c   0x0800126c   0x00000040   Code   RO         4814    i.BSP_GYRO_Init     stm32f3_discovery_gyroscope.o
    0x080012ac   0x080012ac   0x00000020   Code   RO          952    i.BusFault_Handler  stm32f3xx_it.o
    0x080012cc   0x080012cc   0x00000004   Code   RO          901    i.CDC_Control_FS    usbd_cdc_if.o
    0x080012d0   0x080012d0   0x00000004   Code   RO          902    i.CDC_DeInit_FS     usbd_cdc_if.o
    0x080012d4   0x080012d4   0x00000024   Code   RO          903    i.CDC_Init_FS       usbd_cdc_if.o
    0x080012f8   0x080012f8   0x00000054   Code   RO          904    i.CDC_Receive_FS    usbd_cdc_if.o
    0x0800134c   0x0800134c   0x0000002c   Code   RO          905    i.CDC_Transmit_FS   usbd_cdc_if.o
    0x08001378   0x08001378   0x00000050   Code   RO         4877    i.COMPASSACCELERO_IO_ITConfig  stm32f3_discovery.o
    0x080013c8   0x080013c8   0x00000070   Code   RO         4878    i.COMPASSACCELERO_IO_Init  stm32f3_discovery.o
    0x08001438   0x08001438   0x00000034   Code   RO         4879    i.COMPASSACCELERO_IO_Read  stm32f3_discovery.o
    0x0800146c   0x0800146c   0x00000030   Code   RO         4880    i.COMPASSACCELERO_IO_Write  stm32f3_discovery.o
    0x0800149c   0x0800149c   0x00000002   Code   RO          953    i.DebugMon_Handler  stm32f3xx_it.o
    0x0800149e   0x0800149e   0x00000002   PAD
    0x080014a0   0x080014a0   0x0000006c   Code   RO         4881    i.GYRO_IO_Init      stm32f3_discovery.o
    0x0800150c   0x0800150c   0x00000050   Code   RO         4882    i.GYRO_IO_Read      stm32f3_discovery.o
    0x0800155c   0x0800155c   0x00000048   Code   RO         4883    i.GYRO_IO_Write     stm32f3_discovery.o
    0x080015a4   0x080015a4   0x00000060   Code   RO          309    i.GanttDebug        lldrivers.o
    0x08001604   0x08001604   0x0000004a   Code   RO         3982    i.HAL_DMA_Abort_IT  stm32f3xx_hal_dma.o
    0x0800164e   0x0800164e   0x00000002   PAD
    0x08001650   0x08001650   0x00000024   Code   RO         3599    i.HAL_Delay         stm32f3xx_hal.o
    0x08001674   0x08001674   0x0000011c   Code   RO         3913    i.HAL_GPIO_DeInit   stm32f3xx_hal_gpio.o
    0x08001790   0x08001790   0x00000188   Code   RO         3916    i.HAL_GPIO_Init     stm32f3xx_hal_gpio.o
    0x08001918   0x08001918   0x00000008   Code   RO         3919    i.HAL_GPIO_TogglePin  stm32f3xx_hal_gpio.o
    0x08001920   0x08001920   0x0000000a   Code   RO         3920    i.HAL_GPIO_WritePin  stm32f3xx_hal_gpio.o
    0x0800192a   0x0800192a   0x00000002   PAD
    0x0800192c   0x0800192c   0x0000000c   Code   RO         3603    i.HAL_GetTick       stm32f3xx_hal.o
    0x08001938   0x08001938   0x00000056   Code   RO         2262    i.HAL_I2CEx_ConfigAnalogFilter  stm32f3xx_hal_i2c_ex.o
    0x0800198e   0x0800198e   0x00000052   Code   RO         2263    i.HAL_I2CEx_ConfigDigitalFilter  stm32f3xx_hal_i2c_ex.o
    0x080019e0   0x080019e0   0x00000032   Code   RO         1836    i.HAL_I2C_DeInit    stm32f3xx_hal_i2c.o
    0x08001a12   0x08001a12   0x00000006   Code   RO         1844    i.HAL_I2C_GetState  stm32f3xx_hal_i2c.o
    0x08001a18   0x08001a18   0x000000b8   Code   RO         1845    i.HAL_I2C_Init      stm32f3xx_hal_i2c.o
    0x08001ad0   0x08001ad0   0x00000170   Code   RO         1861    i.HAL_I2C_Mem_Read  stm32f3xx_hal_i2c.o
    0x08001c40   0x08001c40   0x00000168   Code   RO         1864    i.HAL_I2C_Mem_Write  stm32f3xx_hal_i2c.o
    0x08001da8   0x08001da8   0x00000028   Code   RO         1034    i.HAL_I2C_MspDeInit  stm32f3xx_hal_msp.o
    0x08001dd0   0x08001dd0   0x0000004c   Code   RO         1035    i.HAL_I2C_MspInit   stm32f3xx_hal_msp.o
    0x08001e1c   0x08001e1c   0x00000010   Code   RO         3609    i.HAL_IncTick       stm32f3xx_hal.o
    0x08001e2c   0x08001e2c   0x00000024   Code   RO         3610    i.HAL_Init          stm32f3xx_hal.o
    0x08001e50   0x08001e50   0x00000074   Code   RO         1124    i.HAL_InitTick      stm32f3xx_hal_timebase_tim.o
    0x08001ec4   0x08001ec4   0x00000080   Code   RO         1036    i.HAL_MspInit       stm32f3xx_hal_msp.o
    0x08001f44   0x08001f44   0x0000001a   Code   RO         4084    i.HAL_NVIC_EnableIRQ  stm32f3xx_hal_cortex.o
    0x08001f5e   0x08001f5e   0x00000002   PAD
    0x08001f60   0x08001f60   0x00000040   Code   RO         4090    i.HAL_NVIC_SetPriority  stm32f3xx_hal_cortex.o
    0x08001fa0   0x08001fa0   0x00000024   Code   RO         4091    i.HAL_NVIC_SetPriorityGrouping  stm32f3xx_hal_cortex.o
    0x08001fc4   0x08001fc4   0x0000003c   Code   RO         1792    i.HAL_PCDEx_PMAConfig  stm32f3xx_hal_pcd_ex.o
    0x08002000   0x08002000   0x00000002   Code   RO          626    i.HAL_PCDEx_SetConnectionState  usbd_conf.o
    0x08002002   0x08002002   0x00000012   Code   RO          628    i.HAL_PCD_DataInStageCallback  usbd_conf.o
    0x08002014   0x08002014   0x00000014   Code   RO          629    i.HAL_PCD_DataOutStageCallback  usbd_conf.o
    0x08002028   0x08002028   0x00000182   Code   RO         1587    i.HAL_PCD_EP_Close  stm32f3xx_hal_pcd.o
    0x080021aa   0x080021aa   0x000000b0   Code   RO         1588    i.HAL_PCD_EP_ClrStall  stm32f3xx_hal_pcd.o
    0x0800225a   0x0800225a   0x00000014   Code   RO         1590    i.HAL_PCD_EP_GetRxCount  stm32f3xx_hal_pcd.o
    0x0800226e   0x0800226e   0x000002fa   Code   RO         1591    i.HAL_PCD_EP_Open   stm32f3xx_hal_pcd.o
    0x08002568   0x08002568   0x000000a6   Code   RO         1592    i.HAL_PCD_EP_Receive  stm32f3xx_hal_pcd.o
    0x0800260e   0x0800260e   0x0000008a   Code   RO         1593    i.HAL_PCD_EP_SetStall  stm32f3xx_hal_pcd.o
    0x08002698   0x08002698   0x000000d0   Code   RO         1594    i.HAL_PCD_EP_Transmit  stm32f3xx_hal_pcd.o
    0x08002768   0x08002768   0x000000f0   Code   RO         1596    i.HAL_PCD_IRQHandler  stm32f3xx_hal_pcd.o
    0x08002858   0x08002858   0x000000a6   Code   RO         1599    i.HAL_PCD_Init      stm32f3xx_hal_pcd.o
    0x080028fe   0x080028fe   0x00000002   PAD
    0x08002900   0x08002900   0x0000005c   Code   RO          634    i.HAL_PCD_MspInit   usbd_conf.o
    0x0800295c   0x0800295c   0x0000001a   Code   RO          635    i.HAL_PCD_ResetCallback  usbd_conf.o
    0x08002976   0x08002976   0x00000008   Code   RO          636    i.HAL_PCD_ResumeCallback  usbd_conf.o
    0x0800297e   0x0800297e   0x00000008   Code   RO          637    i.HAL_PCD_SOFCallback  usbd_conf.o
    0x08002986   0x08002986   0x0000002c   Code   RO         1605    i.HAL_PCD_SetAddress  stm32f3xx_hal_pcd.o
    0x080029b2   0x080029b2   0x0000000e   Code   RO          638    i.HAL_PCD_SetupStageCallback  usbd_conf.o
    0x080029c0   0x080029c0   0x0000000c   Code   RO         1607    i.HAL_PCD_Start     stm32f3xx_hal_pcd.o
    0x080029cc   0x080029cc   0x00000024   Code   RO          639    i.HAL_PCD_SuspendCallback  usbd_conf.o
    0x080029f0   0x080029f0   0x00000218   Code   RO         3873    i.HAL_RCCEx_PeriphCLKConfig  stm32f3xx_hal_rcc_ex.o
    0x08002c08   0x08002c08   0x00000144   Code   RO         3767    i.HAL_RCC_ClockConfig  stm32f3xx_hal_rcc.o
    0x08002d4c   0x08002d4c   0x00000040   Code   RO         3771    i.HAL_RCC_GetClockConfig  stm32f3xx_hal_rcc.o
    0x08002d8c   0x08002d8c   0x0000000c   Code   RO         3772    i.HAL_RCC_GetHCLKFreq  stm32f3xx_hal_rcc.o
    0x08002d98   0x08002d98   0x00000030   Code   RO         3774    i.HAL_RCC_GetPCLK1Freq  stm32f3xx_hal_rcc.o
    0x08002dc8   0x08002dc8   0x00000030   Code   RO         3775    i.HAL_RCC_GetPCLK2Freq  stm32f3xx_hal_rcc.o
    0x08002df8   0x08002df8   0x00000064   Code   RO         3776    i.HAL_RCC_GetSysClockFreq  stm32f3xx_hal_rcc.o
    0x08002e5c   0x08002e5c   0x00000590   Code   RO         3779    i.HAL_RCC_OscConfig  stm32f3xx_hal_rcc.o
    0x080033ec   0x080033ec   0x0000002e   Code   RO         2322    i.HAL_SPI_DeInit    stm32f3xx_hal_spi.o
    0x0800341a   0x0800341a   0x00000006   Code   RO         2325    i.HAL_SPI_GetState  stm32f3xx_hal_spi.o
    0x08003420   0x08003420   0x000000b6   Code   RO         2327    i.HAL_SPI_Init      stm32f3xx_hal_spi.o
    0x080034d6   0x080034d6   0x00000002   PAD
    0x080034d8   0x080034d8   0x00000028   Code   RO         1037    i.HAL_SPI_MspDeInit  stm32f3xx_hal_msp.o
    0x08003500   0x08003500   0x00000048   Code   RO         1038    i.HAL_SPI_MspInit   stm32f3xx_hal_msp.o
    0x08003548   0x08003548   0x0000023e   Code   RO         2336    i.HAL_SPI_TransmitReceive  stm32f3xx_hal_spi.o
    0x08003786   0x08003786   0x00000018   Code   RO         4093    i.HAL_SYSTICK_CLKSourceConfig  stm32f3xx_hal_cortex.o
    0x0800379e   0x0800379e   0x00000028   Code   RO         4095    i.HAL_SYSTICK_Config  stm32f3xx_hal_cortex.o
    0x080037c6   0x080037c6   0x00000002   Code   RO         3313    i.HAL_TIMEx_Break2Callback  stm32f3xx_hal_tim_ex.o
    0x080037c8   0x080037c8   0x00000002   Code   RO         3314    i.HAL_TIMEx_BreakCallback  stm32f3xx_hal_tim_ex.o
    0x080037ca   0x080037ca   0x00000002   Code   RO         3315    i.HAL_TIMEx_CommutationCallback  stm32f3xx_hal_tim_ex.o
    0x080037cc   0x080037cc   0x00000094   Code   RO         3316    i.HAL_TIMEx_ConfigBreakDeadTime  stm32f3xx_hal_tim_ex.o
    0x08003860   0x08003860   0x00000058   Code   RO         3332    i.HAL_TIMEx_MasterConfigSynchronization  stm32f3xx_hal_tim_ex.o
    0x080038b8   0x080038b8   0x00000036   Code   RO         2669    i.HAL_TIM_Base_Init  stm32f3xx_hal_tim.o
    0x080038ee   0x080038ee   0x00000002   PAD
    0x080038f0   0x080038f0   0x00000040   Code   RO         1040    i.HAL_TIM_Base_MspInit  stm32f3xx_hal_msp.o
    0x08003930   0x08003930   0x00000018   Code   RO         2674    i.HAL_TIM_Base_Start_IT  stm32f3xx_hal_tim.o
    0x08003948   0x08003948   0x00000002   Code   RO         2700    i.HAL_TIM_IC_CaptureCallback  stm32f3xx_hal_tim.o
    0x0800394a   0x0800394a   0x00000184   Code   RO         2713    i.HAL_TIM_IRQHandler  stm32f3xx_hal_tim.o
    0x08003ace   0x08003ace   0x00000002   PAD
    0x08003ad0   0x08003ad0   0x000000a8   Code   RO         1041    i.HAL_TIM_MspPostInit  stm32f3xx_hal_msp.o
    0x08003b78   0x08003b78   0x00000002   Code   RO         2716    i.HAL_TIM_OC_DelayElapsedCallback  stm32f3xx_hal_tim.o
    0x08003b7a   0x08003b7a   0x00000128   Code   RO         3352    i.HAL_TIM_PWM_ConfigChannel  stm32f3xx_hal_tim_ex.o
    0x08003ca2   0x08003ca2   0x00000036   Code   RO         2740    i.HAL_TIM_PWM_Init  stm32f3xx_hal_tim.o
    0x08003cd8   0x08003cd8   0x0000005c   Code   RO         1043    i.HAL_TIM_PWM_MspInit  stm32f3xx_hal_msp.o
    0x08003d34   0x08003d34   0x00000002   Code   RO         2743    i.HAL_TIM_PWM_PulseFinishedCallback  stm32f3xx_hal_tim.o
    0x08003d36   0x08003d36   0x00000002   PAD
    0x08003d38   0x08003d38   0x00000058   Code   RO         2744    i.HAL_TIM_PWM_Start  stm32f3xx_hal_tim.o
    0x08003d90   0x08003d90   0x0000000e   Code   RO          464    i.HAL_TIM_PeriodElapsedCallback  main.o
    0x08003d9e   0x08003d9e   0x00000002   Code   RO         2754    i.HAL_TIM_TriggerCallback  stm32f3xx_hal_tim.o
    0x08003da0   0x08003da0   0x00000002   Code   RO         1529    i.HAL_UARTEx_WakeupCallback  stm32f3xx_hal_uart_ex.o
    0x08003da2   0x08003da2   0x00000002   PAD
    0x08003da4   0x08003da4   0x0000002c   Code   RO           14    i.HAL_UART_ErrorCallback  initmain.o
    0x08003dd0   0x08003dd0   0x00000140   Code   RO         1189    i.HAL_UART_IRQHandler  stm32f3xx_hal_uart.o
    0x08003f10   0x08003f10   0x0000006a   Code   RO         1190    i.HAL_UART_Init     stm32f3xx_hal_uart.o
    0x08003f7a   0x08003f7a   0x00000002   PAD
    0x08003f7c   0x08003f7c   0x000000d4   Code   RO         1045    i.HAL_UART_MspInit  stm32f3xx_hal_msp.o
    0x08004050   0x08004050   0x0000007a   Code   RO         1195    i.HAL_UART_Receive_IT  stm32f3xx_hal_uart.o
    0x080040ca   0x080040ca   0x00000002   PAD
    0x080040cc   0x080040cc   0x00000038   Code   RO           15    i.HAL_UART_RxCpltCallback  initmain.o
    0x08004104   0x08004104   0x0000003e   Code   RO         1200    i.HAL_UART_Transmit_IT  stm32f3xx_hal_uart.o
    0x08004142   0x08004142   0x00000002   Code   RO         1201    i.HAL_UART_TxCpltCallback  stm32f3xx_hal_uart.o
    0x08004144   0x08004144   0x00000038   Code   RO          954    i.HardFault_Handler  stm32f3xx_it.o
    0x0800417c   0x0800417c   0x00000022   Code   RO         1887    i.I2C_Flush_TXDR    stm32f3xx_hal_i2c.o
    0x0800419e   0x0800419e   0x00000002   PAD
    0x080041a0   0x080041a0   0x0000007c   Code   RO         1895    i.I2C_IsAcknowledgeFailed  stm32f3xx_hal_i2c.o
    0x0800421c   0x0800421c   0x00000070   Code   RO         1898    i.I2C_RequestMemoryRead  stm32f3xx_hal_i2c.o
    0x0800428c   0x0800428c   0x00000070   Code   RO         1899    i.I2C_RequestMemoryWrite  stm32f3xx_hal_i2c.o
    0x080042fc   0x080042fc   0x0000002c   Code   RO         1902    i.I2C_TransferConfig  stm32f3xx_hal_i2c.o
    0x08004328   0x08004328   0x00000052   Code   RO         1903    i.I2C_WaitOnFlagUntilTimeout  stm32f3xx_hal_i2c.o
    0x0800437a   0x0800437a   0x0000004e   Code   RO         1905    i.I2C_WaitOnSTOPFlagUntilTimeout  stm32f3xx_hal_i2c.o
    0x080043c8   0x080043c8   0x00000052   Code   RO         1906    i.I2C_WaitOnTXISFlagUntilTimeout  stm32f3xx_hal_i2c.o
    0x0800441a   0x0800441a   0x00000002   PAD
    0x0800441c   0x0800441c   0x00000014   Code   RO         4884    i.I2Cx_Error        stm32f3_discovery.o
    0x08004430   0x08004430   0x00000084   Code   RO         4885    i.I2Cx_Init         stm32f3_discovery.o
    0x080044b4   0x080044b4   0x00000038   Code   RO         4575    i.L3GD20_DisableIT  l3gd20.o
    0x080044ec   0x080044ec   0x00000040   Code   RO         4576    i.L3GD20_EnableIT   l3gd20.o
    0x0800452c   0x0800452c   0x00000028   Code   RO         4577    i.L3GD20_FilterCmd  l3gd20.o
    0x08004554   0x08004554   0x00000028   Code   RO         4578    i.L3GD20_FilterConfig  l3gd20.o
    0x0800457c   0x0800457c   0x00000052   Code   RO         4580    i.L3GD20_INT1InterruptConfig  l3gd20.o
    0x080045ce   0x080045ce   0x0000002e   Code   RO         4581    i.L3GD20_Init       l3gd20.o
    0x080045fc   0x080045fc   0x00000016   Code   RO         4582    i.L3GD20_ReadID     l3gd20.o
    0x08004612   0x08004612   0x00000002   PAD
    0x08004614   0x08004614   0x000000cc   Code   RO         4583    i.L3GD20_ReadXYZAngRate  l3gd20.o
    0x080046e0   0x080046e0   0x00000024   Code   RO         4584    i.L3GD20_RebootCmd  l3gd20.o
    0x08004704   0x08004704   0x0000039c   Code   RO          310    i.LLDriverCliMenu   lldrivers.o
    0x08004aa0   0x08004aa0   0x00000046   Code   RO         4648    i.LSM303DLHC_AccClickITEnable  lsm303dlhc.o
    0x08004ae6   0x08004ae6   0x0000001e   Code   RO         4649    i.LSM303DLHC_AccFilterClickCmd  lsm303dlhc.o
    0x08004b04   0x08004b04   0x0000001e   Code   RO         4650    i.LSM303DLHC_AccFilterCmd  lsm303dlhc.o
    0x08004b22   0x08004b22   0x0000001e   Code   RO         4651    i.LSM303DLHC_AccFilterConfig  lsm303dlhc.o
    0x08004b40   0x08004b40   0x0000001c   Code   RO         4657    i.LSM303DLHC_AccIT1Enable  lsm303dlhc.o
    0x08004b5c   0x08004b5c   0x00000020   Code   RO         4660    i.LSM303DLHC_AccInit  lsm303dlhc.o
    0x08004b7c   0x08004b7c   0x00000012   Code   RO         4661    i.LSM303DLHC_AccReadID  lsm303dlhc.o
    0x08004b8e   0x08004b8e   0x00000002   PAD
    0x08004b90   0x08004b90   0x000000ec   Code   RO         4662    i.LSM303DLHC_AccReadXYZ  lsm303dlhc.o
    0x08004c7c   0x08004c7c   0x0000001a   Code   RO         4663    i.LSM303DLHC_AccRebootCmd  lsm303dlhc.o
    0x08004c96   0x08004c96   0x0000001c   Code   RO         4664    i.LSM303DLHC_AccZClickITConfig  lsm303dlhc.o
    0x08004cb2   0x08004cb2   0x00000002   PAD
    0x08004cb4   0x08004cb4   0x00000120   Code   RO          465    i.MX_GPIO_Init      main.o
    0x08004dd4   0x08004dd4   0x00000064   Code   RO          466    i.MX_I2C1_Init      main.o
    0x08004e38   0x08004e38   0x00000054   Code   RO          467    i.MX_SPI1_Init      main.o
    0x08004e8c   0x08004e8c   0x000000a8   Code   RO          468    i.MX_TIM15_Init     main.o
    0x08004f34   0x08004f34   0x000000a8   Code   RO          469    i.MX_TIM16_Init     main.o
    0x08004fdc   0x08004fdc   0x000000a4   Code   RO          470    i.MX_TIM17_Init     main.o
    0x08005080   0x08005080   0x0000006c   Code   RO          471    i.MX_TIM3_Init      main.o
    0x080050ec   0x080050ec   0x00000074   Code   RO          472    i.MX_TIM4_Init      main.o
    0x08005160   0x08005160   0x00000044   Code   RO          473    i.MX_USART1_UART_Init  main.o
    0x080051a4   0x080051a4   0x00000044   Code   RO          474    i.MX_USART2_UART_Init  main.o
    0x080051e8   0x080051e8   0x00000050   Code   RO          475    i.MX_USART3_UART_Init  main.o
    0x08005238   0x08005238   0x00000038   Code   RO          589    i.MX_USB_DEVICE_Init  usb_device.o
    0x08005270   0x08005270   0x00000020   Code   RO          955    i.MemManage_Handler  stm32f3xx_it.o
    0x08005290   0x08005290   0x00000002   Code   RO          956    i.NMI_Handler       stm32f3xx_it.o
    0x08005292   0x08005292   0x0000036a   Code   RO         1610    i.PCD_EP_ISR_Handler  stm32f3xx_hal_pcd.o
    0x080055fc   0x080055fc   0x0000002c   Code   RO         1794    i.PCD_ReadPMA       stm32f3xx_hal_pcd_ex.o
    0x08005628   0x08005628   0x00000026   Code   RO         1795    i.PCD_WritePMA      stm32f3xx_hal_pcd_ex.o
    0x0800564e   0x0800564e   0x00000048   Code   RO         2365    i.SPI_EndRxTxTransaction  stm32f3xx_hal_spi.o
    0x08005696   0x08005696   0x0000009e   Code   RO         2370    i.SPI_WaitFifoStateUntilTimeout  stm32f3xx_hal_spi.o
    0x08005734   0x08005734   0x00000094   Code   RO         2371    i.SPI_WaitFlagStateUntilTimeout  stm32f3xx_hal_spi.o
    0x080057c8   0x080057c8   0x00000094   Code   RO         4886    i.SPIx_Init         stm32f3_discovery.o
    0x0800585c   0x0800585c   0x00000038   Code   RO         4887    i.SPIx_WriteRead    stm32f3_discovery.o
    0x08005894   0x08005894   0x00000068   Code   RO           16    i.StartDefaultTask  initmain.o
    0x080058fc   0x080058fc   0x00000004   Code   RO          957    i.SysTick_Handler   stm32f3xx_it.o
    0x08005900   0x08005900   0x000000ac   Code   RO          476    i.SystemClock_Config  main.o
    0x080059ac   0x080059ac   0x00000068   Code   RO         4541    i.SystemInit        system_stm32f3xx.o
    0x08005a14   0x08005a14   0x0000000c   Code   RO          958    i.TIM2_IRQHandler   stm32f3xx_it.o
    0x08005a20   0x08005a20   0x000000b0   Code   RO         2755    i.TIM_Base_SetConfig  stm32f3xx_hal_tim.o
    0x08005ad0   0x08005ad0   0x00000016   Code   RO         2756    i.TIM_CCxChannelCmd  stm32f3xx_hal_tim.o
    0x08005ae6   0x08005ae6   0x00000002   PAD
    0x08005ae8   0x08005ae8   0x0000009c   Code   RO         2764    i.TIM_OC1_SetConfig  stm32f3xx_hal_tim.o
    0x08005b84   0x08005b84   0x00000090   Code   RO         2765    i.TIM_OC2_SetConfig  stm32f3xx_hal_tim.o
    0x08005c14   0x08005c14   0x00000090   Code   RO         2766    i.TIM_OC3_SetConfig  stm32f3xx_hal_tim.o
    0x08005ca4   0x08005ca4   0x00000074   Code   RO         2767    i.TIM_OC4_SetConfig  stm32f3xx_hal_tim.o
    0x08005d18   0x08005d18   0x00000070   Code   RO         3355    i.TIM_OC5_SetConfig  stm32f3xx_hal_tim_ex.o
    0x08005d88   0x08005d88   0x00000070   Code   RO         3356    i.TIM_OC6_SetConfig  stm32f3xx_hal_tim_ex.o
    0x08005df8   0x08005df8   0x000000c8   Code   RO         1203    i.UART_AdvFeatureConfig  stm32f3xx_hal_uart.o
    0x08005ec0   0x08005ec0   0x0000005c   Code   RO         1204    i.UART_CheckIdleState  stm32f3xx_hal_uart.o
    0x08005f1c   0x08005f1c   0x00000014   Code   RO         1205    i.UART_DMAAbortOnError  stm32f3xx_hal_uart.o
    0x08005f30   0x08005f30   0x0000001c   Code   RO         1215    i.UART_EndRxTransfer  stm32f3xx_hal_uart.o
    0x08005f4c   0x08005f4c   0x0000001a   Code   RO         1216    i.UART_EndTransmit_IT  stm32f3xx_hal_uart.o
    0x08005f66   0x08005f66   0x00000076   Code   RO         1218    i.UART_Receive_IT   stm32f3xx_hal_uart.o
    0x08005fdc   0x08005fdc   0x000001d4   Code   RO         1219    i.UART_SetConfig    stm32f3xx_hal_uart.o
    0x080061b0   0x080061b0   0x00000064   Code   RO         1220    i.UART_Transmit_IT  stm32f3xx_hal_uart.o
    0x08006214   0x08006214   0x00000064   Code   RO         1221    i.UART_WaitOnFlagUntilTimeout  stm32f3xx_hal_uart.o
    0x08006278   0x08006278   0x00000044   Code   RO           17    i.USART1_IRQHandler  initmain.o
    0x080062bc   0x080062bc   0x0000000c   Code   RO          959    i.USART2_IRQHandler  stm32f3xx_it.o
    0x080062c8   0x080062c8   0x00000028   Code   RO           18    i.USART3_IRQHandler  initmain.o
    0x080062f0   0x080062f0   0x00000014   Code   RO         6330    i.USBD_CDC_DataIn   usbd_cdc.o
    0x08006304   0x08006304   0x0000002e   Code   RO         6331    i.USBD_CDC_DataOut  usbd_cdc.o
    0x08006332   0x08006332   0x0000003c   Code   RO         6332    i.USBD_CDC_DeInit   usbd_cdc.o
    0x0800636e   0x0800636e   0x00000024   Code   RO         6333    i.USBD_CDC_EP0_RxReady  usbd_cdc.o
    0x08006392   0x08006392   0x00000002   PAD
    0x08006394   0x08006394   0x0000000c   Code   RO         6334    i.USBD_CDC_GetDeviceQualifierDescriptor  usbd_cdc.o
    0x080063a0   0x080063a0   0x0000000c   Code   RO         6335    i.USBD_CDC_GetFSCfgDesc  usbd_cdc.o
    0x080063ac   0x080063ac   0x0000000c   Code   RO         6336    i.USBD_CDC_GetHSCfgDesc  usbd_cdc.o
    0x080063b8   0x080063b8   0x0000000c   Code   RO         6337    i.USBD_CDC_GetOtherSpeedCfgDesc  usbd_cdc.o
    0x080063c4   0x080063c4   0x00000088   Code   RO         6338    i.USBD_CDC_Init     usbd_cdc.o
    0x0800644c   0x0800644c   0x00000028   Code   RO         6339    i.USBD_CDC_ReceivePacket  usbd_cdc.o
    0x08006474   0x08006474   0x00000010   Code   RO         6340    i.USBD_CDC_RegisterInterface  usbd_cdc.o
    0x08006484   0x08006484   0x0000000c   Code   RO         6341    i.USBD_CDC_SetRxBuffer  usbd_cdc.o
    0x08006490   0x08006490   0x00000010   Code   RO         6342    i.USBD_CDC_SetTxBuffer  usbd_cdc.o
    0x080064a0   0x080064a0   0x00000070   Code   RO         6343    i.USBD_CDC_Setup    usbd_cdc.o
    0x08006510   0x08006510   0x00000030   Code   RO         6344    i.USBD_CDC_TransmitPacket  usbd_cdc.o
    0x08006540   0x08006540   0x0000000e   Code   RO         6067    i.USBD_ClrClassConfig  usbd_core.o
    0x0800654e   0x0800654e   0x00000010   Code   RO         6270    i.USBD_CtlContinueRx  usbd_ioreq.o
    0x0800655e   0x0800655e   0x00000010   Code   RO         6271    i.USBD_CtlContinueSendData  usbd_ioreq.o
    0x0800656e   0x0800656e   0x00000016   Code   RO         6205    i.USBD_CtlError     usbd_ctlreq.o
    0x08006584   0x08006584   0x0000001e   Code   RO         6272    i.USBD_CtlPrepareRx  usbd_ioreq.o
    0x080065a2   0x080065a2   0x00000016   Code   RO         6273    i.USBD_CtlReceiveStatus  usbd_ioreq.o
    0x080065b8   0x080065b8   0x0000001a   Code   RO         6274    i.USBD_CtlSendData  usbd_ioreq.o
    0x080065d2   0x080065d2   0x00000016   Code   RO         6275    i.USBD_CtlSendStatus  usbd_ioreq.o
    0x080065e8   0x080065e8   0x00000020   Code   RO          833    i.USBD_FS_ConfigStrDescriptor  usbd_desc.o
    0x08006608   0x08006608   0x0000000c   Code   RO          834    i.USBD_FS_DeviceDescriptor  usbd_desc.o
    0x08006614   0x08006614   0x00000024   Code   RO          835    i.USBD_FS_InterfaceStrDescriptor  usbd_desc.o
    0x08006638   0x08006638   0x0000000c   Code   RO          836    i.USBD_FS_LangIDStrDescriptor  usbd_desc.o
    0x08006644   0x08006644   0x00000028   Code   RO          837    i.USBD_FS_ManufacturerStrDescriptor  usbd_desc.o
    0x0800666c   0x0800666c   0x0000002c   Code   RO          838    i.USBD_FS_ProductStrDescriptor  usbd_desc.o
    0x08006698   0x08006698   0x00000024   Code   RO          839    i.USBD_FS_SerialStrDescriptor  usbd_desc.o
    0x080066bc   0x080066bc   0x000000e0   Code   RO         6206    i.USBD_GetDescriptor  usbd_ctlreq.o
    0x0800679c   0x0800679c   0x00000046   Code   RO         6207    i.USBD_GetString    usbd_ctlreq.o
    0x080067e2   0x080067e2   0x0000002a   Code   RO         6069    i.USBD_Init         usbd_core.o
    0x0800680c   0x0800680c   0x00000020   Code   RO          640    i.USBD_LL_ClearStallEP  usbd_conf.o
    0x0800682c   0x0800682c   0x00000020   Code   RO          641    i.USBD_LL_CloseEP   usbd_conf.o
    0x0800684c   0x0800684c   0x000000aa   Code   RO         6070    i.USBD_LL_DataInStage  usbd_core.o
    0x080068f6   0x080068f6   0x0000006a   Code   RO         6071    i.USBD_LL_DataOutStage  usbd_core.o
    0x08006960   0x08006960   0x00000008   Code   RO          645    i.USBD_LL_GetRxDataSize  usbd_conf.o
    0x08006968   0x08006968   0x0000009c   Code   RO          646    i.USBD_LL_Init      usbd_conf.o
    0x08006a04   0x08006a04   0x00000020   Code   RO          647    i.USBD_LL_IsStallEP  usbd_conf.o
    0x08006a24   0x08006a24   0x00000026   Code   RO          648    i.USBD_LL_OpenEP    usbd_conf.o
    0x08006a4a   0x08006a4a   0x00000020   Code   RO          649    i.USBD_LL_PrepareReceive  usbd_conf.o
    0x08006a6a   0x08006a6a   0x0000003e   Code   RO         6076    i.USBD_LL_Reset     usbd_core.o
    0x08006aa8   0x08006aa8   0x0000000c   Code   RO         6077    i.USBD_LL_Resume    usbd_core.o
    0x08006ab4   0x08006ab4   0x00000018   Code   RO         6078    i.USBD_LL_SOF       usbd_core.o
    0x08006acc   0x08006acc   0x00000006   Code   RO         6079    i.USBD_LL_SetSpeed  usbd_core.o
    0x08006ad2   0x08006ad2   0x00000020   Code   RO          650    i.USBD_LL_SetUSBAddress  usbd_conf.o
    0x08006af2   0x08006af2   0x0000005a   Code   RO         6080    i.USBD_LL_SetupStage  usbd_core.o
    0x08006b4c   0x08006b4c   0x00000020   Code   RO          651    i.USBD_LL_StallEP   usbd_conf.o
    0x08006b6c   0x08006b6c   0x00000020   Code   RO          652    i.USBD_LL_Start     usbd_conf.o
    0x08006b8c   0x08006b8c   0x00000012   Code   RO         6081    i.USBD_LL_Suspend   usbd_core.o
    0x08006b9e   0x08006b9e   0x00000020   Code   RO          654    i.USBD_LL_Transmit  usbd_conf.o
    0x08006bbe   0x08006bbe   0x00000028   Code   RO         6208    i.USBD_ParseSetupRequest  usbd_ctlreq.o
    0x08006be6   0x08006be6   0x00000010   Code   RO         6082    i.USBD_RegisterClass  usbd_core.o
    0x08006bf6   0x08006bf6   0x00000016   Code   RO         6084    i.USBD_SetClassConfig  usbd_core.o
    0x08006c0c   0x08006c0c   0x00000074   Code   RO         6209    i.USBD_SetConfig    usbd_ctlreq.o
    0x08006c80   0x08006c80   0x0000000a   Code   RO         6085    i.USBD_Start        usbd_core.o
    0x08006c8a   0x08006c8a   0x000000f2   Code   RO         6210    i.USBD_StdDevReq    usbd_ctlreq.o
    0x08006d7c   0x08006d7c   0x000000dc   Code   RO         6211    i.USBD_StdEPReq     usbd_ctlreq.o
    0x08006e58   0x08006e58   0x00000034   Code   RO         6212    i.USBD_StdItfReq    usbd_ctlreq.o
    0x08006e8c   0x08006e8c   0x00000002   Code   RO          655    i.USBD_static_free  usbd_conf.o
    0x08006e8e   0x08006e8e   0x00000002   PAD
    0x08006e90   0x08006e90   0x00000008   Code   RO          656    i.USBD_static_malloc  usbd_conf.o
    0x08006e98   0x08006e98   0x0000000c   Code   RO          960    i.USB_LP_CAN_RX0_IRQHandler  stm32f3xx_it.o
    0x08006ea4   0x08006ea4   0x00000020   Code   RO          961    i.UsageFault_Handler  stm32f3xx_it.o
    0x08006ec4   0x08006ec4   0x00000050   Code   RO          477    i._Error_Handler    main.o
    0x08006f14   0x08006f14   0x00000020   Code   RO         6785    i.__0printf         mc_w.l(printfa.o)
    0x08006f34   0x08006f34   0x00000028   Code   RO         6787    i.__0sprintf        mc_w.l(printfa.o)
    0x08006f5c   0x08006f5c   0x00000030   Code   RO         6849    i.__ARM_fpclassify  m_wm.l(fpclassify.o)
    0x08006f8c   0x08006f8c   0x00000020   Code   RO         4097    i.__NVIC_SetPriority  stm32f3xx_hal_cortex.o
    0x08006fac   0x08006fac   0x00000008   Code   RO         6875    i.__aeabi_errno_addr  mc_w.l(errno.o)
    0x08006fb4   0x08006fb4   0x00000004   PAD
    0x08006fb8   0x08006fb8   0x000002d8   Code   RO         6500    i.__hardfp_atan     m_wm.l(atan.o)
    0x08007290   0x08007290   0x00000038   Code   RO         6514    i.__hardfp_atof     m_wm.l(atof.o)
    0x080072c8   0x080072c8   0x0000007a   Code   RO         6520    i.__hardfp_sqrt     m_wm.l(sqrt.o)
    0x08007342   0x08007342   0x000000f8   Code   RO         6851    i.__kernel_poly     m_wm.l(poly.o)
    0x0800743a   0x0800743a   0x00000014   Code   RO         6830    i.__mathlib_dbl_infnan  m_wm.l(dunder.o)
    0x0800744e   0x0800744e   0x00000002   PAD
    0x08007450   0x08007450   0x00000020   Code   RO         6835    i.__mathlib_dbl_underflow  m_wm.l(dunder.o)
    0x08007470   0x08007470   0x0000000c   Code   RO         6876    i.__read_errno      mc_w.l(errno.o)
    0x0800747c   0x0800747c   0x0000000e   Code   RO         6950    i.__scatterload_copy  mc_w.l(handlers.o)
    0x0800748a   0x0800748a   0x00000002   Code   RO         6951    i.__scatterload_null  mc_w.l(handlers.o)
    0x0800748c   0x0800748c   0x0000000e   Code   RO         6952    i.__scatterload_zeroinit  mc_w.l(handlers.o)
    0x0800749a   0x0800749a   0x00000002   PAD
    0x0800749c   0x0800749c   0x0000000c   Code   RO         6877    i.__set_errno       mc_w.l(errno.o)
    0x080074a8   0x080074a8   0x00000184   Code   RO         6792    i._fp_digits        mc_w.l(printfa.o)
    0x0800762c   0x0800762c   0x0000000e   Code   RO         6935    i._is_digit         mc_w.l(scanf_fp.o)
    0x0800763a   0x0800763a   0x00000002   PAD
    0x0800763c   0x0800763c   0x000006dc   Code   RO         6793    i._printf_core      mc_w.l(printfa.o)
    0x08007d18   0x08007d18   0x00000024   Code   RO         6794    i._printf_post_padding  mc_w.l(printfa.o)
    0x08007d3c   0x08007d3c   0x0000002e   Code   RO         6795    i._printf_pre_padding  mc_w.l(printfa.o)
    0x08007d6a   0x08007d6a   0x0000000a   Code   RO         6797    i._sputc            mc_w.l(printfa.o)
    0x08007d74   0x08007d74   0x0000006c   Code   RO          312    i.calculatePID      lldrivers.o
    0x08007de0   0x08007de0   0x000000e0   Code   RO          313    i.calibrateIMU      lldrivers.o
    0x08007ec0   0x08007ec0   0x00000078   Code   RO          314    i.debugPrint        lldrivers.o
    0x08007f38   0x08007f38   0x00000018   Code   RO          315    i.enableLeftMDriver  lldrivers.o
    0x08007f50   0x08007f50   0x00000014   Code   RO          316    i.enableRightMDriver  lldrivers.o
    0x08007f64   0x08007f64   0x00000018   Code   RO         6845    i.fabs              m_wm.l(fabs.o)
    0x08007f7c   0x08007f7c   0x0000001c   Code   RO          478    i.fputc             main.o
    0x08007f98   0x08007f98   0x000000d8   Code   RO          317    i.getAccelAngle     lldrivers.o
    0x08008070   0x08008070   0x00000038   Code   RO          318    i.init_PWMTimers    lldrivers.o
    0x080080a8   0x080080a8   0x0000005c   Code   RO          319    i.initialiseParam   lldrivers.o
    0x08008104   0x08008104   0x00000088   Code   RO          479    i.main              main.o
    0x0800818c   0x0800818c   0x0000000c   Code   RO         5550    i.makeFreeRtosPriority  cmsis_os.o
    0x08008198   0x08008198   0x0000000e   Code   RO         5552    i.osDelay           cmsis_os.o
    0x080081a6   0x080081a6   0x0000000a   Code   RO         5555    i.osKernelStart     cmsis_os.o
    0x080081b0   0x080081b0   0x00000014   Code   RO         5588    i.osSystickHandler  cmsis_os.o
    0x080081c4   0x080081c4   0x0000002e   Code   RO         5589    i.osThreadCreate    cmsis_os.o
    0x080081f2   0x080081f2   0x00000004   Code   RO         5590    i.osThreadGetId     cmsis_os.o
    0x080081f6   0x080081f6   0x00000002   PAD
    0x080081f8   0x080081f8   0x0000004c   Code   RO           19    i.printSerial       initmain.o
    0x08008244   0x08008244   0x00000070   Code   RO         5001    i.prvAddCurrentTaskToDelayedList  tasks.o
    0x080082b4   0x080082b4   0x000000d0   Code   RO         5002    i.prvAddNewTaskToReadyList  tasks.o
    0x08008384   0x08008384   0x00000050   Code   RO         5003    i.prvCheckTasksWaitingTermination  tasks.o
    0x080083d4   0x080083d4   0x00000014   Code   RO         5004    i.prvDeleteTCB      tasks.o
    0x080083e8   0x080083e8   0x0000004c   Code   RO         5926    i.prvHeapInit       heap_4.o
    0x08008434   0x08008434   0x00000028   Code   RO         5005    i.prvIdleTask       tasks.o
    0x0800845c   0x0800845c   0x0000008e   Code   RO         5006    i.prvInitialiseNewTask  tasks.o
    0x080084ea   0x080084ea   0x00000002   PAD
    0x080084ec   0x080084ec   0x0000004c   Code   RO         5927    i.prvInsertBlockIntoFreeList  heap_4.o
    0x08008538   0x08008538   0x00000020   Code   RO         5007    i.prvResetNextTaskUnblockTime  tasks.o
    0x08008558   0x08008558   0x00000028   Code   RO         5988    i.prvTaskExitError  port.o
    0x08008580   0x08008580   0x000000d8   Code   RO         5928    i.pvPortMalloc      heap_4.o
    0x08008658   0x08008658   0x0000002c   Code   RO         5989    i.pxPortInitialiseStack  port.o
    0x08008684   0x08008684   0x00000018   Code   RO          320    i.setLeftStepperDir  lldrivers.o
    0x0800869c   0x0800869c   0x00000048   Code   RO          321    i.setLeftStepperMode  lldrivers.o
    0x080086e4   0x080086e4   0x00000104   Code   RO          322    i.setMotorCmd       lldrivers.o
    0x080087e8   0x080087e8   0x00000018   Code   RO          323    i.setRightStepperDir  lldrivers.o
    0x08008800   0x08008800   0x00000054   Code   RO          324    i.setRightStepperMode  lldrivers.o
    0x08008854   0x08008854   0x00000026   Code   RO          325    i.setStepperAngleDir  lldrivers.o
    0x0800887a   0x0800887a   0x00000012   Code   RO          326    i.setStepperMotorMode  lldrivers.o
    0x0800888c   0x0800888c   0x0000006c   Code   RO          327    i.stateManage       lldrivers.o
    0x080088f8   0x080088f8   0x00000064   Code   RO          328    i.toggleAllLeds     lldrivers.o
    0x0800895c   0x0800895c   0x00000024   Code   RO         5432    i.uxListRemove      list.o
    0x08008980   0x08008980   0x00000016   Code   RO         5433    i.vListInitialise   list.o
    0x08008996   0x08008996   0x00000006   Code   RO         5434    i.vListInitialiseItem  list.o
    0x0800899c   0x0800899c   0x00000030   Code   RO         5435    i.vListInsert       list.o
    0x080089cc   0x080089cc   0x00000018   Code   RO         5436    i.vListInsertEnd    list.o
    0x080089e4   0x080089e4   0x00000040   Code   RO         5991    i.vPortEnterCritical  port.o
    0x08008a24   0x08008a24   0x00000028   Code   RO         5992    i.vPortExitCritical  port.o
    0x08008a4c   0x08008a4c   0x0000005c   Code   RO         5929    i.vPortFree         heap_4.o
    0x08008aa8   0x08008aa8   0x00000020   Code   RO         5993    i.vPortSetupTimerInterrupt  port.o
    0x08008ac8   0x08008ac8   0x0000004c   Code   RO         5015    i.vTaskDelay        tasks.o
    0x08008b14   0x08008b14   0x00000068   Code   RO         5026    i.vTaskStartScheduler  tasks.o
    0x08008b7c   0x08008b7c   0x00000010   Code   RO         5028    i.vTaskSuspendAll   tasks.o
    0x08008b8c   0x08008b8c   0x0000005c   Code   RO         5029    i.vTaskSwitchContext  tasks.o
    0x08008be8   0x08008be8   0x000000e0   Code   RO         5995    i.xPortStartScheduler  port.o
    0x08008cc8   0x08008cc8   0x0000002c   Code   RO         5996    i.xPortSysTickHandler  port.o
    0x08008cf4   0x08008cf4   0x00000056   Code   RO         5031    i.xTaskCreate       tasks.o
    0x08008d4a   0x08008d4a   0x00000002   PAD
    0x08008d4c   0x08008d4c   0x0000000c   Code   RO         5034    i.xTaskGetCurrentTaskHandle  tasks.o
    0x08008d58   0x08008d58   0x0000001c   Code   RO         5035    i.xTaskGetSchedulerState  tasks.o
    0x08008d74   0x08008d74   0x000000c8   Code   RO         5038    i.xTaskIncrementTick  tasks.o
    0x08008e3c   0x08008e3c   0x000000c4   Code   RO         5044    i.xTaskResumeAll    tasks.o
    0x08008f00   0x08008f00   0x0000003c   Data   RO          481    .constdata          main.o
    0x08008f3c   0x08008f3c   0x00000020   Data   RO         3780    .constdata          stm32f3xx_hal_rcc.o
    0x08008f5c   0x08008f5c   0x00000010   Data   RO         4542    .constdata          system_stm32f3xx.o
    0x08008f6c   0x08008f6c   0x00000008   Data   RO         4543    .constdata          system_stm32f3xx.o
    0x08008f74   0x08008f74   0x00000004   PAD
    0x08008f78   0x08008f78   0x00000098   Data   RO         6503    .constdata          m_wm.l(atan.o)
    0x08009010   0x08009010   0x00000081   Data   RO         6906    .constdata          mc_w.l(ctype_o.o)
    0x08009091   0x08009091   0x00000003   PAD
    0x08009094   0x08009094   0x00000004   Data   RO         6907    .constdata          mc_w.l(ctype_o.o)
    0x08009098   0x08009098   0x0000005d   Data   RO          331    .conststring        lldrivers.o
    0x080090f5   0x080090f5   0x00000003   PAD
    0x080090f8   0x080090f8   0x00000028   Data   RO          482    .conststring        main.o
    0x08009120   0x08009120   0x00000020   Data   RO         6948    Region$$Table       anon$$obj.o


    Execution Region RW_IRAM1 (Exec base: 0x20000000, Load base: 0x08009140, Size: 0x00002b90, Max: 0x0000a000, ABSOLUTE, COMPRESSED[0x00000114])

    Exec Addr    Load Addr    Size         Type   Attr      Idx    E Section Name        Object

    0x20000000   COMPRESSED   0x00000034   Data   RW           22    .data               initmain.o
    0x20000034   COMPRESSED   0x00000001   Data   RW           29    .data               initmain.o
    0x20000035   COMPRESSED   0x00000003   PAD
    0x20000038   COMPRESSED   0x00000038   Data   RW          332    .data               lldrivers.o
    0x20000070   COMPRESSED   0x0000000c   Data   RW          483    .data               main.o
    0x2000007c   COMPRESSED   0x0000001c   Data   RW          841    .data               usbd_desc.o
    0x20000098   COMPRESSED   0x00000016   Data   RW          842    .data               usbd_desc.o
    0x200000ae   COMPRESSED   0x00000002   PAD
    0x200000b0   COMPRESSED   0x00000010   Data   RW          907    .data               usbd_cdc_if.o
    0x200000c0   COMPRESSED   0x0000000c   Data   RW         3617    .data               stm32f3xx_hal.o
    0x200000cc   COMPRESSED   0x00000004   Data   RW         4544    .data               system_stm32f3xx.o
    0x200000d0   COMPRESSED   0x0000002c   Data   RW         4585    .data               l3gd20.o
    0x200000fc   COMPRESSED   0x0000002c   Data   RW         4665    .data               lsm303dlhc.o
    0x20000128   COMPRESSED   0x00000004   Data   RW         4775    .data               stm32f3_discovery_accelerometer.o
    0x2000012c   COMPRESSED   0x00000004   Data   RW         4817    .data               stm32f3_discovery_gyroscope.o
    0x20000130   COMPRESSED   0x0000002c   Data   RW         4891    .data               stm32f3_discovery.o
    0x2000015c   COMPRESSED   0x0000003c   Data   RW         5047    .data               tasks.o
    0x20000198   COMPRESSED   0x00000018   Data   RW         5934    .data               heap_4.o
    0x200001b0   COMPRESSED   0x0000000c   Data   RW         5997    .data               port.o
    0x200001bc   COMPRESSED   0x00000001   Data   RW         6213    .data               usbd_ctlreq.o
    0x200001bd   COMPRESSED   0x00000003   PAD
    0x200001c0   COMPRESSED   0x000000db   Data   RW         6345    .data               usbd_cdc.o
    0x2000029b   COMPRESSED   0x00000001   PAD
    0x2000029c   COMPRESSED   0x00000038   Data   RW         6346    .data               usbd_cdc.o
    0x200002d4   COMPRESSED   0x00000004   Data   RW         6540    .data               mc_w.l(stdout.o)
    0x200002d8   COMPRESSED   0x00000004   Data   RW         6878    .data               mc_w.l(errno.o)
    0x200002dc        -       0x00000046   Zero   RW           20    .bss                initmain.o
    0x20000322   COMPRESSED   0x00000002   PAD
    0x20000324        -       0x00000190   Zero   RW          329    .bss                lldrivers.o
    0x200004b4        -       0x00000340   Zero   RW          480    .bss                main.o
    0x200007f4        -       0x00000224   Zero   RW          590    .bss                usb_device.o
    0x20000a18        -       0x000005c8   Zero   RW          657    .bss                usbd_conf.o
    0x20000fe0        -       0x00000200   Zero   RW          840    .bss                usbd_desc.o
    0x200011e0        -       0x000007d0   Zero   RW          906    .bss                usbd_cdc_if.o
    0x200019b0        -       0x00000040   Zero   RW         1127    .bss                stm32f3xx_hal_timebase_tim.o
    0x200019f0        -       0x000000b0   Zero   RW         4888    .bss                stm32f3_discovery.o
    0x20001aa0        -       0x000000f0   Zero   RW         5046    .bss                tasks.o
    0x20001b90        -       0x00000c00   Zero   RW         5933    .bss                heap_4.o
    0x20002790        -       0x00000400   Zero   RW            1    STACK               startup_stm32f303xc.o


==============================================================================

Image component sizes


      Code (inc. data)   RO Data    RW Data    ZI Data      Debug   Object Name

       106          0          0          0          0      14328   cmsis_os.o
       460         24          0         24       3072       7623   heap_4.o
       772        112          0         53         70     638564   initmain.o
       590         18          0         44          0       6060   l3gd20.o
       136          0          0          0          0       3786   list.o
      2788        550         93         56        400      15782   lldrivers.o
       528          0          0         44          0       7262   lsm303dlhc.o
      1842        294        100         12        832      11109   main.o
       674         74          0         12          0      11484   port.o
        36          8        392          0       1024        876   startup_stm32f303xc.o
       908        100          0         44        176       9637   stm32f3_discovery.o
        68         14          0          4          0       2046   stm32f3_discovery_accelerometer.o
        84         14          0          4          0       2014   stm32f3_discovery_gyroscope.o
       100         18          0         12          0      13018   stm32f3xx_hal.o
       222         14          0          0          0      35001   stm32f3xx_hal_cortex.o
        74          0          0          0          0       1163   stm32f3xx_hal_dma.o
       694         54          0          0          0       4047   stm32f3xx_hal_gpio.o
      1636         40          0          0          0      13910   stm32f3xx_hal_i2c.o
       168          0          0          0          0       2031   stm32f3xx_hal_i2c_ex.o
       892        134          0          0          0       6656   stm32f3xx_hal_msp.o
      3192          0          0          0          0      12498   stm32f3xx_hal_pcd.o
       142          0          0          0          0       3027   stm32f3xx_hal_pcd_ex.o
      2020         90         32          0          0       7237   stm32f3xx_hal_rcc.o
       536         14          0          0          0       1676   stm32f3xx_hal_rcc_ex.o
      1186          0          0          0          0       7229   stm32f3xx_hal_spi.o
      1374        150          0          0          0      12456   stm32f3xx_hal_tim.o
       762         70          0          0          0       6729   stm32f3xx_hal_tim_ex.o
       116         14          0          0         64       1576   stm32f3xx_hal_timebase_tim.o
      1764         58          0          0          0      12253   stm32f3xx_hal_uart.o
         2          0          0          0          0       1012   stm32f3xx_hal_uart_ex.o
       196         70          0          0          0       5061   stm32f3xx_it.o
       104         22         24          4          0       1283   system_stm32f3xx.o
      1444        128          0         60        240      25547   tasks.o
         0          0          0          0          0       1472   timers.o
        56         18          0          0        548        804   usb_device.o
       590         22          0        275          0      13854   usbd_cdc.o
       172         48          0         16       2000       3610   usbd_cdc_if.o
       692         48          0          0       1480      14873   usbd_conf.o
       592          0          0          0          0      10136   usbd_core.o
       986         30          0          1          0       8364   usbd_ctlreq.o
       212        116          0         50        512       5487   usbd_desc.o
       132          0          0          0          0       4796   usbd_ioreq.o

    ----------------------------------------------------------------------
     29096       2366        680        724      10420     967377   Object Totals
         0          0         32          0          0          0   (incl. Generated)
        48          0          7          9          2          0   (incl. Padding)

    ----------------------------------------------------------------------

      Code (inc. data)   RO Data    RW Data    ZI Data      Debug   Library Member Name

       728        106        152          0          0        228   atan.o
        56         12          0          0          0        132   atof.o
        52          8          0          0          0        248   dunder.o
        24          0          0          0          0        124   fabs.o
        48          0          0          0          0        124   fpclassify.o
       248          0          0          0          0        152   poly.o
       122          0          0          0          0        148   sqrt.o
        86          0          0          0          0          0   __dczerorl2.o
        28          0          0          0          0         68   _chval.o
        64          0          0          0          0         84   _sgetc.o
       158          0          0          0          0         92   _strtoul.o
        26          0          0          0          0         80   atoi.o
         8          4        133          0          0         68   ctype_o.o
         0          0          0          0          0          0   entry.o
         0          0          0          0          0          0   entry10a.o
         0          0          0          0          0          0   entry11a.o
         8          4          0          0          0          0   entry2.o
         4          0          0          0          0          0   entry5.o
         0          0          0          0          0          0   entry7b.o
         0          0          0          0          0          0   entry8b.o
         8          4          0          0          0          0   entry9a.o
        32         16          0          4          0        204   errno.o
        30          0          0          0          0          0   handlers.o
        36          8          0          0          0         68   init.o
        18          0          0          0          0         76   isspace_o.o
         0          0          0          0          0          0   iusefp.o
        30          0          0          0          0         68   llshl.o
        36          0          0          0          0         68   llsshr.o
        32          0          0          0          0         68   llushr.o
        36          0          0          0          0         68   memcpya.o
        36          0          0          0          0        108   memseta.o
      2308         96          0          0          0        604   printfa.o
       878         12          0          0          0        216   scanf_fp.o
         0          0          0          4          0          0   stdout.o
        14          0          0          0          0         68   strlen.o
       156         12          0          0          0        120   strtod.o
       112          0          0          0          0         88   strtol.o
        44          0          0          0          0         80   uidiv.o
        98          0          0          0          0         92   uldiv.o
        48          0          0          0          0         68   cdrcmple.o
        56          0          0          0          0         88   d2f.o
       334          0          0          0          0        148   dadd.o
       222          0          0          0          0        100   ddiv.o
       186          0          0          0          0        176   depilogue.o
        50          0          0          0          0         76   dfixui.o
        48          0          0          0          0         68   dfixul.o
        34          0          0          0          0         76   dflti.o
        24          0          0          0          0         76   dfltul.o
       228          0          0          0          0         96   dmul.o
       162          0          0          0          0        100   dsqrt.o
        38          0          0          0          0         68   f2d.o
       110          0          0          0          0        168   fepilogue.o

    ----------------------------------------------------------------------
      7120        286        288          8          0       4852   Library Totals
        16          4          3          0          0          0   (incl. Padding)

    ----------------------------------------------------------------------

      Code (inc. data)   RO Data    RW Data    ZI Data      Debug   Library Name

      1278        126        152          0          0       1156   m_wm.l
      4286        156        133          8          0       2388   mc_w.l
      1540          0          0          0          0       1308   mf_w.l

    ----------------------------------------------------------------------
      7120        286        288          8          0       4852   Library Totals

    ----------------------------------------------------------------------

==============================================================================


      Code (inc. data)   RO Data    RW Data    ZI Data      Debug   

     36216       2652        968        732      10420     939237   Grand Totals
     36216       2652        968        276      10420     939237   ELF Image Totals (compressed)
     36216       2652        968        276          0          0   ROM Totals

==============================================================================

    Total RO  Size (Code + RO Data)                37184 (  36.31kB)
    Total RW  Size (RW Data + ZI Data)             11152 (  10.89kB)
    Total ROM Size (Code + RO Data + RW Data)      37460 (  36.58kB)

==============================================================================

