Component: ARM Compiler 5.06 update 6 (build 750) Tool: armlink [4d35ed]

==============================================================================

Section Cross References

    startup_stm32f303xc.o(RESET) refers to startup_stm32f303xc.o(STACK) for __initial_sp
    startup_stm32f303xc.o(RESET) refers to startup_stm32f303xc.o(.text) for Reset_Handler
    startup_stm32f303xc.o(RESET) refers to stm32f3xx_it.o(i.NMI_Handler) for NMI_Handler
    startup_stm32f303xc.o(RESET) refers to stm32f3xx_it.o(i.HardFault_Handler) for HardFault_Handler
    startup_stm32f303xc.o(RESET) refers to stm32f3xx_it.o(i.MemManage_Handler) for MemManage_Handler
    startup_stm32f303xc.o(RESET) refers to stm32f3xx_it.o(i.BusFault_Handler) for BusFault_Handler
    startup_stm32f303xc.o(RESET) refers to stm32f3xx_it.o(i.UsageFault_Handler) for UsageFault_Handler
    startup_stm32f303xc.o(RESET) refers to port.o(.emb_text) for SVC_Handler
    startup_stm32f303xc.o(RESET) refers to stm32f3xx_it.o(i.DebugMon_Handler) for DebugMon_Handler
    startup_stm32f303xc.o(RESET) refers to stm32f3xx_it.o(i.SysTick_Handler) for SysTick_Handler
    startup_stm32f303xc.o(RESET) refers to stm32f3xx_it.o(i.USB_LP_CAN_RX0_IRQHandler) for USB_LP_CAN_RX0_IRQHandler
    startup_stm32f303xc.o(RESET) refers to stm32f3xx_it.o(i.TIM2_IRQHandler) for TIM2_IRQHandler
    startup_stm32f303xc.o(.text) refers to system_stm32f3xx.o(i.SystemInit) for SystemInit
    startup_stm32f303xc.o(.text) refers to entry.o(.ARM.Collect$$$$00000000) for __main
    main.o(i.HAL_TIM_PeriodElapsedCallback) refers to stm32f3xx_hal.o(i.HAL_IncTick) for HAL_IncTick
    main.o(i.main) refers to stm32f3xx_hal.o(i.HAL_Init) for HAL_Init
    main.o(i.main) refers to initmain.o(i.SystemClock_Config) for SystemClock_Config
    main.o(i.main) refers to initmain.o(i.MX_GPIO_Init) for MX_GPIO_Init
    main.o(i.main) refers to initmain.o(i.MX_I2C1_Init) for MX_I2C1_Init
    main.o(i.main) refers to initmain.o(i.MX_SPI1_Init) for MX_SPI1_Init
    main.o(i.main) refers to stm32f3_discovery_accelerometer.o(i.BSP_ACCELERO_Init) for BSP_ACCELERO_Init
    main.o(i.main) refers to stm32f3_discovery_gyroscope.o(i.BSP_GYRO_Init) for BSP_GYRO_Init
    main.o(i.main) refers to memcpya.o(.text) for __aeabi_memcpy4
    main.o(i.main) refers to cmsis_os.o(i.osThreadCreate) for osThreadCreate
    main.o(i.main) refers to cmsis_os.o(i.osKernelStart) for osKernelStart
    main.o(i.main) refers to main.o(.constdata) for .constdata
    main.o(i.main) refers to main.o(.data) for .data
    main.o(.constdata) refers to main.o(.conststring) for .conststring
    main.o(.constdata) refers to initmain.o(i.StartDefaultTask) for StartDefaultTask
    main.o(.constdata) refers to initmain.o(i.AngleCalcTask) for AngleCalcTask
    usb_device.o(i.MX_USB_DEVICE_Init) refers to usbd_core.o(i.USBD_Init) for USBD_Init
    usb_device.o(i.MX_USB_DEVICE_Init) refers to usbd_core.o(i.USBD_RegisterClass) for USBD_RegisterClass
    usb_device.o(i.MX_USB_DEVICE_Init) refers to usbd_cdc.o(i.USBD_CDC_RegisterInterface) for USBD_CDC_RegisterInterface
    usb_device.o(i.MX_USB_DEVICE_Init) refers to usbd_core.o(i.USBD_Start) for USBD_Start
    usb_device.o(i.MX_USB_DEVICE_Init) refers to usbd_desc.o(.data) for FS_Desc
    usb_device.o(i.MX_USB_DEVICE_Init) refers to usb_device.o(.bss) for .bss
    usb_device.o(i.MX_USB_DEVICE_Init) refers to usbd_cdc.o(.data) for USBD_CDC
    usb_device.o(i.MX_USB_DEVICE_Init) refers to usbd_cdc_if.o(.data) for USBD_Interface_fops_FS
    usbd_conf.o(i.HAL_PCD_ConnectCallback) refers to usbd_core.o(i.USBD_LL_DevConnected) for USBD_LL_DevConnected
    usbd_conf.o(i.HAL_PCD_DataInStageCallback) refers to usbd_core.o(i.USBD_LL_DataInStage) for USBD_LL_DataInStage
    usbd_conf.o(i.HAL_PCD_DataOutStageCallback) refers to usbd_core.o(i.USBD_LL_DataOutStage) for USBD_LL_DataOutStage
    usbd_conf.o(i.HAL_PCD_DisconnectCallback) refers to usbd_core.o(i.USBD_LL_DevDisconnected) for USBD_LL_DevDisconnected
    usbd_conf.o(i.HAL_PCD_ISOINIncompleteCallback) refers to usbd_core.o(i.USBD_LL_IsoINIncomplete) for USBD_LL_IsoINIncomplete
    usbd_conf.o(i.HAL_PCD_ISOOUTIncompleteCallback) refers to usbd_core.o(i.USBD_LL_IsoOUTIncomplete) for USBD_LL_IsoOUTIncomplete
    usbd_conf.o(i.HAL_PCD_MspDeInit) refers to stm32f3xx_hal_gpio.o(i.HAL_GPIO_DeInit) for HAL_GPIO_DeInit
    usbd_conf.o(i.HAL_PCD_MspDeInit) refers to stm32f3xx_hal_cortex.o(i.HAL_NVIC_DisableIRQ) for HAL_NVIC_DisableIRQ
    usbd_conf.o(i.HAL_PCD_MspInit) refers to stm32f3xx_hal_gpio.o(i.HAL_GPIO_Init) for HAL_GPIO_Init
    usbd_conf.o(i.HAL_PCD_MspInit) refers to stm32f3xx_hal_cortex.o(i.HAL_NVIC_SetPriority) for HAL_NVIC_SetPriority
    usbd_conf.o(i.HAL_PCD_MspInit) refers to stm32f3xx_hal_cortex.o(i.HAL_NVIC_EnableIRQ) for HAL_NVIC_EnableIRQ
    usbd_conf.o(i.HAL_PCD_ResetCallback) refers to usbd_core.o(i.USBD_LL_SetSpeed) for USBD_LL_SetSpeed
    usbd_conf.o(i.HAL_PCD_ResetCallback) refers to usbd_core.o(i.USBD_LL_Reset) for USBD_LL_Reset
[...]
    xNextTaskUnblockTime                     0x200000dc   Data           4  tasks.o(.data)
    xIdleTaskHandle                          0x200000e0   Data           4  tasks.o(.data)
    uxSchedulerSuspended                     0x200000e4   Data           4  tasks.o(.data)
    pxDelayedTaskList                        0x200000e8   Data           4  tasks.o(.data)
    pxOverflowDelayedTaskList                0x200000ec   Data           4  tasks.o(.data)
    .data                                    0x200000f0   Section        1  usbd_ctlreq.o(.data)
    cfgidx                                   0x200000f0   Data           1  usbd_ctlreq.o(.data)
    .data                                    0x200000f4   Section      219  usbd_cdc.o(.data)
    ifalt                                    0x200000f4   Data           1  usbd_cdc.o(.data)
    USBD_CDC_DeviceQualifierDesc             0x200000f8   Data          10  usbd_cdc.o(.data)
    .data                                    0x200001d0   Section       56  usbd_cdc.o(.data)
    .data                                    0x20000208   Section       44  l3gd20.o(.data)
    .data                                    0x20000234   Section       44  lsm303dlhc.o(.data)
    .data                                    0x20000260   Section        4  stm32f3_discovery_accelerometer.o(.data)
    AccelerometerDrv                         0x20000260   Data           4  stm32f3_discovery_accelerometer.o(.data)
    .data                                    0x20000264   Section        4  stm32f3_discovery_gyroscope.o(.data)
    GyroscopeDrv                             0x20000264   Data           4  stm32f3_discovery_gyroscope.o(.data)
    .data                                    0x20000268   Section       44  stm32f3_discovery.o(.data)
    .data                                    0x20000294   Section        4  errno.o(.data)
    _errno                                   0x20000294   Data           4  errno.o(.data)
    .bss                                     0x20000298   Section      548  usb_device.o(.bss)
    .bss                                     0x200004bc   Section     1480  usbd_conf.o(.bss)
    mem                                      0x200004bc   Data         544  usbd_conf.o(.bss)
    .bss                                     0x20000a84   Section      512  usbd_desc.o(.bss)
    .bss                                     0x20000c84   Section     2000  usbd_cdc_if.o(.bss)
    .bss                                     0x20001454   Section       64  stm32f3xx_hal_timebase_tim.o(.bss)
    .bss                                     0x20001494   Section      176  initmain.o(.bss)
    .bss                                     0x20001544   Section     3072  heap_4.o(.bss)
    ucHeap                                   0x20001544   Data        3072  heap_4.o(.bss)
    .bss                                     0x20002144   Section      240  tasks.o(.bss)
    pxReadyTasksLists                        0x20002144   Data         140  tasks.o(.bss)
    xDelayedTaskList1                        0x200021d0   Data          20  tasks.o(.bss)
    xDelayedTaskList2                        0x200021e4   Data          20  tasks.o(.bss)
    xPendingReadyList                        0x200021f8   Data          20  tasks.o(.bss)
    xTasksWaitingTermination                 0x2000220c   Data          20  tasks.o(.bss)
    xSuspendedTaskList                       0x20002220   Data          20  tasks.o(.bss)
    .bss                                     0x20002234   Section      176  stm32f3_discovery.o(.bss)
    SpiHandle                                0x20002234   Data         100  stm32f3_discovery.o(.bss)
    I2cHandle                                0x20002298   Data          76  stm32f3_discovery.o(.bss)
    STACK                                    0x200022e8   Section     1024  startup_stm32f303xc.o(STACK)

    Global Symbols

    Symbol Name                              Value     Ov Type        Size  Object(Section)

    BuildAttributes$$THM_ISAv4$E$P$D$K$B$S$7EM$VFPi3$EXTD16$VFPS$VFMA$PE$A:L22UL41UL21$X:L11$S22US41US21$IEEE1$IW$USESV6$~STKCKD$USESV7$~SHL$OTIME$ROPI$IEEEX$EBA8$MICROLIB$REQ8$PRES8$EABIv2 0x00000000   Number         0  anon$$obj.o ABSOLUTE
    __ARM_use_no_argv                        0x00000000   Number         0  main.o ABSOLUTE
    _printf_a                                0x00000000   Number         0  stubs.o ABSOLUTE
    _printf_c                                0x00000000   Number         0  stubs.o ABSOLUTE
    _printf_charcount                        0x00000000   Number         0  stubs.o ABSOLUTE
    _printf_d                                0x00000000   Number         0  stubs.o ABSOLUTE
    _printf_e                                0x00000000   Number         0  stubs.o ABSOLUTE
    _printf_f                                0x00000000   Number         0  stubs.o ABSOLUTE
    _printf_flags                            0x00000000   Number         0  stubs.o ABSOLUTE
    _printf_fp_dec                           0x00000000   Number         0  stubs.o ABSOLUTE
    _printf_fp_hex                           0x00000000   Number         0  stubs.o ABSOLUTE
    _printf_g                                0x00000000   Number         0  stubs.o ABSOLUTE
    _printf_i                                0x00000000   Number         0  stubs.o ABSOLUTE
    _printf_int_dec                          0x00000000   Number         0  stubs.o ABSOLUTE
    _printf_l                                0x00000000   Number         0  stubs.o ABSOLUTE
    _printf_lc                               0x00000000   Number         0  stubs.o ABSOLUTE
    _printf_ll                               0x00000000   Number         0  stubs.o ABSOLUTE
    _printf_lld                              0x00000000   Number         0  stubs.o ABSOLUTE
    _printf_lli                              0x00000000   Number         0  stubs.o ABSOLUTE
    _printf_llo                              0x00000000   Number         0  stubs.o ABSOLUTE
    _printf_llu                              0x00000000   Number         0  stubs.o ABSOLUTE
    _printf_llx                              0x00000000   Number         0  stubs.o ABSOLUTE
    _printf_longlong_dec                     0x00000000   Number         0  stubs.o ABSOLUTE
    _printf_longlong_hex                     0x00000000   Number         0  stubs.o ABSOLUTE
    _printf_longlong_oct                     0x00000000   Number         0  stubs.o ABSOLUTE
    _printf_ls                               0x00000000   Number         0  stubs.o ABSOLUTE
    _printf_mbtowc                           0x00000000   Number         0  stubs.o ABSOLUTE
    _printf_n                                0x00000000   Number         0  stubs.o ABSOLUTE
    _printf_o                                0x00000000   Number         0  stubs.o ABSOLUTE
    _printf_p                                0x00000000   Number         0  stubs.o ABSOLUTE
    _printf_percent                          0x00000000   Number         0  stubs.o ABSOLUTE
    _printf_pre_padding                      0x00000000   Number         0  stubs.o ABSOLUTE
    _printf_return_value                     0x00000000   Number         0  stubs.o ABSOLUTE
    _printf_s                                0x00000000   Number         0  stubs.o ABSOLUTE
    _printf_sizespec                         0x00000000   Number         0  stubs.o ABSOLUTE
    _printf_str                              0x00000000   Number         0  stubs.o ABSOLUTE
    _printf_truncate_signed                  0x00000000   Number         0  stubs.o ABSOLUTE
    _printf_truncate_unsigned                0x00000000   Number         0  stubs.o ABSOLUTE
    _printf_u                                0x00000000   Number         0  stubs.o ABSOLUTE
    _printf_wc                               0x00000000   Number         0  stubs.o ABSOLUTE
    _printf_wctomb                           0x00000000   Number         0  stubs.o ABSOLUTE
    _printf_widthprec                        0x00000000   Number         0  stubs.o ABSOLUTE
    _printf_x                                0x00000000   Number         0  stubs.o ABSOLUTE
    __cpp_initialize__aeabi_                  - Undefined Weak Reference
    __cxa_finalize                            - Undefined Weak Reference
    _clock_init                               - Undefined Weak Reference
    _microlib_exit                            - Undefined Weak Reference
    __Vectors_Size                           0x00000188   Number         0  startup_stm32f303xc.o ABSOLUTE
    __Vectors                                0x08000000   Data           4  startup_stm32f303xc.o(RESET)
    __Vectors_End                            0x08000188   Data           0  startup_stm32f303xc.o(RESET)
    __main                                   0x08000189   Thumb Code     0  entry.o(.ARM.Collect$$$$00000000)
    _main_stk                                0x08000189   Thumb Code     0  entry2.o(.ARM.Collect$$$$00000001)
    _main_scatterload                        0x0800018d   Thumb Code     0  entry5.o(.ARM.Collect$$$$00000004)
    __main_after_scatterload                 0x08000191   Thumb Code     0  entry5.o(.ARM.Collect$$$$00000004)
    _main_clock                              0x08000191   Thumb Code     0  entry7b.o(.ARM.Collect$$$$00000008)
    _main_cpp_init                           0x08000191   Thumb Code     0  entry8b.o(.ARM.Collect$$$$0000000A)
    _main_init                               0x08000191   Thumb Code     0  entry9a.o(.ARM.Collect$$$$0000000B)
    __rt_final_cpp                           0x08000199   Thumb Code     0  entry10a.o(.ARM.Collect$$$$0000000D)
    __rt_final_exit                          0x08000199   Thumb Code     0  entry11a.o(.ARM.Collect$$$$0000000F)
    SVC_Handler                              0x0800019d   Thumb Code    28  port.o(.emb_text)
    __asm___6_port_c_39a90d8d__prvStartFirstTask 0x080001bd   Thumb Code    28  port.o(.emb_text)
    __asm___6_port_c_39a90d8d__prvEnableVFP  0x080001dd   Thumb Code    16  port.o(.emb_text)
    PendSV_Handler                           0x080001f1   Thumb Code    92  port.o(.emb_text)
    vPortGetIPSR                             0x08000251   Thumb Code     6  port.o(.emb_text)
    Reset_Handler                            0x08000259   Thumb Code     8  startup_stm32f303xc.o(.text)
    ADC1_2_IRQHandler                        0x08000273   Thumb Code     0  startup_stm32f303xc.o(.text)
    ADC3_IRQHandler                          0x08000273   Thumb Code     0  startup_stm32f303xc.o(.text)
    ADC4_IRQHandler                          0x08000273   Thumb Code     0  startup_stm32f303xc.o(.text)
    CAN_RX1_IRQHandler                       0x08000273   Thumb Code     0  startup_stm32f303xc.o(.text)
    CAN_SCE_IRQHandler                       0x08000273   Thumb Code     0  startup_stm32f303xc.o(.text)
    COMP1_2_3_IRQHandler                     0x08000273   Thumb Code     0  startup_stm32f303xc.o(.text)
    COMP4_5_6_IRQHandler                     0x08000273   Thumb Code     0  startup_stm32f303xc.o(.text)
    COMP7_IRQHandler                         0x08000273   Thumb Code     0  startup_stm32f303xc.o(.text)
    DMA1_Channel1_IRQHandler                 0x08000273   Thumb Code     0  startup_stm32f303xc.o(.text)
    DMA1_Channel2_IRQHandler                 0x08000273   Thumb Code     0  startup_stm32f303xc.o(.text)
    DMA1_Channel3_IRQHandler                 0x08000273   Thumb Code     0  startup_stm32f303xc.o(.text)
    DMA1_Channel4_IRQHandler                 0x08000273   Thumb Code     0  startup_stm32f303xc.o(.text)
    DMA1_Channel5_IRQHandler                 0x08000273   Thumb Code     0  startup_stm32f303xc.o(.text)
    DMA1_Channel6_IRQHandler                 0x08000273   Thumb Code     0  startup_stm32f303xc.o(.text)
    DMA1_Channel7_IRQHandler                 0x08000273   Thumb Code     0  startup_stm32f303xc.o(.text)
    DMA2_Channel1_IRQHandler                 0x08000273   Thumb Code     0  startup_stm32f303xc.o(.text)
    DMA2_Channel2_IRQHandler                 0x08000273   Thumb Code     0  startup_stm32f303xc.o(.text)
    DMA2_Channel3_IRQHandler                 0x08000273   Thumb Code     0  startup_stm32f303xc.o(.text)
    DMA2_Channel4_IRQHandler                 0x08000273   Thumb Code     0  startup_stm32f303xc.o(.text)
    DMA2_Channel5_IRQHandler                 0x08000273   Thumb Code     0  startup_stm32f303xc.o(.text)
    EXTI0_IRQHandler                         0x08000273   Thumb Code     0  startup_stm32f303xc.o(.text)
    EXTI15_10_IRQHandler                     0x08000273   Thumb Code     0  startup_stm32f303xc.o(.text)
    EXTI1_IRQHandler                         0x08000273   Thumb Code     0  startup_stm32f303xc.o(.text)
    EXTI2_TSC_IRQHandler                     0x08000273   Thumb Code     0  startup_stm32f303xc.o(.text)
    EXTI3_IRQHandler                         0x08000273   Thumb Code     0  startup_stm32f303xc.o(.text)
    EXTI4_IRQHandler                         0x08000273   Thumb Code     0  startup_stm32f303xc.o(.text)
    EXTI9_5_IRQHandler                       0x08000273   Thumb Code     0  startup_stm32f303xc.o(.text)
    FLASH_IRQHandler                         0x08000273   Thumb Code     0  startup_stm32f303xc.o(.text)
    FPU_IRQHandler                           0x08000273   Thumb Code     0  startup_stm32f303xc.o(.text)
    I2C1_ER_IRQHandler                       0x08000273   Thumb Code     0  startup_stm32f303xc.o(.text)
    I2C1_EV_IRQHandler                       0x08000273   Thumb Code     0  startup_stm32f303xc.o(.text)
    I2C2_ER_IRQHandler                       0x08000273   Thumb Code     0  startup_stm32f303xc.o(.text)
    I2C2_EV_IRQHandler                       0x08000273   Thumb Code     0  startup_stm32f303xc.o(.text)
    PVD_IRQHandler                           0x08000273   Thumb Code     0  startup_stm32f303xc.o(.text)
    RCC_IRQHandler                           0x08000273   Thumb Code     0  startup_stm32f303xc.o(.text)
    RTC_Alarm_IRQHandler                     0x08000273   Thumb Code     0  startup_stm32f303xc.o(.text)
    RTC_WKUP_IRQHandler                      0x08000273   Thumb Code     0  startup_stm32f303xc.o(.text)
    SPI1_IRQHandler                          0x08000273   Thumb Code     0  startup_stm32f303xc.o(.text)
    SPI2_IRQHandler                          0x08000273   Thumb Code     0  startup_stm32f303xc.o(.text)
    SPI3_IRQHandler                          0x08000273   Thumb Code     0  startup_stm32f303xc.o(.text)
    TAMP_STAMP_IRQHandler                    0x08000273   Thumb Code     0  startup_stm32f303xc.o(.text)
    TIM1_BRK_TIM15_IRQHandler                0x08000273   Thumb Code     0  startup_stm32f303xc.o(.text)
    TIM1_CC_IRQHandler                       0x08000273   Thumb Code     0  startup_stm32f303xc.o(.text)
    TIM1_TRG_COM_TIM17_IRQHandler            0x08000273   Thumb Code     0  startup_stm32f303xc.o(.text)
    TIM1_UP_TIM16_IRQHandler                 0x08000273   Thumb Code     0  startup_stm32f303xc.o(.text)
    TIM3_IRQHandler                          0x08000273   Thumb Code     0  startup_stm32f303xc.o(.text)
    TIM4_IRQHandler                          0x08000273   Thumb Code     0  startup_stm32f303xc.o(.text)
    TIM6_DAC_IRQHandler                      0x08000273   Thumb Code     0  startup_stm32f303xc.o(.text)
    TIM7_IRQHandler                          0x08000273   Thumb Code     0  startup_stm32f303xc.o(.text)
    TIM8_BRK_IRQHandler                      0x08000273   Thumb Code     0  startup_stm32f303xc.o(.text)
    TIM8_CC_IRQHandler                       0x08000273   Thumb Code     0  startup_stm32f303xc.o(.text)
    TIM8_TRG_COM_IRQHandler                  0x08000273   Thumb Code     0  startup_stm32f303xc.o(.text)
    TIM8_UP_IRQHandler                       0x08000273   Thumb Code     0  startup_stm32f303xc.o(.text)
    UART4_IRQHandler                         0x08000273   Thumb Code     0  startup_stm32f303xc.o(.text)
    UART5_IRQHandler                         0x08000273   Thumb Code     0  startup_stm32f303xc.o(.text)
    USART1_IRQHandler                        0x08000273   Thumb Code     0  startup_stm32f303xc.o(.text)
    USART2_IRQHandler                        0x08000273   Thumb Code     0  startup_stm32f303xc.o(.text)
    USART3_IRQHandler                        0x08000273   Thumb Code     0  startup_stm32f303xc.o(.text)
    USBWakeUp_IRQHandler                     0x08000273   Thumb Code     0  startup_stm32f303xc.o(.text)
    USBWakeUp_RMP_IRQHandler                 0x08000273   Thumb Code     0  startup_stm32f303xc.o(.text)
    USB_HP_CAN_TX_IRQHandler                 0x08000273   Thumb Code     0  startup_stm32f303xc.o(.text)
    USB_HP_IRQHandler                        0x08000273   Thumb Code     0  startup_stm32f303xc.o(.text)
    USB_LP_IRQHandler                        0x08000273   Thumb Code     0  startup_stm32f303xc.o(.text)
    WWDG_IRQHandler                          0x08000273   Thumb Code     0  startup_stm32f303xc.o(.text)
    __aeabi_llsr                             0x0800027d   Thumb Code    32  llushr.o(.text)
    _ll_ushift_r                             0x0800027d   Thumb Code     0  llushr.o(.text)
    __aeabi_memcpy                           0x0800029d   Thumb Code    36  memcpya.o(.text)
    __aeabi_memcpy4                          0x0800029d   Thumb Code     0  memcpya.o(.text)
    __aeabi_memcpy8                          0x0800029d   Thumb Code     0  memcpya.o(.text)
    __aeabi_memset                           0x080002c1   Thumb Code    14  memseta.o(.text)
    __aeabi_memset4                          0x080002c1   Thumb Code     0  memseta.o(.text)
    __aeabi_memset8                          0x080002c1   Thumb Code     0  memseta.o(.text)
    __aeabi_memclr                           0x080002cf   Thumb Code     4  memseta.o(.text)
    __aeabi_memclr4                          0x080002cf   Thumb Code     0  memseta.o(.text)
    __aeabi_memclr8                          0x080002cf   Thumb Code     0  memseta.o(.text)
    _memset$wrapper                          0x080002d3   Thumb Code    18  memseta.o(.text)
    strlen                                   0x080002e5   Thumb Code    14  strlen.o(.text)
    __aeabi_dadd                             0x080002f3   Thumb Code   322  dadd.o(.text)
    __aeabi_dsub                             0x08000435   Thumb Code     6  dadd.o(.text)
    __aeabi_drsub                            0x0800043b   Thumb Code     6  dadd.o(.text)
    __aeabi_dmul                             0x08000441   Thumb Code   228  dmul.o(.text)
    __aeabi_ddiv                             0x08000525   Thumb Code   222  ddiv.o(.text)
    __aeabi_i2d                              0x08000603   Thumb Code    34  dflti.o(.text)
    __aeabi_f2d                              0x08000625   Thumb Code    38  f2d.o(.text)
    __aeabi_d2f                              0x0800064b   Thumb Code    56  d2f.o(.text)
    __aeabi_uidiv                            0x08000683   Thumb Code     0  uidiv.o(.text)
    __aeabi_uidivmod                         0x08000683   Thumb Code    44  uidiv.o(.text)
    __aeabi_uldivmod                         0x080006af   Thumb Code    98  uldiv.o(.text)
    __aeabi_llsl                             0x08000711   Thumb Code    30  llshl.o(.text)
    _ll_shift_l                              0x08000711   Thumb Code     0  llshl.o(.text)
    __aeabi_lasr                             0x0800072f   Thumb Code    36  llsshr.o(.text)
    _ll_sshift_r                             0x0800072f   Thumb Code     0  llsshr.o(.text)
    __I$use$fp                               0x08000753   Thumb Code     0  iusefp.o(.text)
    _float_round                             0x08000753   Thumb Code    18  fepilogue.o(.text)
    _float_epilogue                          0x08000765   Thumb Code    92  fepilogue.o(.text)
    _double_round                            0x080007c1   Thumb Code    30  depilogue.o(.text)
    _double_epilogue                         0x080007df   Thumb Code   156  depilogue.o(.text)
    _dsqrt                                   0x0800087b   Thumb Code   162  dsqrt.o(.text)
    __aeabi_d2ulz                            0x0800091d   Thumb Code    48  dfixul.o(.text)
    __aeabi_cdrcmple                         0x0800094d   Thumb Code    48  cdrcmple.o(.text)
    __scatterload                            0x0800097d   Thumb Code    28  init.o(.text)
    __scatterload_rt2                        0x0800097d   Thumb Code     0  init.o(.text)
    __decompress                             0x080009a1   Thumb Code     0  __dczerorl2.o(.text)
    __decompress1                            0x080009a1   Thumb Code    86  __dczerorl2.o(.text)
    AngleCalcTask                            0x080009f9   Thumb Code   456  initmain.o(i.AngleCalcTask)
    BSP_ACCELERO_GetXYZ                      0x08000c25   Thumb Code    14  stm32f3_discovery_accelerometer.o(i.BSP_ACCELERO_GetXYZ)
    BSP_ACCELERO_Init                        0x08000c39   Thumb Code    40  stm32f3_discovery_accelerometer.o(i.BSP_ACCELERO_Init)
    BSP_GYRO_GetXYZ                          0x08000c69   Thumb Code    14  stm32f3_discovery_gyroscope.o(i.BSP_GYRO_GetXYZ)
    BSP_GYRO_Init                            0x08000c7d   Thumb Code    56  stm32f3_discovery_gyroscope.o(i.BSP_GYRO_Init)
    BusFault_Handler                         0x08000cbd   Thumb Code     2  stm32f3xx_it.o(i.BusFault_Handler)
    CDC_Transmit_FS                          0x08000d05   Thumb Code    38  usbd_cdc_if.o(i.CDC_Transmit_FS)
    COMPASSACCELERO_IO_ITConfig              0x08000d31   Thumb Code    66  stm32f3_discovery.o(i.COMPASSACCELERO_IO_ITConfig)
    COMPASSACCELERO_IO_Init                  0x08000d81   Thumb Code   104  stm32f3_discovery.o(i.COMPASSACCELERO_IO_Init)
    COMPASSACCELERO_IO_Read                  0x08000df1   Thumb Code    44  stm32f3_discovery.o(i.COMPASSACCELERO_IO_Read)
    COMPASSACCELERO_IO_Write                 0x08000e25   Thumb Code    40  stm32f3_discovery.o(i.COMPASSACCELERO_IO_Write)
    DebugMon_Handler                         0x08000e55   Thumb Code     2  stm32f3xx_it.o(i.DebugMon_Handler)
    GYRO_IO_Init                             0x08000e59   Thumb Code   100  stm32f3_discovery.o(i.GYRO_IO_Init)
    GYRO_IO_Read                             0x08000ec5   Thumb Code    74  stm32f3_discovery.o(i.GYRO_IO_Read)
    GYRO_IO_Write                            0x08000f15   Thumb Code    68  stm32f3_discovery.o(i.GYRO_IO_Write)
    HAL_GPIO_DeInit                          0x08000f5d   Thumb Code   258  stm32f3xx_hal_gpio.o(i.HAL_GPIO_DeInit)
    HAL_GPIO_Init                            0x08001079   Thumb Code   364  stm32f3xx_hal_gpio.o(i.HAL_GPIO_Init)
    HAL_GPIO_TogglePin                       0x08001201   Thumb Code     8  stm32f3xx_hal_gpio.o(i.HAL_GPIO_TogglePin)
    HAL_GPIO_WritePin                        0x08001209   Thumb Code    10  stm32f3xx_hal_gpio.o(i.HAL_GPIO_WritePin)
    HAL_GetTick                              0x08001215   Thumb Code     6  stm32f3xx_hal.o(i.HAL_GetTick)
    HAL_I2CEx_ConfigAnalogFilter             0x08001221   Thumb Code    86  stm32f3xx_hal_i2c_ex.o(i.HAL_I2CEx_ConfigAnalogFilter)
    HAL_I2CEx_ConfigDigitalFilter            0x08001277   Thumb Code    82  stm32f3xx_hal_i2c_ex.o(i.HAL_I2CEx_ConfigDigitalFilter)
    HAL_I2C_DeInit                           0x080012c9   Thumb Code    50  stm32f3xx_hal_i2c.o(i.HAL_I2C_DeInit)
    HAL_I2C_GetState                         0x080012fb   Thumb Code     6  stm32f3xx_hal_i2c.o(i.HAL_I2C_GetState)
    HAL_I2C_Init                             0x08001301   Thumb Code   178  stm32f3xx_hal_i2c.o(i.HAL_I2C_Init)
    HAL_I2C_Mem_Read                         0x080013b9   Thumb Code   358  stm32f3xx_hal_i2c.o(i.HAL_I2C_Mem_Read)
    HAL_I2C_Mem_Write                        0x08001529   Thumb Code   354  stm32f3xx_hal_i2c.o(i.HAL_I2C_Mem_Write)
    HAL_I2C_MspDeInit                        0x08001691   Thumb Code    28  stm32f3xx_hal_msp.o(i.HAL_I2C_MspDeInit)
    HAL_I2C_MspInit                          0x080016b9   Thumb Code    62  stm32f3xx_hal_msp.o(i.HAL_I2C_MspInit)
    HAL_IncTick                              0x08001705   Thumb Code    12  stm32f3xx_hal.o(i.HAL_IncTick)
    HAL_Init                                 0x08001715   Thumb Code    32  stm32f3xx_hal.o(i.HAL_Init)
    HAL_InitTick                             0x08001739   Thumb Code   102  stm32f3xx_hal_timebase_tim.o(i.HAL_InitTick)
    HAL_MspInit                              0x080017ad   Thumb Code   122  stm32f3xx_hal_msp.o(i.HAL_MspInit)
    HAL_NVIC_EnableIRQ                       0x0800182d   Thumb Code    22  stm32f3xx_hal_cortex.o(i.HAL_NVIC_EnableIRQ)
    HAL_NVIC_SetPriority                     0x08001845   Thumb Code    60  stm32f3xx_hal_cortex.o(i.HAL_NVIC_SetPriority)
    HAL_NVIC_SetPriorityGrouping             0x08001885   Thumb Code    26  stm32f3xx_hal_cortex.o(i.HAL_NVIC_SetPriorityGrouping)
    HAL_PCDEx_PMAConfig                      0x080018a9   Thumb Code    60  stm32f3xx_hal_pcd_ex.o(i.HAL_PCDEx_PMAConfig)
    HAL_PCDEx_SetConnectionState             0x080018e5   Thumb Code     2  usbd_conf.o(i.HAL_PCDEx_SetConnectionState)
    HAL_PCD_DataInStageCallback              0x080018e7   Thumb Code    18  usbd_conf.o(i.HAL_PCD_DataInStageCallback)
    HAL_PCD_DataOutStageCallback             0x080018f9   Thumb Code    20  usbd_conf.o(i.HAL_PCD_DataOutStageCallback)
    HAL_PCD_EP_Close                         0x0800190d   Thumb Code   386  stm32f3xx_hal_pcd.o(i.HAL_PCD_EP_Close)
    HAL_PCD_EP_ClrStall                      0x08001a8f   Thumb Code   176  stm32f3xx_hal_pcd.o(i.HAL_PCD_EP_ClrStall)
    HAL_PCD_EP_GetRxCount                    0x08001b3f   Thumb Code    20  stm32f3xx_hal_pcd.o(i.HAL_PCD_EP_GetRxCount)
    HAL_PCD_EP_Open                          0x08001b53   Thumb Code   762  stm32f3xx_hal_pcd.o(i.HAL_PCD_EP_Open)
    HAL_PCD_EP_Receive                       0x08001e4d   Thumb Code   166  stm32f3xx_hal_pcd.o(i.HAL_PCD_EP_Receive)
    HAL_PCD_EP_SetStall                      0x08001ef3   Thumb Code   138  stm32f3xx_hal_pcd.o(i.HAL_PCD_EP_SetStall)
    HAL_PCD_EP_Transmit                      0x08001f7d   Thumb Code   208  stm32f3xx_hal_pcd.o(i.HAL_PCD_EP_Transmit)
    HAL_PCD_IRQHandler                       0x0800204d   Thumb Code   240  stm32f3xx_hal_pcd.o(i.HAL_PCD_IRQHandler)
    HAL_PCD_Init                             0x0800213d   Thumb Code   166  stm32f3xx_hal_pcd.o(i.HAL_PCD_Init)
    HAL_PCD_MspInit                          0x080021e5   Thumb Code    82  usbd_conf.o(i.HAL_PCD_MspInit)
    HAL_PCD_ResetCallback                    0x08002241   Thumb Code    26  usbd_conf.o(i.HAL_PCD_ResetCallback)
    HAL_PCD_ResumeCallback                   0x0800225b   Thumb Code     8  usbd_conf.o(i.HAL_PCD_ResumeCallback)
    HAL_PCD_SOFCallback                      0x08002263   Thumb Code     8  usbd_conf.o(i.HAL_PCD_SOFCallback)
    HAL_PCD_SetAddress                       0x0800226b   Thumb Code    44  stm32f3xx_hal_pcd.o(i.HAL_PCD_SetAddress)
    HAL_PCD_SetupStageCallback               0x08002297   Thumb Code    14  usbd_conf.o(i.HAL_PCD_SetupStageCallback)
    HAL_PCD_Start                            0x080022a5   Thumb Code    12  stm32f3xx_hal_pcd.o(i.HAL_PCD_Start)
    HAL_PCD_SuspendCallback                  0x080022b1   Thumb Code    30  usbd_conf.o(i.HAL_PCD_SuspendCallback)
    HAL_RCCEx_PeriphCLKConfig                0x080022d5   Thumb Code   522  stm32f3xx_hal_rcc_ex.o(i.HAL_RCCEx_PeriphCLKConfig)
    HAL_RCC_ClockConfig                      0x080024ed   Thumb Code   306  stm32f3xx_hal_rcc.o(i.HAL_RCC_ClockConfig)
    HAL_RCC_GetClockConfig                   0x08002631   Thumb Code    54  stm32f3xx_hal_rcc.o(i.HAL_RCC_GetClockConfig)
    HAL_RCC_GetHCLKFreq                      0x08002671   Thumb Code     6  stm32f3xx_hal_rcc.o(i.HAL_RCC_GetHCLKFreq)
    HAL_RCC_GetPCLK1Freq                     0x0800267d   Thumb Code    34  stm32f3xx_hal_rcc.o(i.HAL_RCC_GetPCLK1Freq)
    HAL_RCC_GetSysClockFreq                  0x080026ad   Thumb Code    84  stm32f3xx_hal_rcc.o(i.HAL_RCC_GetSysClockFreq)
    HAL_RCC_OscConfig                        0x08002711   Thumb Code  1424  stm32f3xx_hal_rcc.o(i.HAL_RCC_OscConfig)
    HAL_SPI_DeInit                           0x08002ca1   Thumb Code    46  stm32f3xx_hal_spi.o(i.HAL_SPI_DeInit)
    HAL_SPI_GetState                         0x08002ccf   Thumb Code     6  stm32f3xx_hal_spi.o(i.HAL_SPI_GetState)
    HAL_SPI_Init                             0x08002cd5   Thumb Code   182  stm32f3xx_hal_spi.o(i.HAL_SPI_Init)
    HAL_SPI_MspDeInit                        0x08002d8d   Thumb Code    30  stm32f3xx_hal_msp.o(i.HAL_SPI_MspDeInit)
    HAL_SPI_MspInit                          0x08002db5   Thumb Code    64  stm32f3xx_hal_msp.o(i.HAL_SPI_MspInit)
    HAL_SPI_TransmitReceive                  0x08002dfd   Thumb Code   574  stm32f3xx_hal_spi.o(i.HAL_SPI_TransmitReceive)
    HAL_SYSTICK_CLKSourceConfig              0x0800303b   Thumb Code    24  stm32f3xx_hal_cortex.o(i.HAL_SYSTICK_CLKSourceConfig)
    HAL_SYSTICK_Config                       0x08003053   Thumb Code    40  stm32f3xx_hal_cortex.o(i.HAL_SYSTICK_Config)
    HAL_TIMEx_Break2Callback                 0x0800307b   Thumb Code     2  stm32f3xx_hal_tim_ex.o(i.HAL_TIMEx_Break2Callback)
    HAL_TIMEx_BreakCallback                  0x0800307d   Thumb Code     2  stm32f3xx_hal_tim_ex.o(i.HAL_TIMEx_BreakCallback)
    HAL_TIMEx_CommutationCallback            0x0800307f   Thumb Code     2  stm32f3xx_hal_tim_ex.o(i.HAL_TIMEx_CommutationCallback)
    HAL_TIM_Base_Init                        0x08003081   Thumb Code    54  stm32f3xx_hal_tim.o(i.HAL_TIM_Base_Init)
    HAL_TIM_Base_MspInit                     0x080030b7   Thumb Code     2  stm32f3xx_hal_tim.o(i.HAL_TIM_Base_MspInit)
    HAL_TIM_Base_Start_IT                    0x080030b9   Thumb Code    24  stm32f3xx_hal_tim.o(i.HAL_TIM_Base_Start_IT)
    HAL_TIM_IC_CaptureCallback               0x080030d1   Thumb Code     2  stm32f3xx_hal_tim.o(i.HAL_TIM_IC_CaptureCallback)
    HAL_TIM_IRQHandler                       0x080030d3   Thumb Code   388  stm32f3xx_hal_tim.o(i.HAL_TIM_IRQHandler)
    HAL_TIM_OC_DelayElapsedCallback          0x08003257   Thumb Code     2  stm32f3xx_hal_tim.o(i.HAL_TIM_OC_DelayElapsedCallback)
    HAL_TIM_PWM_PulseFinishedCallback        0x08003259   Thumb Code     2  stm32f3xx_hal_tim.o(i.HAL_TIM_PWM_PulseFinishedCallback)
    HAL_TIM_PeriodElapsedCallback            0x0800325b   Thumb Code    14  main.o(i.HAL_TIM_PeriodElapsedCallback)
    HAL_TIM_TriggerCallback                  0x08003269   Thumb Code     2  stm32f3xx_hal_tim.o(i.HAL_TIM_TriggerCallback)
    HardFault_Handler                        0x0800326b   Thumb Code     2  stm32f3xx_it.o(i.HardFault_Handler)
    L3GD20_DisableIT                         0x080035a5   Thumb Code    56  l3gd20.o(i.L3GD20_DisableIT)
    L3GD20_EnableIT                          0x080035dd   Thumb Code    64  l3gd20.o(i.L3GD20_EnableIT)
    L3GD20_FilterCmd                         0x0800361d   Thumb Code    40  l3gd20.o(i.L3GD20_FilterCmd)
    L3GD20_FilterConfig                      0x08003645   Thumb Code    40  l3gd20.o(i.L3GD20_FilterConfig)
    L3GD20_INT1InterruptConfig               0x0800366d   Thumb Code    82  l3gd20.o(i.L3GD20_INT1InterruptConfig)
    L3GD20_Init                              0x080036bf   Thumb Code    46  l3gd20.o(i.L3GD20_Init)
    L3GD20_ReadID                            0x080036ed   Thumb Code    22  l3gd20.o(i.L3GD20_ReadID)
    L3GD20_ReadXYZAngRate                    0x08003705   Thumb Code   186  l3gd20.o(i.L3GD20_ReadXYZAngRate)
    L3GD20_RebootCmd                         0x080037d1   Thumb Code    36  l3gd20.o(i.L3GD20_RebootCmd)
    LSM303DLHC_AccClickITEnable              0x080037f5   Thumb Code    70  lsm303dlhc.o(i.LSM303DLHC_AccClickITEnable)
    LSM303DLHC_AccFilterClickCmd             0x0800383b   Thumb Code    30  lsm303dlhc.o(i.LSM303DLHC_AccFilterClickCmd)
    LSM303DLHC_AccFilterCmd                  0x08003859   Thumb Code    30  lsm303dlhc.o(i.LSM303DLHC_AccFilterCmd)
    LSM303DLHC_AccFilterConfig               0x08003877   Thumb Code    30  lsm303dlhc.o(i.LSM303DLHC_AccFilterConfig)
    LSM303DLHC_AccIT1Enable                  0x08003895   Thumb Code    28  lsm303dlhc.o(i.LSM303DLHC_AccIT1Enable)
    LSM303DLHC_AccInit                       0x080038b1   Thumb Code    32  lsm303dlhc.o(i.LSM303DLHC_AccInit)
    LSM303DLHC_AccReadID                     0x080038d1   Thumb Code    18  lsm303dlhc.o(i.LSM303DLHC_AccReadID)
    LSM303DLHC_AccReadXYZ                    0x080038e5   Thumb Code   236  lsm303dlhc.o(i.LSM303DLHC_AccReadXYZ)
    LSM303DLHC_AccRebootCmd                  0x080039d1   Thumb Code    26  lsm303dlhc.o(i.LSM303DLHC_AccRebootCmd)
    LSM303DLHC_AccZClickITConfig             0x080039eb   Thumb Code    28  lsm303dlhc.o(i.LSM303DLHC_AccZClickITConfig)
    MX_GPIO_Init                             0x08003a09   Thumb Code   160  initmain.o(i.MX_GPIO_Init)
    MX_I2C1_Init                             0x08003ab5   Thumb Code    88  initmain.o(i.MX_I2C1_Init)
    MX_SPI1_Init                             0x08003b39   Thumb Code    74  initmain.o(i.MX_SPI1_Init)
    MX_USB_DEVICE_Init                       0x08003bad   Thumb Code    38  usb_device.o(i.MX_USB_DEVICE_Init)
    MemManage_Handler                        0x08003be5   Thumb Code     2  stm32f3xx_it.o(i.MemManage_Handler)
    NMI_Handler                              0x08003be7   Thumb Code     2  stm32f3xx_it.o(i.NMI_Handler)
    PCD_ReadPMA                              0x08003f75   Thumb Code    44  stm32f3xx_hal_pcd_ex.o(i.PCD_ReadPMA)
    PCD_WritePMA                             0x08003fa1   Thumb Code    38  stm32f3xx_hal_pcd_ex.o(i.PCD_WritePMA)
    StartDefaultTask                         0x0800420d   Thumb Code     6  initmain.o(i.StartDefaultTask)
    SysTick_Handler                          0x08004213   Thumb Code     4  stm32f3xx_it.o(i.SysTick_Handler)
    SystemClock_Config                       0x08004219   Thumb Code   150  initmain.o(i.SystemClock_Config)
    SystemInit                               0x080042d5   Thumb Code    82  system_stm32f3xx.o(i.SystemInit)
    TIM2_IRQHandler                          0x0800433d   Thumb Code     6  stm32f3xx_it.o(i.TIM2_IRQHandler)
    TIM_Base_SetConfig                       0x08004349   Thumb Code   146  stm32f3xx_hal_tim.o(i.TIM_Base_SetConfig)
    USBD_CDC_GetDeviceQualifierDescriptor    0x0800449d   Thumb Code     8  usbd_cdc.o(i.USBD_CDC_GetDeviceQualifierDescriptor)
    USBD_CDC_ReceivePacket                   0x08004555   Thumb Code    40  usbd_cdc.o(i.USBD_CDC_ReceivePacket)
    USBD_CDC_RegisterInterface               0x0800457d   Thumb Code    16  usbd_cdc.o(i.USBD_CDC_RegisterInterface)
    USBD_CDC_SetRxBuffer                     0x0800458d   Thumb Code    12  usbd_cdc.o(i.USBD_CDC_SetRxBuffer)
    USBD_CDC_SetTxBuffer                     0x08004599   Thumb Code    16  usbd_cdc.o(i.USBD_CDC_SetTxBuffer)
    USBD_CDC_TransmitPacket                  0x08004619   Thumb Code    48  usbd_cdc.o(i.USBD_CDC_TransmitPacket)
    USBD_ClrClassConfig                      0x08004649   Thumb Code    14  usbd_core.o(i.USBD_ClrClassConfig)
    USBD_CtlContinueRx                       0x08004657   Thumb Code    16  usbd_ioreq.o(i.USBD_CtlContinueRx)
    USBD_CtlContinueSendData                 0x08004667   Thumb Code    16  usbd_ioreq.o(i.USBD_CtlContinueSendData)
    USBD_CtlError                            0x08004677   Thumb Code    22  usbd_ctlreq.o(i.USBD_CtlError)
    USBD_CtlPrepareRx                        0x0800468d   Thumb Code    30  usbd_ioreq.o(i.USBD_CtlPrepareRx)
    USBD_CtlReceiveStatus                    0x080046ab   Thumb Code    22  usbd_ioreq.o(i.USBD_CtlReceiveStatus)
    USBD_CtlSendData                         0x080046c1   Thumb Code    26  usbd_ioreq.o(i.USBD_CtlSendData)
    USBD_CtlSendStatus                       0x080046db   Thumb Code    22  usbd_ioreq.o(i.USBD_CtlSendStatus)
    USBD_FS_ConfigStrDescriptor              0x080046f1   Thumb Code    16  usbd_desc.o(i.USBD_FS_ConfigStrDescriptor)
    USBD_FS_DeviceDescriptor                 0x08004711   Thumb Code     8  usbd_desc.o(i.USBD_FS_DeviceDescriptor)
    USBD_FS_InterfaceStrDescriptor           0x0800471d   Thumb Code    16  usbd_desc.o(i.USBD_FS_InterfaceStrDescriptor)
    USBD_FS_LangIDStrDescriptor              0x08004741   Thumb Code     8  usbd_desc.o(i.USBD_FS_LangIDStrDescriptor)
    USBD_FS_ManufacturerStrDescriptor        0x0800474d   Thumb Code    16  usbd_desc.o(i.USBD_FS_ManufacturerStrDescriptor)
    USBD_FS_ProductStrDescriptor             0x08004775   Thumb Code    16  usbd_desc.o(i.USBD_FS_ProductStrDescriptor)
    USBD_FS_SerialStrDescriptor              0x080047a1   Thumb Code    16  usbd_desc.o(i.USBD_FS_SerialStrDescriptor)
    USBD_GetString                           0x080048a5   Thumb Code    70  usbd_ctlreq.o(i.USBD_GetString)
    USBD_Init                                0x080048eb   Thumb Code    42  usbd_core.o(i.USBD_Init)
    USBD_LL_ClearStallEP                     0x08004915   Thumb Code    32  usbd_conf.o(i.USBD_LL_ClearStallEP)
    USBD_LL_CloseEP                          0x08004935   Thumb Code    32  usbd_conf.o(i.USBD_LL_CloseEP)
    USBD_LL_DataInStage                      0x08004955   Thumb Code   170  usbd_core.o(i.USBD_LL_DataInStage)
    USBD_LL_DataOutStage                     0x080049ff   Thumb Code   106  usbd_core.o(i.USBD_LL_DataOutStage)
    USBD_LL_GetRxDataSize                    0x08004a69   Thumb Code     8  usbd_conf.o(i.USBD_LL_GetRxDataSize)
    USBD_LL_Init                             0x08004a71   Thumb Code   128  usbd_conf.o(i.USBD_LL_Init)
    USBD_LL_IsStallEP                        0x08004b0d   Thumb Code    32  usbd_conf.o(i.USBD_LL_IsStallEP)
    USBD_LL_OpenEP                           0x08004b2d   Thumb Code    38  usbd_conf.o(i.USBD_LL_OpenEP)
    USBD_LL_PrepareReceive                   0x08004b53   Thumb Code    32  usbd_conf.o(i.USBD_LL_PrepareReceive)
    USBD_LL_Reset                            0x08004b73   Thumb Code    62  usbd_core.o(i.USBD_LL_Reset)
    USBD_LL_Resume                           0x08004bb1   Thumb Code    12  usbd_core.o(i.USBD_LL_Resume)
    USBD_LL_SOF                              0x08004bbd   Thumb Code    24  usbd_core.o(i.USBD_LL_SOF)
    USBD_LL_SetSpeed                         0x08004bd5   Thumb Code     6  usbd_core.o(i.USBD_LL_SetSpeed)
    USBD_LL_SetUSBAddress                    0x08004bdb   Thumb Code    32  usbd_conf.o(i.USBD_LL_SetUSBAddress)
    USBD_LL_SetupStage                       0x08004bfb   Thumb Code    90  usbd_core.o(i.USBD_LL_SetupStage)
    USBD_LL_StallEP                          0x08004c55   Thumb Code    32  usbd_conf.o(i.USBD_LL_StallEP)
    USBD_LL_Start                            0x08004c75   Thumb Code    32  usbd_conf.o(i.USBD_LL_Start)
    USBD_LL_Suspend                          0x08004c95   Thumb Code    18  usbd_core.o(i.USBD_LL_Suspend)
    USBD_LL_Transmit                         0x08004ca7   Thumb Code    32  usbd_conf.o(i.USBD_LL_Transmit)
    USBD_ParseSetupRequest                   0x08004cc7   Thumb Code    40  usbd_ctlreq.o(i.USBD_ParseSetupRequest)
    USBD_RegisterClass                       0x08004cef   Thumb Code    16  usbd_core.o(i.USBD_RegisterClass)
    USBD_SetClassConfig                      0x08004cff   Thumb Code    22  usbd_core.o(i.USBD_SetClassConfig)
    USBD_Start                               0x08004d89   Thumb Code    10  usbd_core.o(i.USBD_Start)
    USBD_StdDevReq                           0x08004d93   Thumb Code   242  usbd_ctlreq.o(i.USBD_StdDevReq)
    USBD_StdEPReq                            0x08004e85   Thumb Code   220  usbd_ctlreq.o(i.USBD_StdEPReq)
    USBD_StdItfReq                           0x08004f61   Thumb Code    52  usbd_ctlreq.o(i.USBD_StdItfReq)
    USBD_static_free                         0x08004f95   Thumb Code     2  usbd_conf.o(i.USBD_static_free)
    USBD_static_malloc                       0x08004f99   Thumb Code     4  usbd_conf.o(i.USBD_static_malloc)
    USB_LP_CAN_RX0_IRQHandler                0x08004fa1   Thumb Code     6  stm32f3xx_it.o(i.USB_LP_CAN_RX0_IRQHandler)
    UsageFault_Handler                       0x08004fad   Thumb Code     2  stm32f3xx_it.o(i.UsageFault_Handler)
    _Error_Handler                           0x08004faf   Thumb Code     2  main.o(i._Error_Handler)
    __0sprintf                               0x08004fb1   Thumb Code    34  printfa.o(i.__0sprintf)
    __1sprintf                               0x08004fb1   Thumb Code     0  printfa.o(i.__0sprintf)
    __2sprintf                               0x08004fb1   Thumb Code     0  printfa.o(i.__0sprintf)
    __c89sprintf                             0x08004fb1   Thumb Code     0  printfa.o(i.__0sprintf)
    sprintf                                  0x08004fb1   Thumb Code     0  printfa.o(i.__0sprintf)
    __ARM_fpclassify                         0x08004fd9   Thumb Code    48  fpclassify.o(i.__ARM_fpclassify)
    __hardfp_atan                            0x08005009   Thumb Code   622  atan.o(i.__hardfp_atan)
    __hardfp_sqrt                            0x080052e1   Thumb Code   122  sqrt.o(i.__hardfp_sqrt)
    __kernel_poly                            0x0800535b   Thumb Code   248  poly.o(i.__kernel_poly)
    __mathlib_dbl_infnan                     0x08005453   Thumb Code    20  dunder.o(i.__mathlib_dbl_infnan)
    __mathlib_dbl_underflow                  0x08005469   Thumb Code    24  dunder.o(i.__mathlib_dbl_underflow)
    __scatterload_copy                       0x08005489   Thumb Code    14  handlers.o(i.__scatterload_copy)
    __scatterload_null                       0x08005497   Thumb Code     2  handlers.o(i.__scatterload_null)
    __scatterload_zeroinit                   0x08005499   Thumb Code    14  handlers.o(i.__scatterload_zeroinit)
    __set_errno                              0x080054a9   Thumb Code     6  errno.o(i.__set_errno)
    fabs                                     0x08005d71   Thumb Code    24  fabs.o(i.fabs)
    main                                     0x08005d89   Thumb Code    80  main.o(i.main)
    osDelay                                  0x08005ded   Thumb Code    14  cmsis_os.o(i.osDelay)
    osKernelStart                            0x08005dfb   Thumb Code    10  cmsis_os.o(i.osKernelStart)
    osSystickHandler                         0x08005e05   Thumb Code    20  cmsis_os.o(i.osSystickHandler)
    osThreadCreate                           0x08005e19   Thumb Code    46  cmsis_os.o(i.osThreadCreate)
    pvPortMalloc                             0x08006185   Thumb Code   210  heap_4.o(i.pvPortMalloc)
    pxPortInitialiseStack                    0x0800625d   Thumb Code    40  port.o(i.pxPortInitialiseStack)
    uxListRemove                             0x08006289   Thumb Code    36  list.o(i.uxListRemove)
    vListInitialise                          0x080062ad   Thumb Code    22  list.o(i.vListInitialise)
    vListInitialiseItem                      0x080062c3   Thumb Code     6  list.o(i.vListInitialiseItem)
    vListInsert                              0x080062c9   Thumb Code    48  list.o(i.vListInsert)
    vListInsertEnd                           0x080062f9   Thumb Code    24  list.o(i.vListInsertEnd)
    vPortEnterCritical                       0x08006311   Thumb Code    54  port.o(i.vPortEnterCritical)
    vPortExitCritical                        0x08006351   Thumb Code    34  port.o(i.vPortExitCritical)
    vPortFree                                0x08006379   Thumb Code    88  heap_4.o(i.vPortFree)
    vPortSetupTimerInterrupt                 0x080063d5   Thumb Code    26  port.o(i.vPortSetupTimerInterrupt)
    vTaskDelay                               0x080063f5   Thumb Code    66  tasks.o(i.vTaskDelay)
    vTaskStartScheduler                      0x08006441   Thumb Code    86  tasks.o(i.vTaskStartScheduler)
    vTaskSuspendAll                          0x080064a9   Thumb Code    10  tasks.o(i.vTaskSuspendAll)
    vTaskSwitchContext                       0x080064b9   Thumb Code    82  tasks.o(i.vTaskSwitchContext)
    xPortStartScheduler                      0x08006515   Thumb Code   202  port.o(i.xPortStartScheduler)
    xPortSysTickHandler                      0x080065f5   Thumb Code    38  port.o(i.xPortSysTickHandler)
    xTaskCreate                              0x08006621   Thumb Code    86  tasks.o(i.xTaskCreate)
    xTaskGetSchedulerState                   0x08006679   Thumb Code    22  tasks.o(i.xTaskGetSchedulerState)
    xTaskIncrementTick                       0x08006695   Thumb Code   192  tasks.o(i.xTaskIncrementTick)
    xTaskResumeAll                           0x0800675d   Thumb Code   182  tasks.o(i.xTaskResumeAll)
    aPLLMULFactorTable                       0x08006848   Data          16  stm32f3xx_hal_rcc.o(.constdata)
    aPredivFactorTable                       0x08006858   Data          16  stm32f3xx_hal_rcc.o(.constdata)
    AHBPrescTable                            0x08006868   Data          16  system_stm32f3xx.o(.constdata)
    APBPrescTable                            0x08006878   Data           8  system_stm32f3xx.o(.constdata)
    Region$$Table$$Base                      0x08006934   Number         0  anon$$obj.o(Region$$Table)
    Region$$Table$$Limit                     0x08006954   Number         0  anon$$obj.o(Region$$Table)
    defaultTaskHandle                        0x20000000   Data           4  main.o(.data)
    AngleCalcTaskHandle                      0x20000004   Data           4  main.o(.data)
    FS_Desc                                  0x20000008   Data          28  usbd_desc.o(.data)
    USBD_LangIDDesc                          0x20000024   Data           4  usbd_desc.o(.data)
    USBD_FS_DeviceDesc                       0x20000028   Data          18  usbd_desc.o(.data)
    USBD_Interface_fops_FS                   0x2000003c   Data          16  usbd_cdc_if.o(.data)
    zval                                     0x20000050   Data           2  initmain.o(.data)
    xval                                     0x20000052   Data           2  initmain.o(.data)
    yval                                     0x20000054   Data           2  initmain.o(.data)
    yaw                                      0x20000058   Data           4  initmain.o(.data)
    Zval                                     0x2000005c   Data           4  initmain.o(.data)
    Xval                                     0x20000060   Data           4  initmain.o(.data)
    Yval                                     0x20000064   Data           4  initmain.o(.data)
    zAcc                                     0x20000068   Data           8  initmain.o(.data)
    xAcc                                     0x20000070   Data           8  initmain.o(.data)
    yAcc                                     0x20000078   Data           8  initmain.o(.data)
    uwTickFreq                               0x20000080   Data           1  stm32f3xx_hal.o(.data)
    uwTickPrio                               0x20000084   Data           4  stm32f3xx_hal.o(.data)
    uwTick                                   0x20000088   Data           4  stm32f3xx_hal.o(.data)
    SystemCoreClock                          0x2000008c   Data           4  system_stm32f3xx.o(.data)
    pxCurrentTCB                             0x200000b4   Data           4  tasks.o(.data)
    USBD_CDC_CfgHSDesc                       0x20000104   Data          67  usbd_cdc.o(.data)
    USBD_CDC_CfgFSDesc                       0x20000148   Data          67  usbd_cdc.o(.data)
    USBD_CDC_OtherSpeedCfgDesc               0x2000018c   Data          67  usbd_cdc.o(.data)
    USBD_CDC                                 0x200001d0   Data          56  usbd_cdc.o(.data)
    L3gd20Drv                                0x20000208   Data          44  l3gd20.o(.data)
    Lsm303dlhcDrv                            0x20000234   Data          44  lsm303dlhc.o(.data)
    BUTTON_PORT                              0x20000268   Data           4  stm32f3_discovery.o(.data)
    SpixTimeout                              0x2000026c   Data           4  stm32f3_discovery.o(.data)
    I2cxTimeout                              0x20000270   Data           4  stm32f3_discovery.o(.data)
    LED_PORT                                 0x20000274   Data          32  stm32f3_discovery.o(.data)
    hUsbDeviceFS                             0x20000298   Data         548  usb_device.o(.bss)
    hpcd_USB_FS                              0x200006dc   Data         936  usbd_conf.o(.bss)
    USBD_StrDesc                             0x20000a84   Data         512  usbd_desc.o(.bss)
    UserRxBufferFS                           0x20000c84   Data        1000  usbd_cdc_if.o(.bss)
    UserTxBufferFS                           0x2000106c   Data        1000  usbd_cdc_if.o(.bss)
    htim2                                    0x20001454   Data          64  stm32f3xx_hal_timebase_tim.o(.bss)
    hi2c1                                    0x20001494   Data          76  initmain.o(.bss)
    hspi1                                    0x200014e0   Data         100  initmain.o(.bss)
    __initial_sp                             0x200026e8   Data           0  startup_stm32f303xc.o(STACK)



==============================================================================

Memory Map of the image

  Image Entry point : 0x08000189

  Load Region LR_IROM1 (Base: 0x08000000, Size: 0x00006bec, Max: 0x00040000, ABSOLUTE, COMPRESSED[0x00006a60])

    Execution Region ER_IROM1 (Exec base: 0x08000000, Load base: 0x08000000, Size: 0x00006954, Max: 0x00040000, ABSOLUTE)

    Exec Addr    Load Addr    Size         Type   Attr      Idx    E Section Name        Object

    0x08000000   0x08000000   0x00000188   Data   RO            3    RESET               startup_stm32f303xc.o
    0x08000188   0x08000188   0x00000000   Code   RO         5813  * .ARM.Collect$$$$00000000  mc_w.l(entry.o)
    0x08000188   0x08000188   0x00000004   Code   RO         6130    .ARM.Collect$$$$00000001  mc_w.l(entry2.o)
    0x0800018c   0x0800018c   0x00000004   Code   RO         6133    .ARM.Collect$$$$00000004  mc_w.l(entry5.o)
    0x08000190   0x08000190   0x00000000   Code   RO         6135    .ARM.Collect$$$$00000008  mc_w.l(entry7b.o)
    0x08000190   0x08000190   0x00000000   Code   RO         6137    .ARM.Collect$$$$0000000A  mc_w.l(entry8b.o)
    0x08000190   0x08000190   0x00000008   Code   RO         6138    .ARM.Collect$$$$0000000B  mc_w.l(entry9a.o)
    0x08000198   0x08000198   0x00000000   Code   RO         6140    .ARM.Collect$$$$0000000D  mc_w.l(entry10a.o)
    0x08000198   0x08000198   0x00000000   Code   RO         6142    .ARM.Collect$$$$0000000F  mc_w.l(entry11a.o)
    0x08000198   0x08000198   0x00000004   Code   RO         6131    .ARM.Collect$$$$00002712  mc_w.l(entry2.o)
    0x0800019c   0x0800019c   0x000000ba   Code   RO         3936    .emb_text           port.o
    0x08000256   0x08000256   0x00000002   PAD
    0x08000258   0x08000258   0x00000024   Code   RO            4    .text               startup_stm32f303xc.o
    0x0800027c   0x0800027c   0x00000020   Code   RO         5823    .text               mc_w.l(llushr.o)
    0x0800029c   0x0800029c   0x00000024   Code   RO         5825    .text               mc_w.l(memcpya.o)
    0x080002c0   0x080002c0   0x00000024   Code   RO         5827    .text               mc_w.l(memseta.o)
    0x080002e4   0x080002e4   0x0000000e   Code   RO         5829    .text               mc_w.l(strlen.o)
    0x080002f2   0x080002f2   0x0000014e   Code   RO         6094    .text               mf_w.l(dadd.o)
    0x08000440   0x08000440   0x000000e4   Code   RO         6096    .text               mf_w.l(dmul.o)
    0x08000524   0x08000524   0x000000de   Code   RO         6098    .text               mf_w.l(ddiv.o)
    0x08000602   0x08000602   0x00000022   Code   RO         6100    .text               mf_w.l(dflti.o)
    0x08000624   0x08000624   0x00000026   Code   RO         6102    .text               mf_w.l(f2d.o)
    0x0800064a   0x0800064a   0x00000038   Code   RO         6104    .text               mf_w.l(d2f.o)
    0x08000682   0x08000682   0x0000002c   Code   RO         6144    .text               mc_w.l(uidiv.o)
    0x080006ae   0x080006ae   0x00000062   Code   RO         6146    .text               mc_w.l(uldiv.o)
    0x08000710   0x08000710   0x0000001e   Code   RO         6148    .text               mc_w.l(llshl.o)
    0x0800072e   0x0800072e   0x00000024   Code   RO         6150    .text               mc_w.l(llsshr.o)
    0x08000752   0x08000752   0x00000000   Code   RO         6159    .text               mc_w.l(iusefp.o)
    0x08000752   0x08000752   0x0000006e   Code   RO         6160    .text               mf_w.l(fepilogue.o)
    0x080007c0   0x080007c0   0x000000ba   Code   RO         6162    .text               mf_w.l(depilogue.o)
    0x0800087a   0x0800087a   0x000000a2   Code   RO         6166    .text               mf_w.l(dsqrt.o)
    0x0800091c   0x0800091c   0x00000030   Code   RO         6168    .text               mf_w.l(dfixul.o)
    0x0800094c   0x0800094c   0x00000030   Code   RO         6172    .text               mf_w.l(cdrcmple.o)
    0x0800097c   0x0800097c   0x00000024   Code   RO         6174    .text               mc_w.l(init.o)
    0x080009a0   0x080009a0   0x00000056   Code   RO         6184    .text               mc_w.l(__dczerorl2.o)
    0x080009f6   0x080009f6   0x00000002   PAD
    0x080009f8   0x080009f8   0x0000022c   Code   RO          803    i.AngleCalcTask     initmain.o
    0x08000c24   0x08000c24   0x00000014   Code   RO         5507    i.BSP_ACCELERO_GetXYZ  stm32f3_discovery_accelerometer.o
    0x08000c38   0x08000c38   0x00000030   Code   RO         5508    i.BSP_ACCELERO_Init  stm32f3_discovery_accelerometer.o
    0x08000c68   0x08000c68   0x00000014   Code   RO         5547    i.BSP_GYRO_GetXYZ   stm32f3_discovery_gyroscope.o
    0x08000c7c   0x08000c7c   0x00000040   Code   RO         5549    i.BSP_GYRO_Init     stm32f3_discovery_gyroscope.o
    0x08000cbc   0x08000cbc   0x00000002   Code   RO          639    i.BusFault_Handler  stm32f3xx_it.o
    0x08000cbe   0x08000cbe   0x00000004   Code   RO          587    i.CDC_Control_FS    usbd_cdc_if.o
    0x08000cc2   0x08000cc2   0x00000004   Code   RO          588    i.CDC_DeInit_FS     usbd_cdc_if.o
    0x08000cc6   0x08000cc6   0x00000002   PAD
    0x08000cc8   0x08000cc8   0x00000024   Code   RO          589    i.CDC_Init_FS       usbd_cdc_if.o
    0x08000cec   0x08000cec   0x00000018   Code   RO          590    i.CDC_Receive_FS    usbd_cdc_if.o
    0x08000d04   0x08000d04   0x0000002c   Code   RO          591    i.CDC_Transmit_FS   usbd_cdc_if.o
    0x08000d30   0x08000d30   0x00000050   Code   RO         5612    i.COMPASSACCELERO_IO_ITConfig  stm32f3_discovery.o
    0x08000d80   0x08000d80   0x00000070   Code   RO         5613    i.COMPASSACCELERO_IO_Init  stm32f3_discovery.o
    0x08000df0   0x08000df0   0x00000034   Code   RO         5614    i.COMPASSACCELERO_IO_Read  stm32f3_discovery.o
    0x08000e24   0x08000e24   0x00000030   Code   RO         5615    i.COMPASSACCELERO_IO_Write  stm32f3_discovery.o
    0x08000e54   0x08000e54   0x00000002   Code   RO          640    i.DebugMon_Handler  stm32f3xx_it.o
    0x08000e56   0x08000e56   0x00000002   PAD
    0x08000e58   0x08000e58   0x0000006c   Code   RO         5616    i.GYRO_IO_Init      stm32f3_discovery.o
    0x08000ec4   0x08000ec4   0x00000050   Code   RO         5617    i.GYRO_IO_Read      stm32f3_discovery.o
    0x08000f14   0x08000f14   0x00000048   Code   RO         5618    i.GYRO_IO_Write     stm32f3_discovery.o
    0x08000f5c   0x08000f5c   0x0000011c   Code   RO         3204    i.HAL_GPIO_DeInit   stm32f3xx_hal_gpio.o
    0x08001078   0x08001078   0x00000188   Code   RO         3207    i.HAL_GPIO_Init     stm32f3xx_hal_gpio.o
    0x08001200   0x08001200   0x00000008   Code   RO         3210    i.HAL_GPIO_TogglePin  stm32f3xx_hal_gpio.o
    0x08001208   0x08001208   0x0000000a   Code   RO         3211    i.HAL_GPIO_WritePin  stm32f3xx_hal_gpio.o
    0x08001212   0x08001212   0x00000002   PAD
    0x08001214   0x08001214   0x0000000c   Code   RO         2894    i.HAL_GetTick       stm32f3xx_hal.o
    0x08001220   0x08001220   0x00000056   Code   RO         1553    i.HAL_I2CEx_ConfigAnalogFilter  stm32f3xx_hal_i2c_ex.o
    0x08001276   0x08001276   0x00000052   Code   RO         1554    i.HAL_I2CEx_ConfigDigitalFilter  stm32f3xx_hal_i2c_ex.o
    0x080012c8   0x080012c8   0x00000032   Code   RO         1127    i.HAL_I2C_DeInit    stm32f3xx_hal_i2c.o
    0x080012fa   0x080012fa   0x00000006   Code   RO         1135    i.HAL_I2C_GetState  stm32f3xx_hal_i2c.o
    0x08001300   0x08001300   0x000000b8   Code   RO         1136    i.HAL_I2C_Init      stm32f3xx_hal_i2c.o
    0x080013b8   0x080013b8   0x00000170   Code   RO         1152    i.HAL_I2C_Mem_Read  stm32f3xx_hal_i2c.o
    0x08001528   0x08001528   0x00000168   Code   RO         1155    i.HAL_I2C_Mem_Write  stm32f3xx_hal_i2c.o
    0x08001690   0x08001690   0x00000028   Code   RO          715    i.HAL_I2C_MspDeInit  stm32f3xx_hal_msp.o
    0x080016b8   0x080016b8   0x0000004c   Code   RO          716    i.HAL_I2C_MspInit   stm32f3xx_hal_msp.o
    0x08001704   0x08001704   0x00000010   Code   RO         2900    i.HAL_IncTick       stm32f3xx_hal.o
    0x08001714   0x08001714   0x00000024   Code   RO         2901    i.HAL_Init          stm32f3xx_hal.o
    0x08001738   0x08001738   0x00000074   Code   RO          763    i.HAL_InitTick      stm32f3xx_hal_timebase_tim.o
    0x080017ac   0x080017ac   0x00000080   Code   RO          717    i.HAL_MspInit       stm32f3xx_hal_msp.o
    0x0800182c   0x0800182c   0x00000016   Code   RO         3375    i.HAL_NVIC_EnableIRQ  stm32f3xx_hal_cortex.o
    0x08001842   0x08001842   0x00000002   PAD
    0x08001844   0x08001844   0x00000040   Code   RO         3381    i.HAL_NVIC_SetPriority  stm32f3xx_hal_cortex.o
    0x08001884   0x08001884   0x00000024   Code   RO         3382    i.HAL_NVIC_SetPriorityGrouping  stm32f3xx_hal_cortex.o
    0x080018a8   0x080018a8   0x0000003c   Code   RO         1083    i.HAL_PCDEx_PMAConfig  stm32f3xx_hal_pcd_ex.o
    0x080018e4   0x080018e4   0x00000002   Code   RO          312    i.HAL_PCDEx_SetConnectionState  usbd_conf.o
    0x080018e6   0x080018e6   0x00000012   Code   RO          314    i.HAL_PCD_DataInStageCallback  usbd_conf.o
    0x080018f8   0x080018f8   0x00000014   Code   RO          315    i.HAL_PCD_DataOutStageCallback  usbd_conf.o
    0x0800190c   0x0800190c   0x00000182   Code   RO          878    i.HAL_PCD_EP_Close  stm32f3xx_hal_pcd.o
    0x08001a8e   0x08001a8e   0x000000b0   Code   RO          879    i.HAL_PCD_EP_ClrStall  stm32f3xx_hal_pcd.o
    0x08001b3e   0x08001b3e   0x00000014   Code   RO          881    i.HAL_PCD_EP_GetRxCount  stm32f3xx_hal_pcd.o
    0x08001b52   0x08001b52   0x000002fa   Code   RO          882    i.HAL_PCD_EP_Open   stm32f3xx_hal_pcd.o
    0x08001e4c   0x08001e4c   0x000000a6   Code   RO          883    i.HAL_PCD_EP_Receive  stm32f3xx_hal_pcd.o
    0x08001ef2   0x08001ef2   0x0000008a   Code   RO          884    i.HAL_PCD_EP_SetStall  stm32f3xx_hal_pcd.o
    0x08001f7c   0x08001f7c   0x000000d0   Code   RO          885    i.HAL_PCD_EP_Transmit  stm32f3xx_hal_pcd.o
    0x0800204c   0x0800204c   0x000000f0   Code   RO          887    i.HAL_PCD_IRQHandler  stm32f3xx_hal_pcd.o
    0x0800213c   0x0800213c   0x000000a6   Code   RO          890    i.HAL_PCD_Init      stm32f3xx_hal_pcd.o
    0x080021e2   0x080021e2   0x00000002   PAD
    0x080021e4   0x080021e4   0x0000005c   Code   RO          320    i.HAL_PCD_MspInit   usbd_conf.o
    0x08002240   0x08002240   0x0000001a   Code   RO          321    i.HAL_PCD_ResetCallback  usbd_conf.o
    0x0800225a   0x0800225a   0x00000008   Code   RO          322    i.HAL_PCD_ResumeCallback  usbd_conf.o
    0x08002262   0x08002262   0x00000008   Code   RO          323    i.HAL_PCD_SOFCallback  usbd_conf.o
    0x0800226a   0x0800226a   0x0000002c   Code   RO          896    i.HAL_PCD_SetAddress  stm32f3xx_hal_pcd.o
    0x08002296   0x08002296   0x0000000e   Code   RO          324    i.HAL_PCD_SetupStageCallback  usbd_conf.o
    0x080022a4   0x080022a4   0x0000000c   Code   RO          898    i.HAL_PCD_Start     stm32f3xx_hal_pcd.o
    0x080022b0   0x080022b0   0x00000024   Code   RO          325    i.HAL_PCD_SuspendCallback  usbd_conf.o
    0x080022d4   0x080022d4   0x00000218   Code   RO         3164    i.HAL_RCCEx_PeriphCLKConfig  stm32f3xx_hal_rcc_ex.o
    0x080024ec   0x080024ec   0x00000144   Code   RO         3058    i.HAL_RCC_ClockConfig  stm32f3xx_hal_rcc.o
    0x08002630   0x08002630   0x00000040   Code   RO         3062    i.HAL_RCC_GetClockConfig  stm32f3xx_hal_rcc.o
    0x08002670   0x08002670   0x0000000c   Code   RO         3063    i.HAL_RCC_GetHCLKFreq  stm32f3xx_hal_rcc.o
    0x0800267c   0x0800267c   0x00000030   Code   RO         3065    i.HAL_RCC_GetPCLK1Freq  stm32f3xx_hal_rcc.o
    0x080026ac   0x080026ac   0x00000064   Code   RO         3067    i.HAL_RCC_GetSysClockFreq  stm32f3xx_hal_rcc.o
    0x08002710   0x08002710   0x00000590   Code   RO         3070    i.HAL_RCC_OscConfig  stm32f3xx_hal_rcc.o
    0x08002ca0   0x08002ca0   0x0000002e   Code   RO         1613    i.HAL_SPI_DeInit    stm32f3xx_hal_spi.o
    0x08002cce   0x08002cce   0x00000006   Code   RO         1616    i.HAL_SPI_GetState  stm32f3xx_hal_spi.o
    0x08002cd4   0x08002cd4   0x000000b6   Code   RO         1618    i.HAL_SPI_Init      stm32f3xx_hal_spi.o
    0x08002d8a   0x08002d8a   0x00000002   PAD
    0x08002d8c   0x08002d8c   0x00000028   Code   RO          718    i.HAL_SPI_MspDeInit  stm32f3xx_hal_msp.o
    0x08002db4   0x08002db4   0x00000048   Code   RO          719    i.HAL_SPI_MspInit   stm32f3xx_hal_msp.o
    0x08002dfc   0x08002dfc   0x0000023e   Code   RO         1627    i.HAL_SPI_TransmitReceive  stm32f3xx_hal_spi.o
    0x0800303a   0x0800303a   0x00000018   Code   RO         3384    i.HAL_SYSTICK_CLKSourceConfig  stm32f3xx_hal_cortex.o
    0x08003052   0x08003052   0x00000028   Code   RO         3386    i.HAL_SYSTICK_Config  stm32f3xx_hal_cortex.o
    0x0800307a   0x0800307a   0x00000002   Code   RO         2604    i.HAL_TIMEx_Break2Callback  stm32f3xx_hal_tim_ex.o
    0x0800307c   0x0800307c   0x00000002   Code   RO         2605    i.HAL_TIMEx_BreakCallback  stm32f3xx_hal_tim_ex.o
    0x0800307e   0x0800307e   0x00000002   Code   RO         2606    i.HAL_TIMEx_CommutationCallback  stm32f3xx_hal_tim_ex.o
    0x08003080   0x08003080   0x00000036   Code   RO         1960    i.HAL_TIM_Base_Init  stm32f3xx_hal_tim.o
    0x080030b6   0x080030b6   0x00000002   Code   RO         1962    i.HAL_TIM_Base_MspInit  stm32f3xx_hal_tim.o
    0x080030b8   0x080030b8   0x00000018   Code   RO         1965    i.HAL_TIM_Base_Start_IT  stm32f3xx_hal_tim.o
    0x080030d0   0x080030d0   0x00000002   Code   RO         1991    i.HAL_TIM_IC_CaptureCallback  stm32f3xx_hal_tim.o
    0x080030d2   0x080030d2   0x00000184   Code   RO         2004    i.HAL_TIM_IRQHandler  stm32f3xx_hal_tim.o
    0x08003256   0x08003256   0x00000002   Code   RO         2007    i.HAL_TIM_OC_DelayElapsedCallback  stm32f3xx_hal_tim.o
    0x08003258   0x08003258   0x00000002   Code   RO         2034    i.HAL_TIM_PWM_PulseFinishedCallback  stm32f3xx_hal_tim.o
    0x0800325a   0x0800325a   0x0000000e   Code   RO           13    i.HAL_TIM_PeriodElapsedCallback  main.o
    0x08003268   0x08003268   0x00000002   Code   RO         2045    i.HAL_TIM_TriggerCallback  stm32f3xx_hal_tim.o
    0x0800326a   0x0800326a   0x00000002   Code   RO          641    i.HardFault_Handler  stm32f3xx_it.o
    0x0800326c   0x0800326c   0x00000022   Code   RO         1178    i.I2C_Flush_TXDR    stm32f3xx_hal_i2c.o
    0x0800328e   0x0800328e   0x00000002   PAD
    0x08003290   0x08003290   0x0000007c   Code   RO         1186    i.I2C_IsAcknowledgeFailed  stm32f3xx_hal_i2c.o
    0x0800330c   0x0800330c   0x00000070   Code   RO         1189    i.I2C_RequestMemoryRead  stm32f3xx_hal_i2c.o
    0x0800337c   0x0800337c   0x00000070   Code   RO         1190    i.I2C_RequestMemoryWrite  stm32f3xx_hal_i2c.o
    0x080033ec   0x080033ec   0x0000002c   Code   RO         1193    i.I2C_TransferConfig  stm32f3xx_hal_i2c.o
    0x08003418   0x08003418   0x00000052   Code   RO         1194    i.I2C_WaitOnFlagUntilTimeout  stm32f3xx_hal_i2c.o
    0x0800346a   0x0800346a   0x0000004e   Code   RO         1196    i.I2C_WaitOnSTOPFlagUntilTimeout  stm32f3xx_hal_i2c.o
    0x080034b8   0x080034b8   0x00000052   Code   RO         1197    i.I2C_WaitOnTXISFlagUntilTimeout  stm32f3xx_hal_i2c.o
    0x0800350a   0x0800350a   0x00000002   PAD
    0x0800350c   0x0800350c   0x00000014   Code   RO         5619    i.I2Cx_Error        stm32f3_discovery.o
    0x08003520   0x08003520   0x00000084   Code   RO         5620    i.I2Cx_Init         stm32f3_discovery.o
    0x080035a4   0x080035a4   0x00000038   Code   RO         5310    i.L3GD20_DisableIT  l3gd20.o
    0x080035dc   0x080035dc   0x00000040   Code   RO         5311    i.L3GD20_EnableIT   l3gd20.o
    0x0800361c   0x0800361c   0x00000028   Code   RO         5312    i.L3GD20_FilterCmd  l3gd20.o
    0x08003644   0x08003644   0x00000028   Code   RO         5313    i.L3GD20_FilterConfig  l3gd20.o
    0x0800366c   0x0800366c   0x00000052   Code   RO         5315    i.L3GD20_INT1InterruptConfig  l3gd20.o
    0x080036be   0x080036be   0x0000002e   Code   RO         5316    i.L3GD20_Init       l3gd20.o
    0x080036ec   0x080036ec   0x00000016   Code   RO         5317    i.L3GD20_ReadID     l3gd20.o
    0x08003702   0x08003702   0x00000002   PAD
    0x08003704   0x08003704   0x000000cc   Code   RO         5318    i.L3GD20_ReadXYZAngRate  l3gd20.o
    0x080037d0   0x080037d0   0x00000024   Code   RO         5319    i.L3GD20_RebootCmd  l3gd20.o
    0x080037f4   0x080037f4   0x00000046   Code   RO         5383    i.LSM303DLHC_AccClickITEnable  lsm303dlhc.o
    0x0800383a   0x0800383a   0x0000001e   Code   RO         5384    i.LSM303DLHC_AccFilterClickCmd  lsm303dlhc.o
    0x08003858   0x08003858   0x0000001e   Code   RO         5385    i.LSM303DLHC_AccFilterCmd  lsm303dlhc.o
    0x08003876   0x08003876   0x0000001e   Code   RO         5386    i.LSM303DLHC_AccFilterConfig  lsm303dlhc.o
    0x08003894   0x08003894   0x0000001c   Code   RO         5392    i.LSM303DLHC_AccIT1Enable  lsm303dlhc.o
    0x080038b0   0x080038b0   0x00000020   Code   RO         5395    i.LSM303DLHC_AccInit  lsm303dlhc.o
    0x080038d0   0x080038d0   0x00000012   Code   RO         5396    i.LSM303DLHC_AccReadID  lsm303dlhc.o
    0x080038e2   0x080038e2   0x00000002   PAD
    0x080038e4   0x080038e4   0x000000ec   Code   RO         5397    i.LSM303DLHC_AccReadXYZ  lsm303dlhc.o
    0x080039d0   0x080039d0   0x0000001a   Code   RO         5398    i.LSM303DLHC_AccRebootCmd  lsm303dlhc.o
    0x080039ea   0x080039ea   0x0000001c   Code   RO         5399    i.LSM303DLHC_AccZClickITConfig  lsm303dlhc.o
    0x08003a06   0x08003a06   0x00000002   PAD
    0x08003a08   0x08003a08   0x000000ac   Code   RO          804    i.MX_GPIO_Init      initmain.o
    0x08003ab4   0x08003ab4   0x00000084   Code   RO          805    i.MX_I2C1_Init      initmain.o
    0x08003b38   0x08003b38   0x00000074   Code   RO          806    i.MX_SPI1_Init      initmain.o
    0x08003bac   0x08003bac   0x00000038   Code   RO          275    i.MX_USB_DEVICE_Init  usb_device.o
    0x08003be4   0x08003be4   0x00000002   Code   RO          642    i.MemManage_Handler  stm32f3xx_it.o
    0x08003be6   0x08003be6   0x00000002   Code   RO          643    i.NMI_Handler       stm32f3xx_it.o
    0x08003be8   0x08003be8   0x00000020   Code   RO         3388    i.NVIC_SetPriority  stm32f3xx_hal_cortex.o
    0x08003c08   0x08003c08   0x0000036a   Code   RO          901    i.PCD_EP_ISR_Handler  stm32f3xx_hal_pcd.o
    0x08003f72   0x08003f72   0x00000002   PAD
    0x08003f74   0x08003f74   0x0000002c   Code   RO         1085    i.PCD_ReadPMA       stm32f3xx_hal_pcd_ex.o
    0x08003fa0   0x08003fa0   0x00000026   Code   RO         1086    i.PCD_WritePMA      stm32f3xx_hal_pcd_ex.o
    0x08003fc6   0x08003fc6   0x00000048   Code   RO         1656    i.SPI_EndRxTxTransaction  stm32f3xx_hal_spi.o
    0x0800400e   0x0800400e   0x0000009e   Code   RO         1661    i.SPI_WaitFifoStateUntilTimeout  stm32f3xx_hal_spi.o
    0x080040ac   0x080040ac   0x00000094   Code   RO         1662    i.SPI_WaitFlagStateUntilTimeout  stm32f3xx_hal_spi.o
    0x08004140   0x08004140   0x00000094   Code   RO         5621    i.SPIx_Init         stm32f3_discovery.o
    0x080041d4   0x080041d4   0x00000038   Code   RO         5622    i.SPIx_WriteRead    stm32f3_discovery.o
    0x0800420c   0x0800420c   0x00000006   Code   RO          807    i.StartDefaultTask  initmain.o
    0x08004212   0x08004212   0x00000004   Code   RO          644    i.SysTick_Handler   stm32f3xx_it.o
    0x08004216   0x08004216   0x00000002   PAD
    0x08004218   0x08004218   0x000000bc   Code   RO          808    i.SystemClock_Config  initmain.o
    0x080042d4   0x080042d4   0x00000068   Code   RO         3832    i.SystemInit        system_stm32f3xx.o
    0x0800433c   0x0800433c   0x0000000c   Code   RO          645    i.TIM2_IRQHandler   stm32f3xx_it.o
    0x08004348   0x08004348   0x000000b0   Code   RO         2046    i.TIM_Base_SetConfig  stm32f3xx_hal_tim.o
    0x080043f8   0x080043f8   0x00000014   Code   RO         5207    i.USBD_CDC_DataIn   usbd_cdc.o
    0x0800440c   0x0800440c   0x0000002e   Code   RO         5208    i.USBD_CDC_DataOut  usbd_cdc.o
    0x0800443a   0x0800443a   0x0000003c   Code   RO         5209    i.USBD_CDC_DeInit   usbd_cdc.o
    0x08004476   0x08004476   0x00000024   Code   RO         5210    i.USBD_CDC_EP0_RxReady  usbd_cdc.o
    0x0800449a   0x0800449a   0x00000002   PAD
    0x0800449c   0x0800449c   0x0000000c   Code   RO         5211    i.USBD_CDC_GetDeviceQualifierDescriptor  usbd_cdc.o
    0x080044a8   0x080044a8   0x0000000c   Code   RO         5212    i.USBD_CDC_GetFSCfgDesc  usbd_cdc.o
    0x080044b4   0x080044b4   0x0000000c   Code   RO         5213    i.USBD_CDC_GetHSCfgDesc  usbd_cdc.o
    0x080044c0   0x080044c0   0x0000000c   Code   RO         5214    i.USBD_CDC_GetOtherSpeedCfgDesc  usbd_cdc.o
    0x080044cc   0x080044cc   0x00000088   Code   RO         5215    i.USBD_CDC_Init     usbd_cdc.o
    0x08004554   0x08004554   0x00000028   Code   RO         5216    i.USBD_CDC_ReceivePacket  usbd_cdc.o
    0x0800457c   0x0800457c   0x00000010   Code   RO         5217    i.USBD_CDC_RegisterInterface  usbd_cdc.o
    0x0800458c   0x0800458c   0x0000000c   Code   RO         5218    i.USBD_CDC_SetRxBuffer  usbd_cdc.o
    0x08004598   0x08004598   0x00000010   Code   RO         5219    i.USBD_CDC_SetTxBuffer  usbd_cdc.o
    0x080045a8   0x080045a8   0x00000070   Code   RO         5220    i.USBD_CDC_Setup    usbd_cdc.o
    0x08004618   0x08004618   0x00000030   Code   RO         5221    i.USBD_CDC_TransmitPacket  usbd_cdc.o
    0x08004648   0x08004648   0x0000000e   Code   RO         4944    i.USBD_ClrClassConfig  usbd_core.o
    0x08004656   0x08004656   0x00000010   Code   RO         5147    i.USBD_CtlContinueRx  usbd_ioreq.o
    0x08004666   0x08004666   0x00000010   Code   RO         5148    i.USBD_CtlContinueSendData  usbd_ioreq.o
    0x08004676   0x08004676   0x00000016   Code   RO         5082    i.USBD_CtlError     usbd_ctlreq.o
    0x0800468c   0x0800468c   0x0000001e   Code   RO         5149    i.USBD_CtlPrepareRx  usbd_ioreq.o
    0x080046aa   0x080046aa   0x00000016   Code   RO         5150    i.USBD_CtlReceiveStatus  usbd_ioreq.o
    0x080046c0   0x080046c0   0x0000001a   Code   RO         5151    i.USBD_CtlSendData  usbd_ioreq.o
    0x080046da   0x080046da   0x00000016   Code   RO         5152    i.USBD_CtlSendStatus  usbd_ioreq.o
    0x080046f0   0x080046f0   0x00000020   Code   RO          519    i.USBD_FS_ConfigStrDescriptor  usbd_desc.o
    0x08004710   0x08004710   0x0000000c   Code   RO          520    i.USBD_FS_DeviceDescriptor  usbd_desc.o
    0x0800471c   0x0800471c   0x00000024   Code   RO          521    i.USBD_FS_InterfaceStrDescriptor  usbd_desc.o
    0x08004740   0x08004740   0x0000000c   Code   RO          522    i.USBD_FS_LangIDStrDescriptor  usbd_desc.o
    0x0800474c   0x0800474c   0x00000028   Code   RO          523    i.USBD_FS_ManufacturerStrDescriptor  usbd_desc.o
    0x08004774   0x08004774   0x0000002c   Code   RO          524    i.USBD_FS_ProductStrDescriptor  usbd_desc.o
    0x080047a0   0x080047a0   0x00000024   Code   RO          525    i.USBD_FS_SerialStrDescriptor  usbd_desc.o
    0x080047c4   0x080047c4   0x000000e0   Code   RO         5083    i.USBD_GetDescriptor  usbd_ctlreq.o
    0x080048a4   0x080048a4   0x00000046   Code   RO         5084    i.USBD_GetString    usbd_ctlreq.o
    0x080048ea   0x080048ea   0x0000002a   Code   RO         4946    i.USBD_Init         usbd_core.o
    0x08004914   0x08004914   0x00000020   Code   RO          326    i.USBD_LL_ClearStallEP  usbd_conf.o
    0x08004934   0x08004934   0x00000020   Code   RO          327    i.USBD_LL_CloseEP   usbd_conf.o
    0x08004954   0x08004954   0x000000aa   Code   RO         4947    i.USBD_LL_DataInStage  usbd_core.o
    0x080049fe   0x080049fe   0x0000006a   Code   RO         4948    i.USBD_LL_DataOutStage  usbd_core.o
    0x08004a68   0x08004a68   0x00000008   Code   RO          331    i.USBD_LL_GetRxDataSize  usbd_conf.o
    0x08004a70   0x08004a70   0x0000009c   Code   RO          332    i.USBD_LL_Init      usbd_conf.o
    0x08004b0c   0x08004b0c   0x00000020   Code   RO          333    i.USBD_LL_IsStallEP  usbd_conf.o
    0x08004b2c   0x08004b2c   0x00000026   Code   RO          334    i.USBD_LL_OpenEP    usbd_conf.o
    0x08004b52   0x08004b52   0x00000020   Code   RO          335    i.USBD_LL_PrepareReceive  usbd_conf.o
    0x08004b72   0x08004b72   0x0000003e   Code   RO         4953    i.USBD_LL_Reset     usbd_core.o
    0x08004bb0   0x08004bb0   0x0000000c   Code   RO         4954    i.USBD_LL_Resume    usbd_core.o
    0x08004bbc   0x08004bbc   0x00000018   Code   RO         4955    i.USBD_LL_SOF       usbd_core.o
    0x08004bd4   0x08004bd4   0x00000006   Code   RO         4956    i.USBD_LL_SetSpeed  usbd_core.o
    0x08004bda   0x08004bda   0x00000020   Code   RO          336    i.USBD_LL_SetUSBAddress  usbd_conf.o
    0x08004bfa   0x08004bfa   0x0000005a   Code   RO         4957    i.USBD_LL_SetupStage  usbd_core.o
    0x08004c54   0x08004c54   0x00000020   Code   RO          337    i.USBD_LL_StallEP   usbd_conf.o
    0x08004c74   0x08004c74   0x00000020   Code   RO          338    i.USBD_LL_Start     usbd_conf.o
    0x08004c94   0x08004c94   0x00000012   Code   RO         4958    i.USBD_LL_Suspend   usbd_core.o
    0x08004ca6   0x08004ca6   0x00000020   Code   RO          340    i.USBD_LL_Transmit  usbd_conf.o
    0x08004cc6   0x08004cc6   0x00000028   Code   RO         5085    i.USBD_ParseSetupRequest  usbd_ctlreq.o
    0x08004cee   0x08004cee   0x00000010   Code   RO         4959    i.USBD_RegisterClass  usbd_core.o
    0x08004cfe   0x08004cfe   0x00000016   Code   RO         4961    i.USBD_SetClassConfig  usbd_core.o
    0x08004d14   0x08004d14   0x00000074   Code   RO         5086    i.USBD_SetConfig    usbd_ctlreq.o
    0x08004d88   0x08004d88   0x0000000a   Code   RO         4962    i.USBD_Start        usbd_core.o
    0x08004d92   0x08004d92   0x000000f2   Code   RO         5087    i.USBD_StdDevReq    usbd_ctlreq.o
    0x08004e84   0x08004e84   0x000000dc   Code   RO         5088    i.USBD_StdEPReq     usbd_ctlreq.o
    0x08004f60   0x08004f60   0x00000034   Code   RO         5089    i.USBD_StdItfReq    usbd_ctlreq.o
    0x08004f94   0x08004f94   0x00000002   Code   RO          341    i.USBD_static_free  usbd_conf.o
    0x08004f96   0x08004f96   0x00000002   PAD
    0x08004f98   0x08004f98   0x00000008   Code   RO          342    i.USBD_static_malloc  usbd_conf.o
    0x08004fa0   0x08004fa0   0x0000000c   Code   RO          646    i.USB_LP_CAN_RX0_IRQHandler  stm32f3xx_it.o
    0x08004fac   0x08004fac   0x00000002   Code   RO          647    i.UsageFault_Handler  stm32f3xx_it.o
    0x08004fae   0x08004fae   0x00000002   Code   RO           14    i._Error_Handler    main.o
    0x08004fb0   0x08004fb0   0x00000028   Code   RO         6068    i.__0sprintf        mc_w.l(printfa.o)
    0x08004fd8   0x08004fd8   0x00000030   Code   RO         6126    i.__ARM_fpclassify  m_wm.l(fpclassify.o)
    0x08005008   0x08005008   0x000002d8   Code   RO         5787    i.__hardfp_atan     m_wm.l(atan.o)
    0x080052e0   0x080052e0   0x0000007a   Code   RO         5801    i.__hardfp_sqrt     m_wm.l(sqrt.o)
    0x0800535a   0x0800535a   0x000000f8   Code   RO         6128    i.__kernel_poly     m_wm.l(poly.o)
    0x08005452   0x08005452   0x00000014   Code   RO         6107    i.__mathlib_dbl_infnan  m_wm.l(dunder.o)
    0x08005466   0x08005466   0x00000002   PAD
    0x08005468   0x08005468   0x00000020   Code   RO         6112    i.__mathlib_dbl_underflow  m_wm.l(dunder.o)
    0x08005488   0x08005488   0x0000000e   Code   RO         6178    i.__scatterload_copy  mc_w.l(handlers.o)
    0x08005496   0x08005496   0x00000002   Code   RO         6179    i.__scatterload_null  mc_w.l(handlers.o)
    0x08005498   0x08005498   0x0000000e   Code   RO         6180    i.__scatterload_zeroinit  mc_w.l(handlers.o)
    0x080054a6   0x080054a6   0x00000002   PAD
    0x080054a8   0x080054a8   0x0000000c   Code   RO         6154    i.__set_errno       mc_w.l(errno.o)
    0x080054b4   0x080054b4   0x00000184   Code   RO         6073    i._fp_digits        mc_w.l(printfa.o)
    0x08005638   0x08005638   0x000006dc   Code   RO         6074    i._printf_core      mc_w.l(printfa.o)
    0x08005d14   0x08005d14   0x00000024   Code   RO         6075    i._printf_post_padding  mc_w.l(printfa.o)
    0x08005d38   0x08005d38   0x0000002e   Code   RO         6076    i._printf_pre_padding  mc_w.l(printfa.o)
    0x08005d66   0x08005d66   0x0000000a   Code   RO         6078    i._sputc            mc_w.l(printfa.o)
    0x08005d70   0x08005d70   0x00000018   Code   RO         6122    i.fabs              m_wm.l(fabs.o)
    0x08005d88   0x08005d88   0x00000058   Code   RO           15    i.main              main.o
    0x08005de0   0x08005de0   0x0000000c   Code   RO         4568    i.makeFreeRtosPriority  cmsis_os.o
    0x08005dec   0x08005dec   0x0000000e   Code   RO         4570    i.osDelay           cmsis_os.o
    0x08005dfa   0x08005dfa   0x0000000a   Code   RO         4573    i.osKernelStart     cmsis_os.o
    0x08005e04   0x08005e04   0x00000014   Code   RO         4606    i.osSystickHandler  cmsis_os.o
    0x08005e18   0x08005e18   0x0000002e   Code   RO         4607    i.osThreadCreate    cmsis_os.o
    0x08005e46   0x08005e46   0x00000002   PAD
    0x08005e48   0x08005e48   0x00000070   Code   RO         4279    i.prvAddCurrentTaskToDelayedList  tasks.o
    0x08005eb8   0x08005eb8   0x000000d0   Code   RO         4280    i.prvAddNewTaskToReadyList  tasks.o
    0x08005f88   0x08005f88   0x00000050   Code   RO         4281    i.prvCheckTasksWaitingTermination  tasks.o
    0x08005fd8   0x08005fd8   0x00000014   Code   RO         4282    i.prvDeleteTCB      tasks.o
    0x08005fec   0x08005fec   0x0000004c   Code   RO         3866    i.prvHeapInit       heap_4.o
    0x08006038   0x08006038   0x00000028   Code   RO         4283    i.prvIdleTask       tasks.o
    0x08006060   0x08006060   0x0000008e   Code   RO         4284    i.prvInitialiseNewTask  tasks.o
    0x080060ee   0x080060ee   0x00000002   PAD
    0x080060f0   0x080060f0   0x0000004c   Code   RO         3867    i.prvInsertBlockIntoFreeList  heap_4.o
    0x0800613c   0x0800613c   0x00000020   Code   RO         4285    i.prvResetNextTaskUnblockTime  tasks.o
    0x0800615c   0x0800615c   0x00000028   Code   RO         3937    i.prvTaskExitError  port.o
    0x08006184   0x08006184   0x000000d8   Code   RO         3868    i.pvPortMalloc      heap_4.o
    0x0800625c   0x0800625c   0x0000002c   Code   RO         3938    i.pxPortInitialiseStack  port.o
    0x08006288   0x08006288   0x00000024   Code   RO         4102    i.uxListRemove      list.o
    0x080062ac   0x080062ac   0x00000016   Code   RO         4103    i.vListInitialise   list.o
    0x080062c2   0x080062c2   0x00000006   Code   RO         4104    i.vListInitialiseItem  list.o
    0x080062c8   0x080062c8   0x00000030   Code   RO         4105    i.vListInsert       list.o
    0x080062f8   0x080062f8   0x00000018   Code   RO         4106    i.vListInsertEnd    list.o
    0x08006310   0x08006310   0x00000040   Code   RO         3940    i.vPortEnterCritical  port.o
    0x08006350   0x08006350   0x00000028   Code   RO         3941    i.vPortExitCritical  port.o
    0x08006378   0x08006378   0x0000005c   Code   RO         3869    i.vPortFree         heap_4.o
    0x080063d4   0x080063d4   0x00000020   Code   RO         3942    i.vPortSetupTimerInterrupt  port.o
    0x080063f4   0x080063f4   0x0000004c   Code   RO         4293    i.vTaskDelay        tasks.o
    0x08006440   0x08006440   0x00000068   Code   RO         4304    i.vTaskStartScheduler  tasks.o
    0x080064a8   0x080064a8   0x00000010   Code   RO         4306    i.vTaskSuspendAll   tasks.o
    0x080064b8   0x080064b8   0x0000005c   Code   RO         4307    i.vTaskSwitchContext  tasks.o
    0x08006514   0x08006514   0x000000e0   Code   RO         3944    i.xPortStartScheduler  port.o
    0x080065f4   0x080065f4   0x0000002c   Code   RO         3945    i.xPortSysTickHandler  port.o
    0x08006620   0x08006620   0x00000056   Code   RO         4309    i.xTaskCreate       tasks.o
    0x08006676   0x08006676   0x00000002   PAD
    0x08006678   0x08006678   0x0000001c   Code   RO         4313    i.xTaskGetSchedulerState  tasks.o
    0x08006694   0x08006694   0x000000c8   Code   RO         4316    i.xTaskIncrementTick  tasks.o
    0x0800675c   0x0800675c   0x000000c4   Code   RO         4322    i.xTaskResumeAll    tasks.o
    0x08006820   0x08006820   0x00000028   Data   RO           16    .constdata          main.o
    0x08006848   0x08006848   0x00000020   Data   RO         3071    .constdata          stm32f3xx_hal_rcc.o
    0x08006868   0x08006868   0x00000010   Data   RO         3833    .constdata          system_stm32f3xx.o
    0x08006878   0x08006878   0x00000008   Data   RO         3834    .constdata          system_stm32f3xx.o
    0x08006880   0x08006880   0x00000098   Data   RO         5790    .constdata          m_wm.l(atan.o)
    0x08006918   0x08006918   0x0000001c   Data   RO           17    .conststring        main.o
    0x08006934   0x08006934   0x00000020   Data   RO         6176    Region$$Table       anon$$obj.o


    Execution Region RW_IRAM1 (Exec base: 0x20000000, Load base: 0x08006954, Size: 0x000026e8, Max: 0x0000a000, ABSOLUTE, COMPRESSED[0x0000010c])

    Exec Addr    Load Addr    Size         Type   Attr      Idx    E Section Name        Object

    0x20000000   COMPRESSED   0x00000008   Data   RW           18    .data               main.o
    0x20000008   COMPRESSED   0x0000001c   Data   RW          527    .data               usbd_desc.o
    0x20000024   COMPRESSED   0x00000016   Data   RW          528    .data               usbd_desc.o
    0x2000003a   COMPRESSED   0x00000002   PAD
    0x2000003c   COMPRESSED   0x00000010   Data   RW          593    .data               usbd_cdc_if.o
    0x2000004c   COMPRESSED   0x00000004   PAD
    0x20000050   COMPRESSED   0x00000030   Data   RW          810    .data               initmain.o
    0x20000080   COMPRESSED   0x0000000c   Data   RW         2908    .data               stm32f3xx_hal.o
    0x2000008c   COMPRESSED   0x00000004   Data   RW         3835    .data               system_stm32f3xx.o
    0x20000090   COMPRESSED   0x00000018   Data   RW         3874    .data               heap_4.o
    0x200000a8   COMPRESSED   0x0000000c   Data   RW         3946    .data               port.o
    0x200000b4   COMPRESSED   0x0000003c   Data   RW         4325    .data               tasks.o
    0x200000f0   COMPRESSED   0x00000001   Data   RW         5090    .data               usbd_ctlreq.o
    0x200000f1   COMPRESSED   0x00000003   PAD
    0x200000f4   COMPRESSED   0x000000db   Data   RW         5222    .data               usbd_cdc.o
    0x200001cf   COMPRESSED   0x00000001   PAD
    0x200001d0   COMPRESSED   0x00000038   Data   RW         5223    .data               usbd_cdc.o
    0x20000208   COMPRESSED   0x0000002c   Data   RW         5320    .data               l3gd20.o
    0x20000234   COMPRESSED   0x0000002c   Data   RW         5400    .data               lsm303dlhc.o
    0x20000260   COMPRESSED   0x00000004   Data   RW         5510    .data               stm32f3_discovery_accelerometer.o
    0x20000264   COMPRESSED   0x00000004   Data   RW         5552    .data               stm32f3_discovery_gyroscope.o
    0x20000268   COMPRESSED   0x0000002c   Data   RW         5626    .data               stm32f3_discovery.o
    0x20000294   COMPRESSED   0x00000004   Data   RW         6155    .data               mc_w.l(errno.o)
    0x20000298        -       0x00000224   Zero   RW          276    .bss                usb_device.o
    0x200004bc        -       0x000005c8   Zero   RW          343    .bss                usbd_conf.o
    0x20000a84        -       0x00000200   Zero   RW          526    .bss                usbd_desc.o
    0x20000c84        -       0x000007d0   Zero   RW          592    .bss                usbd_cdc_if.o
    0x20001454        -       0x00000040   Zero   RW          766    .bss                stm32f3xx_hal_timebase_tim.o
    0x20001494        -       0x000000b0   Zero   RW          809    .bss                initmain.o
    0x20001544        -       0x00000c00   Zero   RW         3873    .bss                heap_4.o
    0x20002144        -       0x000000f0   Zero   RW         4324    .bss                tasks.o
    0x20002234        -       0x000000b0   Zero   RW         5623    .bss                stm32f3_discovery.o
    0x200022e4   COMPRESSED   0x00000004   PAD
    0x200022e8        -       0x00000400   Zero   RW            1    STACK               startup_stm32f303xc.o


==============================================================================

Image component sizes


      Code (inc. data)   RO Data    RW Data    ZI Data      Debug   Object Name

       102          0          0          0          0      13548   cmsis_os.o
         0          0          0          0          0       8132   event_groups.o
       460         24          0         24       3072       8991   heap_4.o
      1170        236          0         48        176       5502   initmain.o
       590         18          0         44          0       5924   l3gd20.o
       136          0          0          0          0       3706   list.o
       528          0          0         44          0       7106   lsm303dlhc.o
       104          8         68          8          0     615307   main.o
       674         74          0         12          0      11328   port.o
        36          8        392          0       1024        864   startup_stm32f303xc.o
       908        100          0         44        176       9453   stm32f3_discovery.o
        68         14          0          4          0       1990   stm32f3_discovery_accelerometer.o
        84         14          0          4          0       1966   stm32f3_discovery_gyroscope.o
        64         14          0         12          0      12250   stm32f3xx_hal.o
       218         14          0          0          0      31217   stm32f3xx_hal_cortex.o
       694         54          0          0          0       3979   stm32f3xx_hal_gpio.o
      1636         40          0          0          0      13722   stm32f3xx_hal_i2c.o
       168          0          0          0          0       1995   stm32f3xx_hal_i2c_ex.o
       356         50          0          0          0       3458   stm32f3xx_hal_msp.o
      3192          0          0          0          0      12314   stm32f3xx_hal_pcd.o
       142          0          0          0          0       2971   stm32f3xx_hal_pcd_ex.o
      1972         76         32          0          0       6486   stm32f3xx_hal_rcc.o
       536         14          0          0          0       1648   stm32f3xx_hal_rcc_ex.o
      1186          0          0          0          0       7113   stm32f3xx_hal_spi.o
       652         30          0          0          0       7380   stm32f3xx_hal_tim.o
         6          0          0          0          0       2329   stm32f3xx_hal_tim_ex.o
       116         14          0          0         64       1532   stm32f3xx_hal_timebase_tim.o
        40         12          0          0          0       4353   stm32f3xx_it.o
       104         22         24          4          0       1247   system_stm32f3xx.o
      1432        122          0         60        240      16515   tasks.o
        56         18          0          0        548        780   usb_device.o
       590         22          0        275          0      13590   usbd_cdc.o
       112         22          0         16       2000       3480   usbd_cdc_if.o
       692         48          0          0       1480      14537   usbd_conf.o
       592          0          0          0          0       9948   usbd_core.o
       986         30          0          1          0       8232   usbd_ctlreq.o
       212        116          0         50        512       5359   usbd_desc.o
       132          0          0          0          0       4696   usbd_ioreq.o

    ----------------------------------------------------------------------
     20784       1214        548        660       9296     884948   Object Totals
         0          0         32          0          0          0   (incl. Generated)
        38          0          0         10          4          0   (incl. Padding)

    ----------------------------------------------------------------------

      Code (inc. data)   RO Data    RW Data    ZI Data      Debug   Library Member Name

       728        106        152          0          0        228   atan.o
        52          8          0          0          0        248   dunder.o
        24          0          0          0          0        124   fabs.o
        48          0          0          0          0        124   fpclassify.o
       248          0          0          0          0        152   poly.o
       122          0          0          0          0        148   sqrt.o
        86          0          0          0          0          0   __dczerorl2.o
         0          0          0          0          0          0   entry.o
         0          0          0          0          0          0   entry10a.o
         0          0          0          0          0          0   entry11a.o
         8          4          0          0          0          0   entry2.o
         4          0          0          0          0          0   entry5.o
         0          0          0          0          0          0   entry7b.o
         0          0          0          0          0          0   entry8b.o
         8          4          0          0          0          0   entry9a.o
        12          6          0          4          0         68   errno.o
        30          0          0          0          0          0   handlers.o
        36          8          0          0          0         68   init.o
         0          0          0          0          0          0   iusefp.o
        30          0          0          0          0         68   llshl.o
        36          0          0          0          0         68   llsshr.o
        32          0          0          0          0         68   llushr.o
        36          0          0          0          0         68   memcpya.o
        36          0          0          0          0        108   memseta.o
      2276         86          0          0          0        520   printfa.o
        14          0          0          0          0         68   strlen.o
        44          0          0          0          0         80   uidiv.o
        98          0          0          0          0         92   uldiv.o
        48          0          0          0          0         68   cdrcmple.o
        56          0          0          0          0         88   d2f.o
       334          0          0          0          0        148   dadd.o
       222          0          0          0          0        100   ddiv.o
       186          0          0          0          0        176   depilogue.o
        48          0          0          0          0         68   dfixul.o
        34          0          0          0          0         76   dflti.o
       228          0          0          0          0         96   dmul.o
       162          0          0          0          0        100   dsqrt.o
        38          0          0          0          0         68   f2d.o
       110          0          0          0          0        168   fepilogue.o

    ----------------------------------------------------------------------
      5480        222        152          4          0       3456   Library Totals
         6          0          0          0          0          0   (incl. Padding)

    ----------------------------------------------------------------------

      Code (inc. data)   RO Data    RW Data    ZI Data      Debug   Library Name

      1222        114        152          0          0       1024   m_wm.l
      2786        108          0          4          0       1276   mc_w.l
      1466          0          0          0          0       1156   mf_w.l

    ----------------------------------------------------------------------
      5480        222        152          4          0       3456   Library Totals

    ----------------------------------------------------------------------

==============================================================================


      Code (inc. data)   RO Data    RW Data    ZI Data      Debug   

     26264       1436        700        664       9296     863240   Grand Totals
     26264       1436        700        268       9296     863240   ELF Image Totals (compressed)
     26264       1436        700        268          0          0   ROM Totals

==============================================================================

    Total RO  Size (Code + RO Data)                26964 (  26.33kB)
    Total RW  Size (RW Data + ZI Data)              9960 (   9.73kB)
    Total ROM Size (Code + RO Data + RW Data)      27232 (  26.59kB)

==============================================================================

